Archive member included to satisfy reference by file (symbol)

c:/program files (x86)/atollic/truestudio for stm32 9.0.1/armtools/bin/../lib/gcc/arm-atollic-eabi/6.3.1/../../../../arm-atollic-eabi/lib/armv7-m\libc_nano.a(lib_a-init.o)
                              startup\startup_stm32f103xb.o (__libc_init_array)
c:/program files (x86)/atollic/truestudio for stm32 9.0.1/armtools/bin/../lib/gcc/arm-atollic-eabi/6.3.1/../../../../arm-atollic-eabi/lib/armv7-m\libc_nano.a(lib_a-memset.o)
                              Drivers\STM32F1xx_HAL_Driver\Src\stm32f1xx_hal_rcc.o (memset)
c:/program files (x86)/atollic/truestudio for stm32 9.0.1/armtools/bin/../lib/gcc/arm-atollic-eabi/6.3.1/../../../../arm-atollic-eabi/lib/armv7-m\libc_nano.a(lib_a-strlen.o)
                              Src\fonts.o (strlen)
c:/program files (x86)/atollic/truestudio for stm32 9.0.1/armtools/bin/../lib/gcc/arm-atollic-eabi/6.3.1/../../../../arm-atollic-eabi/lib/armv7-m\libm.a(lib_a-w_atan2.o)
                              Src\Accel.o (atan2)
c:/program files (x86)/atollic/truestudio for stm32 9.0.1/armtools/bin/../lib/gcc/arm-atollic-eabi/6.3.1/../../../../arm-atollic-eabi/lib/armv7-m\libm.a(lib_a-w_exp.o)
                              Src\fuzzy.o (exp)
c:/program files (x86)/atollic/truestudio for stm32 9.0.1/armtools/bin/../lib/gcc/arm-atollic-eabi/6.3.1/../../../../arm-atollic-eabi/lib/armv7-m\libm.a(lib_a-w_sqrt.o)
                              Src\Accel.o (sqrt)
c:/program files (x86)/atollic/truestudio for stm32 9.0.1/armtools/bin/../lib/gcc/arm-atollic-eabi/6.3.1/../../../../arm-atollic-eabi/lib/armv7-m\libm.a(lib_a-e_atan2.o)
                              c:/program files (x86)/atollic/truestudio for stm32 9.0.1/armtools/bin/../lib/gcc/arm-atollic-eabi/6.3.1/../../../../arm-atollic-eabi/lib/armv7-m\libm.a(lib_a-w_atan2.o) (__ieee754_atan2)
c:/program files (x86)/atollic/truestudio for stm32 9.0.1/armtools/bin/../lib/gcc/arm-atollic-eabi/6.3.1/../../../../arm-atollic-eabi/lib/armv7-m\libm.a(lib_a-e_exp.o)
                              c:/program files (x86)/atollic/truestudio for stm32 9.0.1/armtools/bin/../lib/gcc/arm-atollic-eabi/6.3.1/../../../../arm-atollic-eabi/lib/armv7-m\libm.a(lib_a-w_exp.o) (__ieee754_exp)
c:/program files (x86)/atollic/truestudio for stm32 9.0.1/armtools/bin/../lib/gcc/arm-atollic-eabi/6.3.1/../../../../arm-atollic-eabi/lib/armv7-m\libm.a(lib_a-e_sqrt.o)
                              c:/program files (x86)/atollic/truestudio for stm32 9.0.1/armtools/bin/../lib/gcc/arm-atollic-eabi/6.3.1/../../../../arm-atollic-eabi/lib/armv7-m\libm.a(lib_a-w_sqrt.o) (__ieee754_sqrt)
c:/program files (x86)/atollic/truestudio for stm32 9.0.1/armtools/bin/../lib/gcc/arm-atollic-eabi/6.3.1/../../../../arm-atollic-eabi/lib/armv7-m\libm.a(lib_a-s_atan.o)
                              c:/program files (x86)/atollic/truestudio for stm32 9.0.1/armtools/bin/../lib/gcc/arm-atollic-eabi/6.3.1/../../../../arm-atollic-eabi/lib/armv7-m\libm.a(lib_a-e_atan2.o) (atan)
c:/program files (x86)/atollic/truestudio for stm32 9.0.1/armtools/bin/../lib/gcc/arm-atollic-eabi/6.3.1/../../../../arm-atollic-eabi/lib/armv7-m\libm.a(lib_a-s_fabs.o)
                              c:/program files (x86)/atollic/truestudio for stm32 9.0.1/armtools/bin/../lib/gcc/arm-atollic-eabi/6.3.1/../../../../arm-atollic-eabi/lib/armv7-m\libm.a(lib_a-e_atan2.o) (fabs)
c:/program files (x86)/atollic/truestudio for stm32 9.0.1/armtools/bin/../lib/gcc/arm-atollic-eabi/6.3.1/../../../../arm-atollic-eabi/lib/armv7-m\libm.a(lib_a-s_finite.o)
                              c:/program files (x86)/atollic/truestudio for stm32 9.0.1/armtools/bin/../lib/gcc/arm-atollic-eabi/6.3.1/../../../../arm-atollic-eabi/lib/armv7-m\libm.a(lib_a-w_exp.o) (finite)
c:/program files (x86)/atollic/truestudio for stm32 9.0.1/armtools/bin/../lib/gcc/arm-atollic-eabi/6.3.1/../../../../arm-atollic-eabi/lib/armv7-m\libm.a(lib_a-s_lib_ver.o)
                              c:/program files (x86)/atollic/truestudio for stm32 9.0.1/armtools/bin/../lib/gcc/arm-atollic-eabi/6.3.1/../../../../arm-atollic-eabi/lib/armv7-m\libm.a(lib_a-w_exp.o) (__fdlib_version)
c:/program files (x86)/atollic/truestudio for stm32 9.0.1/armtools/bin/../lib/gcc/arm-atollic-eabi/6.3.1/../../../../arm-atollic-eabi/lib/armv7-m\libm.a(lib_a-s_matherr.o)
                              c:/program files (x86)/atollic/truestudio for stm32 9.0.1/armtools/bin/../lib/gcc/arm-atollic-eabi/6.3.1/../../../../arm-atollic-eabi/lib/armv7-m\libm.a(lib_a-w_exp.o) (matherr)
c:/program files (x86)/atollic/truestudio for stm32 9.0.1/armtools/bin/../lib/gcc/arm-atollic-eabi/6.3.1/../../../../arm-atollic-eabi/lib/armv7-m\libc_nano.a(lib_a-errno.o)
                              c:/program files (x86)/atollic/truestudio for stm32 9.0.1/armtools/bin/../lib/gcc/arm-atollic-eabi/6.3.1/../../../../arm-atollic-eabi/lib/armv7-m\libm.a(lib_a-w_exp.o) (__errno)
[...]
Memory Configuration

Name             Origin             Length             Attributes
RAM              0x20000000         0x00005000         xrw
FLASH            0x08000000         0x00010000         xr
*default*        0x00000000         0xffffffff

Linker script and memory map

LOAD c:/program files (x86)/atollic/truestudio for stm32 9.0.1/armtools/bin/../lib/gcc/arm-atollic-eabi/6.3.1/armv7-m/crti.o
LOAD c:/program files (x86)/atollic/truestudio for stm32 9.0.1/armtools/bin/../lib/gcc/arm-atollic-eabi/6.3.1/armv7-m/crtbegin.o
LOAD Drivers\STM32F1xx_HAL_Driver\Src\stm32f1xx_hal.o
LOAD Drivers\STM32F1xx_HAL_Driver\Src\stm32f1xx_hal_cortex.o
LOAD Drivers\STM32F1xx_HAL_Driver\Src\stm32f1xx_hal_dma.o
LOAD Drivers\STM32F1xx_HAL_Driver\Src\stm32f1xx_hal_flash.o
LOAD Drivers\STM32F1xx_HAL_Driver\Src\stm32f1xx_hal_flash_ex.o
LOAD Drivers\STM32F1xx_HAL_Driver\Src\stm32f1xx_hal_gpio.o
LOAD Drivers\STM32F1xx_HAL_Driver\Src\stm32f1xx_hal_gpio_ex.o
LOAD Drivers\STM32F1xx_HAL_Driver\Src\stm32f1xx_hal_i2c.o
LOAD Drivers\STM32F1xx_HAL_Driver\Src\stm32f1xx_hal_pwr.o
LOAD Drivers\STM32F1xx_HAL_Driver\Src\stm32f1xx_hal_rcc.o
LOAD Drivers\STM32F1xx_HAL_Driver\Src\stm32f1xx_hal_rcc_ex.o
LOAD Drivers\STM32F1xx_HAL_Driver\Src\stm32f1xx_hal_tim.o
LOAD Drivers\STM32F1xx_HAL_Driver\Src\stm32f1xx_hal_tim_ex.o
LOAD Src\Accel.o
LOAD Src\PID.o
LOAD Src\flightcontrol.o
LOAD Src\fonts.o
LOAD Src\fuzzy.o
LOAD Src\gpio.o
LOAD Src\i2c.o
LOAD Src\main.o
LOAD Src\ssd1306.o
LOAD Src\stm32f1xx_hal_msp.o
LOAD Src\stm32f1xx_it.o
LOAD Src\system_stm32f1xx.o
LOAD Src\tim.o
LOAD startup\startup_stm32f103xb.o
                0x00000080                malloc_getpagesize_P = 0x80
START GROUP
LOAD c:/program files (x86)/atollic/truestudio for stm32 9.0.1/armtools/bin/../lib/gcc/arm-atollic-eabi/6.3.1/../../../../arm-atollic-eabi/lib/armv7-m\libc_nano.a
LOAD c:/program files (x86)/atollic/truestudio for stm32 9.0.1/armtools/bin/../lib/gcc/arm-atollic-eabi/6.3.1/../../../../arm-atollic-eabi/lib/armv7-m\libm.a
END GROUP
START GROUP
LOAD c:/program files (x86)/atollic/truestudio for stm32 9.0.1/armtools/bin/../lib/gcc/arm-atollic-eabi/6.3.1/armv7-m\libgcc.a
LOAD c:/program files (x86)/atollic/truestudio for stm32 9.0.1/armtools/bin/../lib/gcc/arm-atollic-eabi/6.3.1/../../../../arm-atollic-eabi/lib/armv7-m\libc_nano.a
END GROUP
START GROUP
LOAD c:/program files (x86)/atollic/truestudio for stm32 9.0.1/armtools/bin/../lib/gcc/arm-atollic-eabi/6.3.1/armv7-m\libgcc.a
LOAD c:/program files (x86)/atollic/truestudio for stm32 9.0.1/armtools/bin/../lib/gcc/arm-atollic-eabi/6.3.1/../../../../arm-atollic-eabi/lib/armv7-m\libc_nano.a
LOAD c:/program files (x86)/atollic/truestudio for stm32 9.0.1/armtools/bin/../lib/gcc/arm-atollic-eabi/6.3.1/../../../../arm-atollic-eabi/lib/armv7-m\libnosys.a
END GROUP
START GROUP
LOAD c:/program files (x86)/atollic/truestudio for stm32 9.0.1/armtools/bin/../lib/gcc/arm-atollic-eabi/6.3.1/armv7-m\libgcc.a
LOAD c:/program files (x86)/atollic/truestudio for stm32 9.0.1/armtools/bin/../lib/gcc/arm-atollic-eabi/6.3.1/../../../../arm-atollic-eabi/lib/armv7-m\libc_nano.a
LOAD c:/program files (x86)/atollic/truestudio for stm32 9.0.1/armtools/bin/../lib/gcc/arm-atollic-eabi/6.3.1/../../../../arm-atollic-eabi/lib/armv7-m\libnosys.a
END GROUP
LOAD c:/program files (x86)/atollic/truestudio for stm32 9.0.1/armtools/bin/../lib/gcc/arm-atollic-eabi/6.3.1/armv7-m/crtend.o
LOAD c:/program files (x86)/atollic/truestudio for stm32 9.0.1/armtools/bin/../lib/gcc/arm-atollic-eabi/6.3.1/armv7-m/crtn.o
                0x20005000                _estack = 0x20005000
                0x00000200                _Min_Heap_Size = 0x200
                0x00000400                _Min_Stack_Size = 0x400

.isr_vector     0x08000000      0x10c
                0x08000000                . = ALIGN (0x4)
 *(.isr_vector)
 .isr_vector    0x08000000      0x10c startup\startup_stm32f103xb.o
                0x08000000                g_pfnVectors
                0x0800010c                . = ALIGN (0x4)

.text           0x08000110     0x4354
                0x08000110                . = ALIGN (0x4)
 *(.text)
 .text          0x08000110       0x40 c:/program files (x86)/atollic/truestudio for stm32 9.0.1/armtools/bin/../lib/gcc/arm-atollic-eabi/6.3.1/armv7-m/crtbegin.o
 .text          0x08000150      0x370 c:/program files (x86)/atollic/truestudio for stm32 9.0.1/armtools/bin/../lib/gcc/arm-atollic-eabi/6.3.1/armv7-m\libgcc.a(_arm_addsubdf3.o)
                0x08000150                __aeabi_drsub
                0x08000158                __aeabi_dsub
                0x08000158                __subdf3
                0x0800015c                __aeabi_dadd
                0x0800015c                __adddf3
                0x080003d4                __floatunsidf
                0x080003d4                __aeabi_ui2d
                0x080003f4                __floatsidf
                0x080003f4                __aeabi_i2d
                0x08000418                __aeabi_f2d
                0x08000418                __extendsfdf2
                0x08000454                __floatundidf
                0x08000454                __aeabi_ul2d
                0x08000464                __floatdidf
                0x08000464                __aeabi_l2d
 .text          0x080004c0      0x424 c:/program files (x86)/atollic/truestudio for stm32 9.0.1/armtools/bin/../lib/gcc/arm-atollic-eabi/6.3.1/armv7-m\libgcc.a(_arm_muldivdf3.o)
                0x080004c0                __aeabi_dmul
                0x080004c0                __muldf3
                0x08000714                __divdf3
                0x08000714                __aeabi_ddiv
 .text          0x080008e4      0x110 c:/program files (x86)/atollic/truestudio for stm32 9.0.1/armtools/bin/../lib/gcc/arm-atollic-eabi/6.3.1/armv7-m\libgcc.a(_arm_cmpdf2.o)
                0x080008e4                __gtdf2
                0x080008e4                __gedf2
                0x080008ec                __ltdf2
                0x080008ec                __ledf2
                0x080008f4                __nedf2
                0x080008f4                __eqdf2
                0x080008f4                __cmpdf2
                0x08000970                __aeabi_cdrcmple
                0x08000980                __aeabi_cdcmpeq
                0x08000980                __aeabi_cdcmple
                0x08000990                __aeabi_dcmpeq
                0x080009a4                __aeabi_dcmplt
                0x080009b8                __aeabi_dcmple
                0x080009cc                __aeabi_dcmpge
                0x080009e0                __aeabi_dcmpgt
 .text          0x080009f4       0x2c c:/program files (x86)/atollic/truestudio for stm32 9.0.1/armtools/bin/../lib/gcc/arm-atollic-eabi/6.3.1/armv7-m\libgcc.a(_arm_unorddf2.o)
                0x080009f4                __unorddf2
                0x080009f4                __aeabi_dcmpun
 .text          0x08000a20       0x50 c:/program files (x86)/atollic/truestudio for stm32 9.0.1/armtools/bin/../lib/gcc/arm-atollic-eabi/6.3.1/armv7-m\libgcc.a(_arm_fixdfsi.o)
                0x08000a20                __aeabi_d2iz
                0x08000a20                __fixdfsi
 .text          0x08000a70       0x40 c:/program files (x86)/atollic/truestudio for stm32 9.0.1/armtools/bin/../lib/gcc/arm-atollic-eabi/6.3.1/armv7-m\libgcc.a(_arm_fixunsdfsi.o)
                0x08000a70                __aeabi_d2uiz
                0x08000a70                __fixunsdfsi
 .text          0x08000ab0      0x21c c:/program files (x86)/atollic/truestudio for stm32 9.0.1/armtools/bin/../lib/gcc/arm-atollic-eabi/6.3.1/armv7-m\libgcc.a(_arm_addsubsf3.o)
                0x08000ab0                __aeabi_frsub
                0x08000ab8                __subsf3
                0x08000ab8                __aeabi_fsub
                0x08000abc                __aeabi_fadd
                0x08000abc                __addsf3
                0x08000c1c                __aeabi_ui2f
                0x08000c1c                __floatunsisf
                0x08000c24                __aeabi_i2f
                0x08000c24                __floatsisf
                0x08000c40                __aeabi_ul2f
                0x08000c40                __floatundisf
                0x08000c50                __aeabi_l2f
                0x08000c50                __floatdisf
 .text          0x08000ccc      0x2a0 c:/program files (x86)/atollic/truestudio for stm32 9.0.1/armtools/bin/../lib/gcc/arm-atollic-eabi/6.3.1/armv7-m\libgcc.a(_arm_muldivsf3.o)
                0x08000ccc                __mulsf3
                0x08000ccc                __aeabi_fmul
                0x08000e34                __aeabi_fdiv
                0x08000e34                __divsf3
 .text          0x08000f6c       0x4c c:/program files (x86)/atollic/truestudio for stm32 9.0.1/armtools/bin/../lib/gcc/arm-atollic-eabi/6.3.1/armv7-m\libgcc.a(_arm_fixsfsi.o)
                0x08000f6c                __aeabi_f2iz
                0x08000f6c                __fixsfsi
 *(.text*)
 .text.HAL_InitTick
                0x08000fb8       0x48 Drivers\STM32F1xx_HAL_Driver\Src\stm32f1xx_hal.o
                0x08000fb8                HAL_InitTick
 .text.HAL_Init
                0x08001000       0x24 Drivers\STM32F1xx_HAL_Driver\Src\stm32f1xx_hal.o
                0x08001000                HAL_Init
 .text.HAL_IncTick
                0x08001024       0x18 Drivers\STM32F1xx_HAL_Driver\Src\stm32f1xx_hal.o
                0x08001024                HAL_IncTick
 .text.HAL_GetTick
                0x0800103c        0xc Drivers\STM32F1xx_HAL_Driver\Src\stm32f1xx_hal.o
                0x0800103c                HAL_GetTick
 .text.HAL_Delay
                0x08001048       0x24 Drivers\STM32F1xx_HAL_Driver\Src\stm32f1xx_hal.o
                0x08001048                HAL_Delay
 .text.HAL_NVIC_SetPriorityGrouping
                0x0800106c       0x24 Drivers\STM32F1xx_HAL_Driver\Src\stm32f1xx_hal_cortex.o
                0x0800106c                HAL_NVIC_SetPriorityGrouping
 .text.HAL_NVIC_SetPriority
                0x08001090       0x68 Drivers\STM32F1xx_HAL_Driver\Src\stm32f1xx_hal_cortex.o
                0x08001090                HAL_NVIC_SetPriority
 .text.HAL_NVIC_EnableIRQ
                0x080010f8       0x18 Drivers\STM32F1xx_HAL_Driver\Src\stm32f1xx_hal_cortex.o
                0x080010f8                HAL_NVIC_EnableIRQ
 .text.HAL_SYSTICK_Config
                0x08001110       0x2c Drivers\STM32F1xx_HAL_Driver\Src\stm32f1xx_hal_cortex.o
                0x08001110                HAL_SYSTICK_Config
 .text.HAL_GPIO_Init
                0x0800113c      0x1c0 Drivers\STM32F1xx_HAL_Driver\Src\stm32f1xx_hal_gpio.o
                0x0800113c                HAL_GPIO_Init
 .text.I2C_IsAcknowledgeFailed
                0x080012fc       0x2a Drivers\STM32F1xx_HAL_Driver\Src\stm32f1xx_hal_i2c.o
 .text.I2C_WaitOnMasterAddressFlagUntilTimeout
                0x08001326       0x80 Drivers\STM32F1xx_HAL_Driver\Src\stm32f1xx_hal_i2c.o
 .text.I2C_WaitOnFlagUntilTimeout
                0x080013a6       0x5c Drivers\STM32F1xx_HAL_Driver\Src\stm32f1xx_hal_i2c.o
 .text.I2C_WaitOnTXEFlagUntilTimeout
                0x08001402       0x4c Drivers\STM32F1xx_HAL_Driver\Src\stm32f1xx_hal_i2c.o
 *fill*         0x0800144e        0x2 
 .text.I2C_RequestMemoryWrite
                0x08001450       0xa4 Drivers\STM32F1xx_HAL_Driver\Src\stm32f1xx_hal_i2c.o
 .text.I2C_RequestMemoryRead
                0x080014f4       0xf4 Drivers\STM32F1xx_HAL_Driver\Src\stm32f1xx_hal_i2c.o
 .text.I2C_WaitOnRXNEFlagUntilTimeout
                0x080015e8       0x5a Drivers\STM32F1xx_HAL_Driver\Src\stm32f1xx_hal_i2c.o
 .text.I2C_WaitOnBTFFlagUntilTimeout
                0x08001642       0x4c Drivers\STM32F1xx_HAL_Driver\Src\stm32f1xx_hal_i2c.o
 *fill*         0x0800168e        0x2 
 .text.HAL_I2C_Init
                0x08001690      0x100 Drivers\STM32F1xx_HAL_Driver\Src\stm32f1xx_hal_i2c.o
                0x08001690                HAL_I2C_Init
 .text.HAL_I2C_Master_Transmit
                0x08001790      0x1ac Drivers\STM32F1xx_HAL_Driver\Src\stm32f1xx_hal_i2c.o
                0x08001790                HAL_I2C_Master_Transmit
 .text.HAL_I2C_Mem_Write
                0x0800193c      0x12c Drivers\STM32F1xx_HAL_Driver\Src\stm32f1xx_hal_i2c.o
                0x0800193c                HAL_I2C_Mem_Write
 .text.HAL_I2C_Mem_Read
                0x08001a68      0x240 Drivers\STM32F1xx_HAL_Driver\Src\stm32f1xx_hal_i2c.o
                0x08001a68                HAL_I2C_Mem_Read
 .text.HAL_I2C_IsDeviceReady
                0x08001ca8      0x160 Drivers\STM32F1xx_HAL_Driver\Src\stm32f1xx_hal_i2c.o
                0x08001ca8                HAL_I2C_IsDeviceReady
 .text.HAL_RCC_OscConfig
                0x08001e08      0x318 Drivers\STM32F1xx_HAL_Driver\Src\stm32f1xx_hal_rcc.o
                0x08001e08                HAL_RCC_OscConfig
 .text.HAL_RCC_GetSysClockFreq
                0x08002120       0x78 Drivers\STM32F1xx_HAL_Driver\Src\stm32f1xx_hal_rcc.o
                0x08002120                HAL_RCC_GetSysClockFreq
 .text.HAL_RCC_ClockConfig
                0x08002198      0x164 Drivers\STM32F1xx_HAL_Driver\Src\stm32f1xx_hal_rcc.o
                0x08002198                HAL_RCC_ClockConfig
 .text.HAL_RCC_GetPCLK1Freq
                0x080022fc       0x20 Drivers\STM32F1xx_HAL_Driver\Src\stm32f1xx_hal_rcc.o
                0x080022fc                HAL_RCC_GetPCLK1Freq
 .text.TIM_OC1_SetConfig
                0x0800231c       0x50 Drivers\STM32F1xx_HAL_Driver\Src\stm32f1xx_hal_tim.o
 .text.TIM_OC3_SetConfig
                0x0800236c       0x54 Drivers\STM32F1xx_HAL_Driver\Src\stm32f1xx_hal_tim.o
 .text.TIM_OC4_SetConfig
                0x080023c0       0x44 Drivers\STM32F1xx_HAL_Driver\Src\stm32f1xx_hal_tim.o
 .text.HAL_TIM_Base_Start_IT
                0x08002404       0x16 Drivers\STM32F1xx_HAL_Driver\Src\stm32f1xx_hal_tim.o
                0x08002404                HAL_TIM_Base_Start_IT
 .text.HAL_TIM_PWM_MspInit
                0x0800241a        0x2 Drivers\STM32F1xx_HAL_Driver\Src\stm32f1xx_hal_tim.o
                0x0800241a                HAL_TIM_PWM_MspInit
 .text.HAL_TIM_ConfigClockSource
                0x0800241c      0x172 Drivers\STM32F1xx_HAL_Driver\Src\stm32f1xx_hal_tim.o
                0x0800241c                HAL_TIM_ConfigClockSource
 .text.HAL_TIM_PeriodElapsedCallback
                0x0800258e        0x2 Drivers\STM32F1xx_HAL_Driver\Src\stm32f1xx_hal_tim.o
                0x0800258e                HAL_TIM_PeriodElapsedCallback
 .text.HAL_TIM_OC_DelayElapsedCallback
                0x08002590        0x2 Drivers\STM32F1xx_HAL_Driver\Src\stm32f1xx_hal_tim.o
                0x08002590                HAL_TIM_OC_DelayElapsedCallback
 .text.HAL_TIM_IC_CaptureCallback
                0x08002592        0x2 Drivers\STM32F1xx_HAL_Driver\Src\stm32f1xx_hal_tim.o
                0x08002592                HAL_TIM_IC_CaptureCallback
 .text.HAL_TIM_PWM_PulseFinishedCallback
                0x08002594        0x2 Drivers\STM32F1xx_HAL_Driver\Src\stm32f1xx_hal_tim.o
                0x08002594                HAL_TIM_PWM_PulseFinishedCallback
 .text.HAL_TIM_TriggerCallback
                0x08002596        0x2 Drivers\STM32F1xx_HAL_Driver\Src\stm32f1xx_hal_tim.o
                0x08002596                HAL_TIM_TriggerCallback
 .text.HAL_TIM_IRQHandler
                0x08002598      0x144 Drivers\STM32F1xx_HAL_Driver\Src\stm32f1xx_hal_tim.o
                0x08002598                HAL_TIM_IRQHandler
 .text.TIM_Base_SetConfig
                0x080026dc       0x70 Drivers\STM32F1xx_HAL_Driver\Src\stm32f1xx_hal_tim.o
                0x080026dc                TIM_Base_SetConfig
 .text.HAL_TIM_Base_Init
                0x0800274c       0x34 Drivers\STM32F1xx_HAL_Driver\Src\stm32f1xx_hal_tim.o
                0x0800274c                HAL_TIM_Base_Init
 .text.HAL_TIM_PWM_Init
                0x08002780       0x34 Drivers\STM32F1xx_HAL_Driver\Src\stm32f1xx_hal_tim.o
                0x08002780                HAL_TIM_PWM_Init
 .text.TIM_OC2_SetConfig
                0x080027b4       0x58 Drivers\STM32F1xx_HAL_Driver\Src\stm32f1xx_hal_tim.o
                0x080027b4                TIM_OC2_SetConfig
 .text.HAL_TIM_PWM_ConfigChannel
                0x0800280c       0xc4 Drivers\STM32F1xx_HAL_Driver\Src\stm32f1xx_hal_tim.o
                0x0800280c                HAL_TIM_PWM_ConfigChannel
 .text.TIM_CCxChannelCmd
                0x080028d0       0x18 Drivers\STM32F1xx_HAL_Driver\Src\stm32f1xx_hal_tim.o
                0x080028d0                TIM_CCxChannelCmd
 .text.HAL_TIM_PWM_Start
                0x080028e8       0x2c Drivers\STM32F1xx_HAL_Driver\Src\stm32f1xx_hal_tim.o
                0x080028e8                HAL_TIM_PWM_Start
 .text.HAL_TIMEx_MasterConfigSynchronization
                0x08002914       0x44 Drivers\STM32F1xx_HAL_Driver\Src\stm32f1xx_hal_tim_ex.o
                0x08002914                HAL_TIMEx_MasterConfigSynchronization
 .text.HAL_TIMEx_CommutationCallback
                0x08002958        0x2 Drivers\STM32F1xx_HAL_Driver\Src\stm32f1xx_hal_tim_ex.o
                0x08002958                HAL_TIMEx_CommutationCallback
 .text.HAL_TIMEx_BreakCallback
                0x0800295a        0x2 Drivers\STM32F1xx_HAL_Driver\Src\stm32f1xx_hal_tim_ex.o
                0x0800295a                HAL_TIMEx_BreakCallback
 .text.Accel_ini
                0x0800295c       0x98 Src\Accel.o
                0x0800295c                Accel_ini
 .text.Accel_GetXYZ
                0x080029f4       0x64 Src\Accel.o
                0x080029f4                Accel_GetXYZ
 .text.Gyro_GetXYZ
                0x08002a58       0x64 Src\Accel.o
                0x08002a58                Gyro_GetXYZ
 *fill*         0x08002abc        0x4 
 .text.Accel_ReadAcc
                0x08002ac0      0x1f8 Src\Accel.o
                0x08002ac0                Accel_ReadAcc
 .text.ReadGyro
                0x08002cb8      0x148 Src\Accel.o
                0x08002cb8                ReadGyro
 .text.GyroCalibrate
                0x08002e00       0x54 Src\Accel.o
                0x08002e00                GyroCalibrate
 .text.deriveGyro
                0x08002e54       0x30 Src\Accel.o
                0x08002e54                deriveGyro
 .text.getPID   0x08002e84       0x74 Src\PID.o
                0x08002e84                getPID
 .text.selfStabilizing
                0x08002ef8      0x274 Src\flightcontrol.o
                0x08002ef8                selfStabilizing
 .text.addrule  0x0800316c       0x24 Src\fuzzy.o
                0x0800316c                addrule
 .text.Fuzzy_Init
                0x08003190       0xac Src\fuzzy.o
                0x08003190                Fuzzy_Init
 .text.MX_GPIO_Init
                0x0800323c       0x44 Src\gpio.o
                0x0800323c                MX_GPIO_Init
 .text.MX_I2C1_Init
                0x08003280       0x40 Src\i2c.o
                0x08003280                MX_I2C1_Init
 .text.MX_I2C2_Init
                0x080032c0       0x40 Src\i2c.o
                0x080032c0                MX_I2C2_Init
 .text.HAL_I2C_MspInit
                0x08003300       0xac Src\i2c.o
                0x08003300                HAL_I2C_MspInit
 .text.SystemClock_Config
                0x080033ac       0x54 Src\main.o
                0x080033ac                SystemClock_Config
 .text.convertToChar
                0x08003400       0x48 Src\main.o
                0x08003400                convertToChar
 .text.startup.main
                0x08003448      0x10c Src\main.o
                0x08003448                main
 .text.Error_Handler
                0x08003554        0x2 Src\main.o
                0x08003554                Error_Handler
 *fill*         0x08003556        0x2 
 .text.SSD1306_UpdateScreen
                0x08003558       0x28 Src\ssd1306.o
                0x08003558                SSD1306_UpdateScreen
 .text.SSD1306_Fill
                0x08003580       0x18 Src\ssd1306.o
                0x08003580                SSD1306_Fill
 .text.SSD1306_DrawPixel
                0x08003598       0x48 Src\ssd1306.o
                0x08003598                SSD1306_DrawPixel
 .text.SSD1306_GotoXY
                0x080035e0        0xc Src\ssd1306.o
                0x080035e0                SSD1306_GotoXY
 .text.SSD1306_Putc
                0x080035ec       0x74 Src\ssd1306.o
                0x080035ec                SSD1306_Putc
 .text.SSD1306_Puts
                0x08003660       0x22 Src\ssd1306.o
                0x08003660                SSD1306_Puts
 *fill*         0x08003682        0x2 
 .text.ssd1306_I2C_Write
                0x08003684       0x24 Src\ssd1306.o
                0x08003684                ssd1306_I2C_Write
 .text.SSD1306_Init
                0x080036a8      0x154 Src\ssd1306.o
                0x080036a8                SSD1306_Init
 .text.HAL_MspInit
                0x080037fc       0x44 Src\stm32f1xx_hal_msp.o
                0x080037fc                HAL_MspInit
 .text.NMI_Handler
                0x08003840        0x2 Src\stm32f1xx_it.o
                0x08003840                NMI_Handler
 .text.HardFault_Handler
                0x08003842        0x2 Src\stm32f1xx_it.o
                0x08003842                HardFault_Handler
 .text.MemManage_Handler
                0x08003844        0x2 Src\stm32f1xx_it.o
                0x08003844                MemManage_Handler
 .text.BusFault_Handler
                0x08003846        0x2 Src\stm32f1xx_it.o
                0x08003846                BusFault_Handler
 .text.UsageFault_Handler
                0x08003848        0x2 Src\stm32f1xx_it.o
                0x08003848                UsageFault_Handler
 .text.SVC_Handler
                0x0800384a        0x2 Src\stm32f1xx_it.o
                0x0800384a                SVC_Handler
 .text.DebugMon_Handler
                0x0800384c        0x2 Src\stm32f1xx_it.o
                0x0800384c                DebugMon_Handler
 .text.PendSV_Handler
                0x0800384e        0x2 Src\stm32f1xx_it.o
                0x0800384e                PendSV_Handler
 .text.SysTick_Handler
                0x08003850        0x4 Src\stm32f1xx_it.o
                0x08003850                SysTick_Handler
 .text.TIM3_IRQHandler
                0x08003854      0x190 Src\stm32f1xx_it.o
                0x08003854                TIM3_IRQHandler
 .text.TIM4_IRQHandler
                0x080039e4       0x14 Src\stm32f1xx_it.o
                0x080039e4                TIM4_IRQHandler
 .text.SystemInit
                0x080039f8       0x4c Src\system_stm32f1xx.o
                0x080039f8                SystemInit
 .text.MX_TIM3_Init
                0x08003a44       0x68 Src\tim.o
                0x08003a44                MX_TIM3_Init
 .text.MX_TIM4_Init
                0x08003aac       0x6c Src\tim.o
                0x08003aac                MX_TIM4_Init
 .text.HAL_TIM_Base_MspInit
                0x08003b18       0x88 Src\tim.o
                0x08003b18                HAL_TIM_Base_MspInit
 .text.HAL_TIM_MspPostInit
                0x08003ba0       0x48 Src\tim.o
                0x08003ba0                HAL_TIM_MspPostInit
 .text.MX_TIM2_Init
                0x08003be8       0xc4 Src\tim.o
                0x08003be8                MX_TIM2_Init
 .text.Reset_Handler
                0x08003cac       0x48 startup\startup_stm32f103xb.o
                0x08003cac                Reset_Handler
 .text.Default_Handler
                0x08003cf4        0x2 startup\startup_stm32f103xb.o
                0x08003cf4                RTC_Alarm_IRQHandler
                0x08003cf4                EXTI2_IRQHandler
                0x08003cf4                TIM1_CC_IRQHandler
                0x08003cf4                PVD_IRQHandler
                0x08003cf4                EXTI3_IRQHandler
                0x08003cf4                EXTI0_IRQHandler
                0x08003cf4                I2C2_EV_IRQHandler
                0x08003cf4                ADC1_2_IRQHandler
                0x08003cf4                SPI1_IRQHandler
                0x08003cf4                TAMPER_IRQHandler
                0x08003cf4                DMA1_Channel4_IRQHandler
                0x08003cf4                USART3_IRQHandler
                0x08003cf4                RTC_IRQHandler
                0x08003cf4                DMA1_Channel7_IRQHandler
                0x08003cf4                CAN1_RX1_IRQHandler
                0x08003cf4                I2C1_EV_IRQHandler
                0x08003cf4                DMA1_Channel6_IRQHandler
                0x08003cf4                RCC_IRQHandler
                0x08003cf4                TIM1_TRG_COM_IRQHandler
                0x08003cf4                DMA1_Channel1_IRQHandler
                0x08003cf4                Default_Handler
                0x08003cf4                EXTI15_10_IRQHandler
                0x08003cf4                EXTI9_5_IRQHandler
                0x08003cf4                SPI2_IRQHandler
                0x08003cf4                DMA1_Channel5_IRQHandler
                0x08003cf4                EXTI4_IRQHandler
                0x08003cf4                USB_LP_CAN1_RX0_IRQHandler
                0x08003cf4                USB_HP_CAN1_TX_IRQHandler
                0x08003cf4                DMA1_Channel3_IRQHandler
                0x08003cf4                TIM1_UP_IRQHandler
                0x08003cf4                WWDG_IRQHandler
                0x08003cf4                TIM2_IRQHandler
                0x08003cf4                TIM1_BRK_IRQHandler
                0x08003cf4                EXTI1_IRQHandler
                0x08003cf4                USART2_IRQHandler
                0x08003cf4                I2C2_ER_IRQHandler
                0x08003cf4                DMA1_Channel2_IRQHandler
                0x08003cf4                CAN1_SCE_IRQHandler
                0x08003cf4                FLASH_IRQHandler
                0x08003cf4                USART1_IRQHandler
                0x08003cf4                I2C1_ER_IRQHandler
                0x08003cf4                USBWakeUp_IRQHandler
 *fill*         0x08003cf6        0x2 
 .text.__libc_init_array
                0x08003cf8       0x48 c:/program files (x86)/atollic/truestudio for stm32 9.0.1/armtools/bin/../lib/gcc/arm-atollic-eabi/6.3.1/../../../../arm-atollic-eabi/lib/armv7-m\libc_nano.a(lib_a-init.o)
                0x08003cf8                __libc_init_array
 .text.memset   0x08003d40       0x10 c:/program files (x86)/atollic/truestudio for stm32 9.0.1/armtools/bin/../lib/gcc/arm-atollic-eabi/6.3.1/../../../../arm-atollic-eabi/lib/armv7-m\libc_nano.a(lib_a-memset.o)
                0x08003d40                memset
 .text.atan2    0x08003d50        0x4 c:/program files (x86)/atollic/truestudio for stm32 9.0.1/armtools/bin/../lib/gcc/arm-atollic-eabi/6.3.1/../../../../arm-atollic-eabi/lib/armv7-m\libm.a(lib_a-w_atan2.o)
                0x08003d50                atan2
 .text.sqrt     0x08003d54       0xa8 c:/program files (x86)/atollic/truestudio for stm32 9.0.1/armtools/bin/../lib/gcc/arm-atollic-eabi/6.3.1/../../../../arm-atollic-eabi/lib/armv7-m\libm.a(lib_a-w_sqrt.o)
                0x08003d54                sqrt
 *fill*         0x08003dfc        0x4 
 .text.__ieee754_atan2
                0x08003e00      0x1b4 c:/program files (x86)/atollic/truestudio for stm32 9.0.1/armtools/bin/../lib/gcc/arm-atollic-eabi/6.3.1/../../../../arm-atollic-eabi/lib/armv7-m\libm.a(lib_a-e_atan2.o)
                0x08003e00                __ieee754_atan2
 .text.__ieee754_sqrt
                0x08003fb4      0x158 c:/program files (x86)/atollic/truestudio for stm32 9.0.1/armtools/bin/../lib/gcc/arm-atollic-eabi/6.3.1/../../../../arm-atollic-eabi/lib/armv7-m\libm.a(lib_a-e_sqrt.o)
                0x08003fb4                __ieee754_sqrt
 *fill*         0x0800410c        0x4 
 .text.atan     0x08004110      0x324 c:/program files (x86)/atollic/truestudio for stm32 9.0.1/armtools/bin/../lib/gcc/arm-atollic-eabi/6.3.1/../../../../arm-atollic-eabi/lib/armv7-m\libm.a(lib_a-s_atan.o)
                0x08004110                atan
 .text.fabs     0x08004434        0x6 c:/program files (x86)/atollic/truestudio for stm32 9.0.1/armtools/bin/../lib/gcc/arm-atollic-eabi/6.3.1/../../../../arm-atollic-eabi/lib/armv7-m\libm.a(lib_a-s_fabs.o)
                0x08004434                fabs
 .text.matherr  0x0800443a        0x4 c:/program files (x86)/atollic/truestudio for stm32 9.0.1/armtools/bin/../lib/gcc/arm-atollic-eabi/6.3.1/../../../../arm-atollic-eabi/lib/armv7-m\libm.a(lib_a-s_matherr.o)
                0x0800443a                matherr
 *fill*         0x0800443e        0x2 
 .text.__errno  0x08004440        0xc c:/program files (x86)/atollic/truestudio for stm32 9.0.1/armtools/bin/../lib/gcc/arm-atollic-eabi/6.3.1/../../../../arm-atollic-eabi/lib/armv7-m\libc_nano.a(lib_a-errno.o)
                0x08004440                __errno
 *(.glue_7)
 .glue_7        0x0800444c        0x0 linker stubs
 *(.glue_7t)
 .glue_7t       0x0800444c        0x0 linker stubs
 *(.eh_frame)
 .eh_frame      0x0800444c        0x0 c:/program files (x86)/atollic/truestudio for stm32 9.0.1/armtools/bin/../lib/gcc/arm-atollic-eabi/6.3.1/armv7-m/crtbegin.o
 *(.init)
 .init          0x0800444c        0x4 c:/program files (x86)/atollic/truestudio for stm32 9.0.1/armtools/bin/../lib/gcc/arm-atollic-eabi/6.3.1/armv7-m/crti.o
                0x0800444c                _init
 .init          0x08004450        0x8 c:/program files (x86)/atollic/truestudio for stm32 9.0.1/armtools/bin/../lib/gcc/arm-atollic-eabi/6.3.1/armv7-m/crtn.o
 *(.fini)
 .fini          0x08004458        0x4 c:/program files (x86)/atollic/truestudio for stm32 9.0.1/armtools/bin/../lib/gcc/arm-atollic-eabi/6.3.1/armv7-m/crti.o
                0x08004458                _fini
 .fini          0x0800445c        0x8 c:/program files (x86)/atollic/truestudio for stm32 9.0.1/armtools/bin/../lib/gcc/arm-atollic-eabi/6.3.1/armv7-m/crtn.o
                0x08004464                . = ALIGN (0x4)
                0x08004464                _etext = .

.vfp11_veneer   0x08004464        0x0
 .vfp11_veneer  0x08004464        0x0 linker stubs

.v4_bx          0x08004464        0x0
 .v4_bx         0x08004464        0x0 linker stubs

.iplt           0x08004464        0x0
 .iplt          0x08004464        0x0 c:/program files (x86)/atollic/truestudio for stm32 9.0.1/armtools/bin/../lib/gcc/arm-atollic-eabi/6.3.1/armv7-m/crtbegin.o

.rodata         0x08004468      0xa70
                0x08004468                . = ALIGN (0x4)
 *(.rodata)
 .rodata        0x08004468       0x10 Drivers\STM32F1xx_HAL_Driver\Src\stm32f1xx_hal_rcc.o
 *(.rodata*)
 .rodata.Font7x10
                0x08004478      0xa00 Src\fonts.o
                0x08004478                Font7x10
 .rodata.AHBPrescTable
                0x08004e78       0x10 Src\system_stm32f1xx.o
                0x08004e78                AHBPrescTable
 .rodata.APBPrescTable
                0x08004e88        0x8 Src\system_stm32f1xx.o
                0x08004e88                APBPrescTable
 .rodata.sqrt.str1.1
                0x08004e90        0x5 c:/program files (x86)/atollic/truestudio for stm32 9.0.1/armtools/bin/../lib/gcc/arm-atollic-eabi/6.3.1/../../../../arm-atollic-eabi/lib/armv7-m\libm.a(lib_a-w_sqrt.o)
 *fill*         0x08004e95        0x3 
 .rodata.atanhi
                0x08004e98       0x20 c:/program files (x86)/atollic/truestudio for stm32 9.0.1/armtools/bin/../lib/gcc/arm-atollic-eabi/6.3.1/../../../../arm-atollic-eabi/lib/armv7-m\libm.a(lib_a-s_atan.o)
 .rodata.atanlo
                0x08004eb8       0x20 c:/program files (x86)/atollic/truestudio for stm32 9.0.1/armtools/bin/../lib/gcc/arm-atollic-eabi/6.3.1/../../../../arm-atollic-eabi/lib/armv7-m\libm.a(lib_a-s_atan.o)
                0x08004ed8                . = ALIGN (0x4)

.rel.dyn        0x08004ed8        0x0
 .rel.iplt      0x08004ed8        0x0 c:/program files (x86)/atollic/truestudio for stm32 9.0.1/armtools/bin/../lib/gcc/arm-atollic-eabi/6.3.1/armv7-m/crtbegin.o

.ARM.extab
 *(.ARM.extab* .gnu.linkonce.armextab.*)

.ARM            0x08004ed8        0x0
                0x08004ed8                __exidx_start = .
 *(.ARM.exidx*)
                0x08004ed8                __exidx_end = .

.preinit_array  0x08004ed8        0x0
                0x08004ed8                PROVIDE (__preinit_array_start, .)
 *(.preinit_array*)
                0x08004ed8                PROVIDE (__preinit_array_end, .)

.init_array     0x08004ed8        0x4
                0x08004ed8                PROVIDE (__init_array_start, .)
 *(SORT(.init_array.*))
 *(.init_array*)
 .init_array    0x08004ed8        0x4 c:/program files (x86)/atollic/truestudio for stm32 9.0.1/armtools/bin/../lib/gcc/arm-atollic-eabi/6.3.1/armv7-m/crtbegin.o
                0x08004edc                PROVIDE (__init_array_end, .)

.fini_array     0x08004edc        0x4
                [!provide]                PROVIDE (__fini_array_start, .)
 *(SORT(.fini_array.*))
 *(.fini_array*)
 .fini_array    0x08004edc        0x4 c:/program files (x86)/atollic/truestudio for stm32 9.0.1/armtools/bin/../lib/gcc/arm-atollic-eabi/6.3.1/armv7-m/crtbegin.o
                [!provide]                PROVIDE (__fini_array_end, .)
                0x08004ee0                _sidata = LOADADDR (.data)

.data           0x20000000       0x7c load address 0x08004ee0
                0x20000000                . = ALIGN (0x4)
                0x20000000                _sdata = .
 *(.data)
 *(.data*)
 .data.uwTickFreq
                0x20000000        0x1 Drivers\STM32F1xx_HAL_Driver\Src\stm32f1xx_hal.o
                0x20000000                uwTickFreq
 *fill*         0x20000001        0x3 
 .data.uwTickPrio
                0x20000004        0x4 Drivers\STM32F1xx_HAL_Driver\Src\stm32f1xx_hal.o
                0x20000004                uwTickPrio
 .data.Font_7x10
                0x20000008        0x8 Src\fonts.o
                0x20000008                Font_7x10
 .data.SystemCoreClock
                0x20000010        0x4 Src\system_stm32f1xx.o
                0x20000010                SystemCoreClock
 .data.__fdlib_version
                0x20000014        0x1 c:/program files (x86)/atollic/truestudio for stm32 9.0.1/armtools/bin/../lib/gcc/arm-atollic-eabi/6.3.1/../../../../arm-atollic-eabi/lib/armv7-m\libm.a(lib_a-s_lib_ver.o)
                0x20000014                __fdlib_version
 *fill*         0x20000015        0x3 
 .data._impure_ptr
                0x20000018        0x4 c:/program files (x86)/atollic/truestudio for stm32 9.0.1/armtools/bin/../lib/gcc/arm-atollic-eabi/6.3.1/../../../../arm-atollic-eabi/lib/armv7-m\libc_nano.a(lib_a-impure.o)
                0x20000018                _impure_ptr
 .data.impure_data
                0x2000001c       0x60 c:/program files (x86)/atollic/truestudio for stm32 9.0.1/armtools/bin/../lib/gcc/arm-atollic-eabi/6.3.1/../../../../arm-atollic-eabi/lib/armv7-m\libc_nano.a(lib_a-impure.o)
                0x2000007c                . = ALIGN (0x4)
                0x2000007c                _edata = .

.igot.plt       0x2000007c        0x0 load address 0x08004f5c
 .igot.plt      0x2000007c        0x0 c:/program files (x86)/atollic/truestudio for stm32 9.0.1/armtools/bin/../lib/gcc/arm-atollic-eabi/6.3.1/armv7-m/crtbegin.o
                0x2000007c                . = ALIGN (0x4)

.bss            0x2000007c      0x640 load address 0x08004f5c
                0x2000007c                _sbss = .
                0x2000007c                __bss_start__ = _sbss
 *(.bss)
 .bss           0x2000007c       0x1c c:/program files (x86)/atollic/truestudio for stm32 9.0.1/armtools/bin/../lib/gcc/arm-atollic-eabi/6.3.1/armv7-m/crtbegin.o
 *(.bss*)
 .bss.SSD1306   0x20000098        0x6 Src\ssd1306.o
 .bss.SSD1306_Buffer_all
                0x2000009e      0x401 Src\ssd1306.o
 *(COMMON)
 *fill*         0x2000049f        0x1 
 COMMON         0x200004a0        0x4 Drivers\STM32F1xx_HAL_Driver\Src\stm32f1xx_hal.o
                0x200004a0                uwTick
 COMMON         0x200004a4        0xc Src\PID.o
                0x200004a4                I_koef
                0x200004a8                P_koef
                0x200004ac                D_koef
 COMMON         0x200004b0       0x51 Src\flightcontrol.o
                0x200004b0                iprevYawError
                0x200004b4                acYaw
                0x200004b8                rules
                0x200004e8                integrYError
                0x200004ec                integrRError
                0x200004f0                acRoll
                0x200004f4                integrPError
                0x200004f8                iprevRollError
                0x200004fa                iprevPitchError
                0x200004fc                acPitch
                0x20000500                numofrules
 *fill*         0x20000501        0x3 
 COMMON         0x20000504       0xa8 Src\i2c.o
                0x20000504                hi2c1
                0x20000558                hi2c2
 COMMON         0x200005ac       0x4d Src\main.o
                0x200005ac                ytemp
                0x200005ae                xGyro
                0x200005b0                flag
                0x200005b2                ztemp
                0x200005b4                yval
                0x200005b6                zdata
                0x200005b8                YGf
                0x200005bc                fGZ_Cal
                0x200005c0                fGX_Cal
                0x200005c4                fGY_Cal
                0x200005c8                dMThX
                0x200005ca                val
                0x200005cc                XG
                0x200005ce                val2
                0x200005d0                ZGf
                0x200005d2                yGyro
                0x200005d4                val3
                0x200005d6                dMThY
                0x200005d8                counter
                0x200005da                xval
                0x200005dc                xtemp
                0x200005de                xdata
                0x200005e0                ydata
                0x200005e2                zval
                0x200005e4                XGf
                0x200005e6                ZG
                0x200005e8                YG
                0x200005ea                str
                0x200005f2                val1
                0x200005f4                dMThZ
                0x200005f6                zGyro
                0x200005f8                status
 *fill*         0x200005f9        0x3 
 COMMON         0x200005fc       0xc0 Src\tim.o
                0x200005fc                htim4
                0x2000063c                htim3
                0x2000067c                htim2
                0x200006bc                . = ALIGN (0x4)
                0x200006bc                _ebss = .
                0x200006bc                __bss_end__ = _ebss

._user_heap_stack
                0x200006bc      0x600 load address 0x08004f5c
                0x200006bc                . = ALIGN (0x4)
                [!provide]                PROVIDE (end, .)
                [!provide]                PROVIDE (_end, .)
                0x200008bc                . = (. + _Min_Heap_Size)
 *fill*         0x200006bc      0x200 
                0x20000cbc                . = (. + _Min_Stack_Size)
 *fill*         0x200008bc      0x400 
                0x20000cbc                . = ALIGN (0x4)

/DISCARD/
 libc.a(*)
 libm.a(*)
 libgcc.a(*)

.ARM.attributes
                0x00000000       0x29
 *(.ARM.attributes)
 .ARM.attributes
                0x00000000       0x1d c:/program files (x86)/atollic/truestudio for stm32 9.0.1/armtools/bin/../lib/gcc/arm-atollic-eabi/6.3.1/armv7-m/crti.o
 .ARM.attributes
                0x0000001d       0x2d c:/program files (x86)/atollic/truestudio for stm32 9.0.1/armtools/bin/../lib/gcc/arm-atollic-eabi/6.3.1/armv7-m/crtbegin.o
 .ARM.attributes
                0x0000004a       0x33 Drivers\STM32F1xx_HAL_Driver\Src\stm32f1xx_hal.o
 .ARM.attributes
                0x0000007d       0x33 Drivers\STM32F1xx_HAL_Driver\Src\stm32f1xx_hal_cortex.o
 .ARM.attributes
                0x000000b0       0x33 Drivers\STM32F1xx_HAL_Driver\Src\stm32f1xx_hal_gpio.o
 .ARM.attributes
                0x000000e3       0x33 Drivers\STM32F1xx_HAL_Driver\Src\stm32f1xx_hal_i2c.o
 .ARM.attributes
                0x00000116       0x33 Drivers\STM32F1xx_HAL_Driver\Src\stm32f1xx_hal_rcc.o
 .ARM.attributes
                0x00000149       0x33 Drivers\STM32F1xx_HAL_Driver\Src\stm32f1xx_hal_tim.o
 .ARM.attributes
                0x0000017c       0x33 Drivers\STM32F1xx_HAL_Driver\Src\stm32f1xx_hal_tim_ex.o
 .ARM.attributes
                0x000001af       0x33 Src\Accel.o
 .ARM.attributes
                0x000001e2       0x33 Src\PID.o
 .ARM.attributes
                0x00000215       0x33 Src\flightcontrol.o
 .ARM.attributes
                0x00000248       0x33 Src\fonts.o
 .ARM.attributes
                0x0000027b       0x33 Src\fuzzy.o
 .ARM.attributes
                0x000002ae       0x33 Src\gpio.o
 .ARM.attributes
                0x000002e1       0x33 Src\i2c.o
 .ARM.attributes
                0x00000314       0x33 Src\main.o
 .ARM.attributes
                0x00000347       0x33 Src\ssd1306.o
 .ARM.attributes
                0x0000037a       0x33 Src\stm32f1xx_hal_msp.o
 .ARM.attributes
                0x000003ad       0x33 Src\stm32f1xx_it.o
 .ARM.attributes
                0x000003e0       0x33 Src\system_stm32f1xx.o
 .ARM.attributes
                0x00000413       0x33 Src\tim.o
 .ARM.attributes
                0x00000446       0x21 startup\startup_stm32f103xb.o
 .ARM.attributes
                0x00000467       0x2d c:/program files (x86)/atollic/truestudio for stm32 9.0.1/armtools/bin/../lib/gcc/arm-atollic-eabi/6.3.1/../../../../arm-atollic-eabi/lib/armv7-m\libc_nano.a(lib_a-init.o)
 .ARM.attributes
                0x00000494       0x2d c:/program files (x86)/atollic/truestudio for stm32 9.0.1/armtools/bin/../lib/gcc/arm-atollic-eabi/6.3.1/../../../../arm-atollic-eabi/lib/armv7-m\libc_nano.a(lib_a-memset.o)
 .ARM.attributes
                0x000004c1       0x2d c:/program files (x86)/atollic/truestudio for stm32 9.0.1/armtools/bin/../lib/gcc/arm-atollic-eabi/6.3.1/../../../../arm-atollic-eabi/lib/armv7-m\libm.a(lib_a-w_atan2.o)
 .ARM.attributes
                0x000004ee       0x2d c:/program files (x86)/atollic/truestudio for stm32 9.0.1/armtools/bin/../lib/gcc/arm-atollic-eabi/6.3.1/../../../../arm-atollic-eabi/lib/armv7-m\libm.a(lib_a-w_sqrt.o)
 .ARM.attributes
                0x0000051b       0x2d c:/program files (x86)/atollic/truestudio for stm32 9.0.1/armtools/bin/../lib/gcc/arm-atollic-eabi/6.3.1/../../../../arm-atollic-eabi/lib/armv7-m\libm.a(lib_a-e_atan2.o)
 .ARM.attributes
                0x00000548       0x2d c:/program files (x86)/atollic/truestudio for stm32 9.0.1/armtools/bin/../lib/gcc/arm-atollic-eabi/6.3.1/../../../../arm-atollic-eabi/lib/armv7-m\libm.a(lib_a-e_sqrt.o)
 .ARM.attributes
                0x00000575       0x2d c:/program files (x86)/atollic/truestudio for stm32 9.0.1/armtools/bin/../lib/gcc/arm-atollic-eabi/6.3.1/../../../../arm-atollic-eabi/lib/armv7-m\libm.a(lib_a-s_atan.o)
 .ARM.attributes
                0x000005a2       0x2d c:/program files (x86)/atollic/truestudio for stm32 9.0.1/armtools/bin/../lib/gcc/arm-atollic-eabi/6.3.1/../../../../arm-atollic-eabi/lib/armv7-m\libm.a(lib_a-s_fabs.o)
 .ARM.attributes
                0x000005cf       0x2d c:/program files (x86)/atollic/truestudio for stm32 9.0.1/armtools/bin/../lib/gcc/arm-atollic-eabi/6.3.1/../../../../arm-atollic-eabi/lib/armv7-m\libm.a(lib_a-s_lib_ver.o)
 .ARM.attributes
                0x000005fc       0x2d c:/program files (x86)/atollic/truestudio for stm32 9.0.1/armtools/bin/../lib/gcc/arm-atollic-eabi/6.3.1/../../../../arm-atollic-eabi/lib/armv7-m\libm.a(lib_a-s_matherr.o)
 .ARM.attributes
                0x00000629       0x2d c:/program files (x86)/atollic/truestudio for stm32 9.0.1/armtools/bin/../lib/gcc/arm-atollic-eabi/6.3.1/../../../../arm-atollic-eabi/lib/armv7-m\libc_nano.a(lib_a-errno.o)
 .ARM.attributes
                0x00000656       0x2d c:/program files (x86)/atollic/truestudio for stm32 9.0.1/armtools/bin/../lib/gcc/arm-atollic-eabi/6.3.1/../../../../arm-atollic-eabi/lib/armv7-m\libc_nano.a(lib_a-impure.o)
 .ARM.attributes
                0x00000683       0x1d c:/program files (x86)/atollic/truestudio for stm32 9.0.1/armtools/bin/../lib/gcc/arm-atollic-eabi/6.3.1/armv7-m\libgcc.a(_arm_addsubdf3.o)
 .ARM.attributes
                0x000006a0       0x1d c:/program files (x86)/atollic/truestudio for stm32 9.0.1/armtools/bin/../lib/gcc/arm-atollic-eabi/6.3.1/armv7-m\libgcc.a(_arm_muldivdf3.o)
 .ARM.attributes
                0x000006bd       0x1d c:/program files (x86)/atollic/truestudio for stm32 9.0.1/armtools/bin/../lib/gcc/arm-atollic-eabi/6.3.1/armv7-m\libgcc.a(_arm_cmpdf2.o)
 .ARM.attributes
                0x000006da       0x1d c:/program files (x86)/atollic/truestudio for stm32 9.0.1/armtools/bin/../lib/gcc/arm-atollic-eabi/6.3.1/armv7-m\libgcc.a(_arm_unorddf2.o)
 .ARM.attributes
                0x000006f7       0x1d c:/program files (x86)/atollic/truestudio for stm32 9.0.1/armtools/bin/../lib/gcc/arm-atollic-eabi/6.3.1/armv7-m\libgcc.a(_arm_fixdfsi.o)
 .ARM.attributes
                0x00000714       0x1d c:/program files (x86)/atollic/truestudio for stm32 9.0.1/armtools/bin/../lib/gcc/arm-atollic-eabi/6.3.1/armv7-m\libgcc.a(_arm_fixunsdfsi.o)
 .ARM.attributes
                0x00000731       0x1d c:/program files (x86)/atollic/truestudio for stm32 9.0.1/armtools/bin/../lib/gcc/arm-atollic-eabi/6.3.1/armv7-m\libgcc.a(_arm_addsubsf3.o)
 .ARM.attributes
                0x0000074e       0x1d c:/program files (x86)/atollic/truestudio for stm32 9.0.1/armtools/bin/../lib/gcc/arm-atollic-eabi/6.3.1/armv7-m\libgcc.a(_arm_muldivsf3.o)
 .ARM.attributes
                0x0000076b       0x1d c:/program files (x86)/atollic/truestudio for stm32 9.0.1/armtools/bin/../lib/gcc/arm-atollic-eabi/6.3.1/armv7-m\libgcc.a(_arm_fixsfsi.o)
 .ARM.attributes
                0x00000788       0x1d c:/program files (x86)/atollic/truestudio for stm32 9.0.1/armtools/bin/../lib/gcc/arm-atollic-eabi/6.3.1/armv7-m/crtn.o
OUTPUT(Wingy_smth.elf elf32-littlearm)

.debug_info     0x00000000    0x1a99d
 .debug_info    0x00000000      0xfc8 Drivers\STM32F1xx_HAL_Driver\Src\stm32f1xx_hal.o
 .debug_info    0x00000fc8     0x14a9 Drivers\STM32F1xx_HAL_Driver\Src\stm32f1xx_hal_cortex.o
 .debug_info    0x00002471      0xec2 Drivers\STM32F1xx_HAL_Driver\Src\stm32f1xx_hal_gpio.o
 .debug_info    0x00003333     0x38ea Drivers\STM32F1xx_HAL_Driver\Src\stm32f1xx_hal_i2c.o
 .debug_info    0x00006c1d     0x123d Drivers\STM32F1xx_HAL_Driver\Src\stm32f1xx_hal_rcc.o
 .debug_info    0x00007e5a     0x3bb9 Drivers\STM32F1xx_HAL_Driver\Src\stm32f1xx_hal_tim.o
 .debug_info    0x0000ba13     0x1989 Drivers\STM32F1xx_HAL_Driver\Src\stm32f1xx_hal_tim_ex.o
 .debug_info    0x0000d39c     0x136a Src\Accel.o
 .debug_info    0x0000e706      0x12b Src\PID.o
 .debug_info    0x0000e831     0x1176 Src\flightcontrol.o
 .debug_info    0x0000f9a7      0xab3 Src\fonts.o
 .debug_info    0x0001045a      0xc8e Src\fuzzy.o
 .debug_info    0x000110e8      0xa6f Src\gpio.o
 .debug_info    0x00011b57     0x118a Src\i2c.o
 .debug_info    0x00012ce1     0x1a9e Src\main.o
 .debug_info    0x0001477f     0x2398 Src\ssd1306.o
 .debug_info    0x00016b17      0xad2 Src\stm32f1xx_hal_msp.o
 .debug_info    0x000175e9     0x1024 Src\stm32f1xx_it.o
 .debug_info    0x0001860d      0xc4d Src\system_stm32f1xx.o
 .debug_info    0x0001925a     0x16d8 Src\tim.o
 .debug_info    0x0001a932       0x6b startup\startup_stm32f103xb.o

.debug_abbrev   0x00000000     0x3461
 .debug_abbrev  0x00000000      0x315 Drivers\STM32F1xx_HAL_Driver\Src\stm32f1xx_hal.o
 .debug_abbrev  0x00000315      0x399 Drivers\STM32F1xx_HAL_Driver\Src\stm32f1xx_hal_cortex.o
 .debug_abbrev  0x000006ae      0x268 Drivers\STM32F1xx_HAL_Driver\Src\stm32f1xx_hal_gpio.o
 .debug_abbrev  0x00000916      0x3c1 Drivers\STM32F1xx_HAL_Driver\Src\stm32f1xx_hal_i2c.o
 .debug_abbrev  0x00000cd7      0x367 Drivers\STM32F1xx_HAL_Driver\Src\stm32f1xx_hal_rcc.o
 .debug_abbrev  0x0000103e      0x3bb Drivers\STM32F1xx_HAL_Driver\Src\stm32f1xx_hal_tim.o
 .debug_abbrev  0x000013f9      0x30d Drivers\STM32F1xx_HAL_Driver\Src\stm32f1xx_hal_tim_ex.o
 .debug_abbrev  0x00001706      0x2ac Src\Accel.o
 .debug_abbrev  0x000019b2       0x71 Src\PID.o
 .debug_abbrev  0x00001a23      0x231 Src\flightcontrol.o
 .debug_abbrev  0x00001c54      0x201 Src\fonts.o
 .debug_abbrev  0x00001e55      0x292 Src\fuzzy.o
 .debug_abbrev  0x000020e7      0x1c9 Src\gpio.o
 .debug_abbrev  0x000022b0      0x24d Src\i2c.o
 .debug_abbrev  0x000024fd      0x327 Src\main.o
 .debug_abbrev  0x00002824      0x39d Src\ssd1306.o
 .debug_abbrev  0x00002bc1      0x1bc Src\stm32f1xx_hal_msp.o
 .debug_abbrev  0x00002d7d      0x285 Src\stm32f1xx_it.o
 .debug_abbrev  0x00003002      0x1eb Src\system_stm32f1xx.o
 .debug_abbrev  0x000031ed      0x262 Src\tim.o
 .debug_abbrev  0x0000344f       0x12 startup\startup_stm32f103xb.o

.debug_loc      0x00000000     0x8c44
 .debug_loc     0x00000000      0x11b Drivers\STM32F1xx_HAL_Driver\Src\stm32f1xx_hal.o
 .debug_loc     0x0000011b      0x46b Drivers\STM32F1xx_HAL_Driver\Src\stm32f1xx_hal_cortex.o
 .debug_loc     0x00000586      0x36a Drivers\STM32F1xx_HAL_Driver\Src\stm32f1xx_hal_gpio.o
 .debug_loc     0x000008f0     0x2bdf Drivers\STM32F1xx_HAL_Driver\Src\stm32f1xx_hal_i2c.o
 .debug_loc     0x000034cf      0x4c3 Drivers\STM32F1xx_HAL_Driver\Src\stm32f1xx_hal_rcc.o
 .debug_loc     0x00003992     0x300c Drivers\STM32F1xx_HAL_Driver\Src\stm32f1xx_hal_tim.o
 .debug_loc     0x0000699e      0x822 Drivers\STM32F1xx_HAL_Driver\Src\stm32f1xx_hal_tim_ex.o
 .debug_loc     0x000071c0       0xfe Src\Accel.o
 .debug_loc     0x000072be       0x6e Src\PID.o
 .debug_loc     0x0000732c       0x56 Src\flightcontrol.o
 .debug_loc     0x00007382       0x5a Src\fonts.o
 .debug_loc     0x000073dc      0x23e Src\fuzzy.o
 .debug_loc     0x0000761a       0x71 Src\i2c.o
 .debug_loc     0x0000768b       0xb1 Src\main.o
 .debug_loc     0x0000773c     0x1377 Src\ssd1306.o
 .debug_loc     0x00008ab3       0xcd Src\system_stm32f1xx.o
 .debug_loc     0x00008b80       0xc4 Src\tim.o

.debug_aranges  0x00000000      0xa58
 .debug_aranges
                0x00000000       0xc8 Drivers\STM32F1xx_HAL_Driver\Src\stm32f1xx_hal.o
 .debug_aranges
                0x000000c8       0x90 Drivers\STM32F1xx_HAL_Driver\Src\stm32f1xx_hal_cortex.o
 .debug_aranges
                0x00000158       0x58 Drivers\STM32F1xx_HAL_Driver\Src\stm32f1xx_hal_gpio.o
 .debug_aranges
                0x000001b0      0x190 Drivers\STM32F1xx_HAL_Driver\Src\stm32f1xx_hal_i2c.o
 .debug_aranges
                0x00000340       0x88 Drivers\STM32F1xx_HAL_Driver\Src\stm32f1xx_hal_rcc.o
 .debug_aranges
                0x000003c8      0x250 Drivers\STM32F1xx_HAL_Driver\Src\stm32f1xx_hal_tim.o
 .debug_aranges
                0x00000618       0xe8 Drivers\STM32F1xx_HAL_Driver\Src\stm32f1xx_hal_tim_ex.o
 .debug_aranges
                0x00000700       0x50 Src\Accel.o
 .debug_aranges
                0x00000750       0x20 Src\PID.o
 .debug_aranges
                0x00000770       0x20 Src\flightcontrol.o
 .debug_aranges
                0x00000790       0x20 Src\fonts.o
 .debug_aranges
                0x000007b0       0x38 Src\fuzzy.o
 .debug_aranges
                0x000007e8       0x20 Src\gpio.o
 .debug_aranges
                0x00000808       0x38 Src\i2c.o
 .debug_aranges
                0x00000840       0x38 Src\main.o
 .debug_aranges
                0x00000878       0xd0 Src\ssd1306.o
 .debug_aranges
                0x00000948       0x20 Src\stm32f1xx_hal_msp.o
 .debug_aranges
                0x00000968       0x58 Src\stm32f1xx_it.o
 .debug_aranges
                0x000009c0       0x28 Src\system_stm32f1xx.o
 .debug_aranges
                0x000009e8       0x48 Src\tim.o
 .debug_aranges
                0x00000a30       0x28 startup\startup_stm32f103xb.o

.debug_ranges   0x00000000      0xf68
 .debug_ranges  0x00000000       0xb8 Drivers\STM32F1xx_HAL_Driver\Src\stm32f1xx_hal.o
 .debug_ranges  0x000000b8      0x128 Drivers\STM32F1xx_HAL_Driver\Src\stm32f1xx_hal_cortex.o
 .debug_ranges  0x000001e0       0x60 Drivers\STM32F1xx_HAL_Driver\Src\stm32f1xx_hal_gpio.o
 .debug_ranges  0x00000240      0x438 Drivers\STM32F1xx_HAL_Driver\Src\stm32f1xx_hal_i2c.o
 .debug_ranges  0x00000678       0xa0 Drivers\STM32F1xx_HAL_Driver\Src\stm32f1xx_hal_rcc.o
 .debug_ranges  0x00000718      0x340 Drivers\STM32F1xx_HAL_Driver\Src\stm32f1xx_hal_tim.o
 .debug_ranges  0x00000a58       0xd8 Drivers\STM32F1xx_HAL_Driver\Src\stm32f1xx_hal_tim_ex.o
 .debug_ranges  0x00000b30       0x70 Src\Accel.o
 .debug_ranges  0x00000ba0       0x10 Src\PID.o
 .debug_ranges  0x00000bb0       0x10 Src\flightcontrol.o
 .debug_ranges  0x00000bc0       0x10 Src\fonts.o
 .debug_ranges  0x00000bd0       0x60 Src\fuzzy.o
 .debug_ranges  0x00000c30       0x28 Src\gpio.o
 .debug_ranges  0x00000c58       0x68 Src\i2c.o
 .debug_ranges  0x00000cc0       0x50 Src\main.o
 .debug_ranges  0x00000d10       0xd8 Src\ssd1306.o
 .debug_ranges  0x00000de8       0x58 Src\stm32f1xx_hal_msp.o
 .debug_ranges  0x00000e40       0x48 Src\stm32f1xx_it.o
 .debug_ranges  0x00000e88       0x18 Src\system_stm32f1xx.o
 .debug_ranges  0x00000ea0       0xa8 Src\tim.o
 .debug_ranges  0x00000f48       0x20 startup\startup_stm32f103xb.o

.debug_line     0x00000000     0x73fb
 .debug_line    0x00000000      0x45f Drivers\STM32F1xx_HAL_Driver\Src\stm32f1xx_hal.o
 .debug_line    0x0000045f      0x469 Drivers\STM32F1xx_HAL_Driver\Src\stm32f1xx_hal_cortex.o
 .debug_line    0x000008c8      0x45e Drivers\STM32F1xx_HAL_Driver\Src\stm32f1xx_hal_gpio.o
 .debug_line    0x00000d26     0x1a8b Drivers\STM32F1xx_HAL_Driver\Src\stm32f1xx_hal_i2c.o
 .debug_line    0x000027b1      0x639 Drivers\STM32F1xx_HAL_Driver\Src\stm32f1xx_hal_rcc.o
 .debug_line    0x00002dea     0x115f Drivers\STM32F1xx_HAL_Driver\Src\stm32f1xx_hal_tim.o
 .debug_line    0x00003f49      0x701 Drivers\STM32F1xx_HAL_Driver\Src\stm32f1xx_hal_tim_ex.o
 .debug_line    0x0000464a      0x422 Src\Accel.o
 .debug_line    0x00004a6c      0x13e Src\PID.o
 .debug_line    0x00004baa      0x3ce Src\flightcontrol.o
 .debug_line    0x00004f78      0x2dd Src\fonts.o
 .debug_line    0x00005255      0x2c3 Src\fuzzy.o
 .debug_line    0x00005518      0x271 Src\gpio.o
 .debug_line    0x00005789      0x368 Src\i2c.o
 .debug_line    0x00005af1      0x459 Src\main.o
 .debug_line    0x00005f4a      0x722 Src\ssd1306.o
 .debug_line    0x0000666c      0x283 Src\stm32f1xx_hal_msp.o
 .debug_line    0x000068ef      0x3c6 Src\stm32f1xx_it.o
 .debug_line    0x00006cb5      0x2bf Src\system_stm32f1xx.o
 .debug_line    0x00006f74      0x40a Src\tim.o
 .debug_line    0x0000737e       0x7d startup\startup_stm32f103xb.o

.debug_str      0x00000000     0x3c69
 .debug_str     0x00000000      0xbc0 Drivers\STM32F1xx_HAL_Driver\Src\stm32f1xx_hal.o
                                0xc61 (size before relaxing)
 .debug_str     0x00000bc0      0x2e1 Drivers\STM32F1xx_HAL_Driver\Src\stm32f1xx_hal_cortex.o
                                0xd89 (size before relaxing)
 .debug_str     0x00000ea1      0x1cb Drivers\STM32F1xx_HAL_Driver\Src\stm32f1xx_hal_gpio.o
                                0x8f6 (size before relaxing)
 .debug_str     0x0000106c      0xc4c Drivers\STM32F1xx_HAL_Driver\Src\stm32f1xx_hal_i2c.o
                               0x138c (size before relaxing)
 .debug_str     0x00001cb8      0x306 Drivers\STM32F1xx_HAL_Driver\Src\stm32f1xx_hal_rcc.o
                                0xad4 (size before relaxing)
 .debug_str     0x00001fbe      0xf1b Drivers\STM32F1xx_HAL_Driver\Src\stm32f1xx_hal_tim.o
                               0x1825 (size before relaxing)
 .debug_str     0x00002ed9      0x4f1 Drivers\STM32F1xx_HAL_Driver\Src\stm32f1xx_hal_tim_ex.o
                               0x10c7 (size before relaxing)
 .debug_str     0x000033ca      0x17b Src\Accel.o
                                0xcea (size before relaxing)
 .debug_str     0x00003545       0x48 Src\PID.o
                                0x1c7 (size before relaxing)
 .debug_str     0x0000358d      0x100 Src\flightcontrol.o
                                0xcea (size before relaxing)
 .debug_str     0x0000368d       0x83 Src\fonts.o
                                0x719 (size before relaxing)
 .debug_str     0x00003710       0x52 Src\fuzzy.o
                                0x684 (size before relaxing)
 .debug_str     0x00003762       0x1b Src\gpio.o
                                0x6d0 (size before relaxing)
 .debug_str     0x0000377d       0x4f Src\i2c.o
                                0xc27 (size before relaxing)
 .debug_str     0x000037cc       0xd8 Src\main.o
                               0x11ab (size before relaxing)
 .debug_str     0x000038a4      0x244 Src\ssd1306.o
                                0xe4b (size before relaxing)
 .debug_str     0x00003ae8       0x1b Src\stm32f1xx_hal_msp.o
                                0x70a (size before relaxing)
 .debug_str     0x00003b03       0xd5 Src\stm32f1xx_it.o
                                0xbec (size before relaxing)
 .debug_str     0x00003bd8       0x4d Src\system_stm32f1xx.o
                                0x75f (size before relaxing)
 .debug_str     0x00003c25       0x44 Src\tim.o
                               0x1042 (size before relaxing)

.comment        0x00000000       0x7c
 .comment       0x00000000       0x7c Drivers\STM32F1xx_HAL_Driver\Src\stm32f1xx_hal.o
                                 0x7d (size before relaxing)
 .comment       0x0000007c       0x7d Drivers\STM32F1xx_HAL_Driver\Src\stm32f1xx_hal_cortex.o
 .comment       0x0000007c       0x7d Drivers\STM32F1xx_HAL_Driver\Src\stm32f1xx_hal_gpio.o
 .comment       0x0000007c       0x7d Drivers\STM32F1xx_HAL_Driver\Src\stm32f1xx_hal_i2c.o
 .comment       0x0000007c       0x7d Drivers\STM32F1xx_HAL_Driver\Src\stm32f1xx_hal_rcc.o
 .comment       0x0000007c       0x7d Drivers\STM32F1xx_HAL_Driver\Src\stm32f1xx_hal_tim.o
 .comment       0x0000007c       0x7d Drivers\STM32F1xx_HAL_Driver\Src\stm32f1xx_hal_tim_ex.o
 .comment       0x0000007c       0x7d Src\Accel.o
 .comment       0x0000007c       0x7d Src\PID.o
 .comment       0x0000007c       0x7d Src\flightcontrol.o
 .comment       0x0000007c       0x7d Src\fonts.o
 .comment       0x0000007c       0x7d Src\fuzzy.o
 .comment       0x0000007c       0x7d Src\gpio.o
 .comment       0x0000007c       0x7d Src\i2c.o
 .comment       0x0000007c       0x7d Src\main.o
 .comment       0x0000007c       0x7d Src\ssd1306.o
 .comment       0x0000007c       0x7d Src\stm32f1xx_hal_msp.o
 .comment       0x0000007c       0x7d Src\stm32f1xx_it.o
 .comment       0x0000007c       0x7d Src\system_stm32f1xx.o
 .comment       0x0000007c       0x7d Src\tim.o

.debug_frame    0x00000000     0x23c4
 .debug_frame   0x00000000      0x1b0 Drivers\STM32F1xx_HAL_Driver\Src\stm32f1xx_hal.o
 .debug_frame   0x000001b0      0x120 Drivers\STM32F1xx_HAL_Driver\Src\stm32f1xx_hal_cortex.o
 .debug_frame   0x000002d0       0xd4 Drivers\STM32F1xx_HAL_Driver\Src\stm32f1xx_hal_gpio.o
 .debug_frame   0x000003a4      0x684 Drivers\STM32F1xx_HAL_Driver\Src\stm32f1xx_hal_i2c.o
 .debug_frame   0x00000a28      0x150 Drivers\STM32F1xx_HAL_Driver\Src\stm32f1xx_hal_rcc.o
 .debug_frame   0x00000b78      0x854 Drivers\STM32F1xx_HAL_Driver\Src\stm32f1xx_hal_tim.o
 .debug_frame   0x000013cc      0x320 Drivers\STM32F1xx_HAL_Driver\Src\stm32f1xx_hal_tim_ex.o
 .debug_frame   0x000016ec       0xfc Src\Accel.o
 .debug_frame   0x000017e8       0x30 Src\PID.o
 .debug_frame   0x00001818       0x40 Src\flightcontrol.o
 .debug_frame   0x00001858       0x2c Src\fonts.o
 .debug_frame   0x00001884       0x98 Src\fuzzy.o
 .debug_frame   0x0000191c       0x28 Src\gpio.o
 .debug_frame   0x00001944       0x80 Src\i2c.o
 .debug_frame   0x000019c4       0x74 Src\main.o
 .debug_frame   0x00001a38      0x318 Src\ssd1306.o
 .debug_frame   0x00001d50       0x28 Src\stm32f1xx_hal_msp.o
 .debug_frame   0x00001d78       0xe4 Src\stm32f1xx_it.o
 .debug_frame   0x00001e5c       0x30 Src\system_stm32f1xx.o
 .debug_frame   0x00001e8c       0xac Src\tim.o
 .debug_frame   0x00001f38       0x2c c:/program files (x86)/atollic/truestudio for stm32 9.0.1/armtools/bin/../lib/gcc/arm-atollic-eabi/6.3.1/../../../../arm-atollic-eabi/lib/armv7-m\libc_nano.a(lib_a-init.o)
 .debug_frame   0x00001f64       0x20 c:/program files (x86)/atollic/truestudio for stm32 9.0.1/armtools/bin/../lib/gcc/arm-atollic-eabi/6.3.1/../../../../arm-atollic-eabi/lib/armv7-m\libc_nano.a(lib_a-memset.o)
 .debug_frame   0x00001f84       0x20 c:/program files (x86)/atollic/truestudio for stm32 9.0.1/armtools/bin/../lib/gcc/arm-atollic-eabi/6.3.1/../../../../arm-atollic-eabi/lib/armv7-m\libm.a(lib_a-w_atan2.o)
 .debug_frame   0x00001fa4       0x40 c:/program files (x86)/atollic/truestudio for stm32 9.0.1/armtools/bin/../lib/gcc/arm-atollic-eabi/6.3.1/../../../../arm-atollic-eabi/lib/armv7-m\libm.a(lib_a-w_sqrt.o)
 .debug_frame   0x00001fe4       0x48 c:/program files (x86)/atollic/truestudio for stm32 9.0.1/armtools/bin/../lib/gcc/arm-atollic-eabi/6.3.1/../../../../arm-atollic-eabi/lib/armv7-m\libm.a(lib_a-e_atan2.o)
 .debug_frame   0x0000202c       0x30 c:/program files (x86)/atollic/truestudio for stm32 9.0.1/armtools/bin/../lib/gcc/arm-atollic-eabi/6.3.1/../../../../arm-atollic-eabi/lib/armv7-m\libm.a(lib_a-e_sqrt.o)
 .debug_frame   0x0000205c       0x38 c:/program files (x86)/atollic/truestudio for stm32 9.0.1/armtools/bin/../lib/gcc/arm-atollic-eabi/6.3.1/../../../../arm-atollic-eabi/lib/armv7-m\libm.a(lib_a-s_atan.o)
 .debug_frame   0x00002094       0x20 c:/program files (x86)/atollic/truestudio for stm32 9.0.1/armtools/bin/../lib/gcc/arm-atollic-eabi/6.3.1/../../../../arm-atollic-eabi/lib/armv7-m\libm.a(lib_a-s_fabs.o)
 .debug_frame   0x000020b4       0x20 c:/program files (x86)/atollic/truestudio for stm32 9.0.1/armtools/bin/../lib/gcc/arm-atollic-eabi/6.3.1/../../../../arm-atollic-eabi/lib/armv7-m\libm.a(lib_a-s_matherr.o)
 .debug_frame   0x000020d4       0x20 c:/program files (x86)/atollic/truestudio for stm32 9.0.1/armtools/bin/../lib/gcc/arm-atollic-eabi/6.3.1/../../../../arm-atollic-eabi/lib/armv7-m\libc_nano.a(lib_a-errno.o)
 .debug_frame   0x000020f4       0xac c:/program files (x86)/atollic/truestudio for stm32 9.0.1/armtools/bin/../lib/gcc/arm-atollic-eabi/6.3.1/armv7-m\libgcc.a(_arm_addsubdf3.o)
 .debug_frame   0x000021a0       0x50 c:/program files (x86)/atollic/truestudio for stm32 9.0.1/armtools/bin/../lib/gcc/arm-atollic-eabi/6.3.1/armv7-m\libgcc.a(_arm_muldivdf3.o)
 .debug_frame   0x000021f0       0xc4 c:/program files (x86)/atollic/truestudio for stm32 9.0.1/armtools/bin/../lib/gcc/arm-atollic-eabi/6.3.1/armv7-m\libgcc.a(_arm_cmpdf2.o)
 .debug_frame   0x000022b4       0x20 c:/program files (x86)/atollic/truestudio for stm32 9.0.1/armtools/bin/../lib/gcc/arm-atollic-eabi/6.3.1/armv7-m\libgcc.a(_arm_unorddf2.o)
 .debug_frame   0x000022d4       0x24 c:/program files (x86)/atollic/truestudio for stm32 9.0.1/armtools/bin/../lib/gcc/arm-atollic-eabi/6.3.1/armv7-m\libgcc.a(_arm_fixdfsi.o)
 .debug_frame   0x000022f8       0x24 c:/program files (x86)/atollic/truestudio for stm32 9.0.1/armtools/bin/../lib/gcc/arm-atollic-eabi/6.3.1/armv7-m\libgcc.a(_arm_fixunsdfsi.o)
 .debug_frame   0x0000231c       0x4c c:/program files (x86)/atollic/truestudio for stm32 9.0.1/armtools/bin/../lib/gcc/arm-atollic-eabi/6.3.1/armv7-m\libgcc.a(_arm_addsubsf3.o)
 .debug_frame   0x00002368       0x38 c:/program files (x86)/atollic/truestudio for stm32 9.0.1/armtools/bin/../lib/gcc/arm-atollic-eabi/6.3.1/armv7-m\libgcc.a(_arm_muldivsf3.o)
 .debug_frame   0x000023a0       0x24 c:/program files (x86)/atollic/truestudio for stm32 9.0.1/armtools/bin/../lib/gcc/arm-atollic-eabi/6.3.1/armv7-m\libgcc.a(_arm_fixsfsi.o)
