Archive member included to satisfy reference by file (symbol)

c:/program files (x86)/atollic/truestudio for stm32 9.0.1/armtools/bin/../lib/gcc/arm-atollic-eabi/6.3.1/../../../../arm-atollic-eabi/lib/armv7-m\libc_nano.a(lib_a-init.o)
                              startup\startup_stm32f103xb.o (__libc_init_array)
c:/program files (x86)/atollic/truestudio for stm32 9.0.1/armtools/bin/../lib/gcc/arm-atollic-eabi/6.3.1/../../../../arm-atollic-eabi/lib/armv7-m\libc_nano.a(lib_a-memset.o)
                              Drivers\STM32F1xx_HAL_Driver\Src\stm32f1xx_hal_rcc.o (memset)
c:/program files (x86)/atollic/truestudio for stm32 9.0.1/armtools/bin/../lib/gcc/arm-atollic-eabi/6.3.1/../../../../arm-atollic-eabi/lib/armv7-m\libc_nano.a(lib_a-strlen.o)
                              Src\fonts.o (strlen)
c:/program files (x86)/atollic/truestudio for stm32 9.0.1/armtools/bin/../lib/gcc/arm-atollic-eabi/6.3.1/../../../../arm-atollic-eabi/lib/armv7-m\libm.a(lib_a-w_atan2.o)
                              Src\Accel.o (atan2)
c:/program files (x86)/atollic/truestudio for stm32 9.0.1/armtools/bin/../lib/gcc/arm-atollic-eabi/6.3.1/../../../../arm-atollic-eabi/lib/armv7-m\libm.a(lib_a-w_sqrt.o)
                              Src\Accel.o (sqrt)
c:/program files (x86)/atollic/truestudio for stm32 9.0.1/armtools/bin/../lib/gcc/arm-atollic-eabi/6.3.1/../../../../arm-atollic-eabi/lib/armv7-m\libm.a(lib_a-e_atan2.o)
                              c:/program files (x86)/atollic/truestudio for stm32 9.0.1/armtools/bin/../lib/gcc/arm-atollic-eabi/6.3.1/../../../../arm-atollic-eabi/lib/armv7-m\libm.a(lib_a-w_atan2.o) (__ieee754_atan2)
c:/program files (x86)/atollic/truestudio for stm32 9.0.1/armtools/bin/../lib/gcc/arm-atollic-eabi/6.3.1/../../../../arm-atollic-eabi/lib/armv7-m\libm.a(lib_a-e_sqrt.o)
                              c:/program files (x86)/atollic/truestudio for stm32 9.0.1/armtools/bin/../lib/gcc/arm-atollic-eabi/6.3.1/../../../../arm-atollic-eabi/lib/armv7-m\libm.a(lib_a-w_sqrt.o) (__ieee754_sqrt)
c:/program files (x86)/atollic/truestudio for stm32 9.0.1/armtools/bin/../lib/gcc/arm-atollic-eabi/6.3.1/../../../../arm-atollic-eabi/lib/armv7-m\libm.a(lib_a-s_atan.o)
                              c:/program files (x86)/atollic/truestudio for stm32 9.0.1/armtools/bin/../lib/gcc/arm-atollic-eabi/6.3.1/../../../../arm-atollic-eabi/lib/armv7-m\libm.a(lib_a-e_atan2.o) (atan)
c:/program files (x86)/atollic/truestudio for stm32 9.0.1/armtools/bin/../lib/gcc/arm-atollic-eabi/6.3.1/../../../../arm-atollic-eabi/lib/armv7-m\libm.a(lib_a-s_fabs.o)
                              c:/program files (x86)/atollic/truestudio for stm32 9.0.1/armtools/bin/../lib/gcc/arm-atollic-eabi/6.3.1/../../../../arm-atollic-eabi/lib/armv7-m\libm.a(lib_a-e_atan2.o) (fabs)
c:/program files (x86)/atollic/truestudio for stm32 9.0.1/armtools/bin/../lib/gcc/arm-atollic-eabi/6.3.1/../../../../arm-atollic-eabi/lib/armv7-m\libm.a(lib_a-s_lib_ver.o)
                              c:/program files (x86)/atollic/truestudio for stm32 9.0.1/armtools/bin/../lib/gcc/arm-atollic-eabi/6.3.1/../../../../arm-atollic-eabi/lib/armv7-m\libm.a(lib_a-w_sqrt.o) (__fdlib_version)
c:/program files (x86)/atollic/truestudio for stm32 9.0.1/armtools/bin/../lib/gcc/arm-atollic-eabi/6.3.1/../../../../arm-atollic-eabi/lib/armv7-m\libm.a(lib_a-s_matherr.o)
                              c:/program files (x86)/atollic/truestudio for stm32 9.0.1/armtools/bin/../lib/gcc/arm-atollic-eabi/6.3.1/../../../../arm-atollic-eabi/lib/armv7-m\libm.a(lib_a-w_sqrt.o) (matherr)
c:/program files (x86)/atollic/truestudio for stm32 9.0.1/armtools/bin/../lib/gcc/arm-atollic-eabi/6.3.1/../../../../arm-atollic-eabi/lib/armv7-m\libc_nano.a(lib_a-errno.o)
                              c:/program files (x86)/atollic/truestudio for stm32 9.0.1/armtools/bin/../lib/gcc/arm-atollic-eabi/6.3.1/../../../../arm-atollic-eabi/lib/armv7-m\libm.a(lib_a-w_sqrt.o) (__errno)
c:/program files (x86)/atollic/truestudio for stm32 9.0.1/armtools/bin/../lib/gcc/arm-atollic-eabi/6.3.1/../../../../arm-atollic-eabi/lib/armv7-m\libc_nano.a(lib_a-impure.o)
                              c:/program files (x86)/atollic/truestudio for stm32 9.0.1/armtools/bin/../lib/gcc/arm-atollic-eabi/6.3.1/../../../../arm-atollic-eabi/lib/armv7-m\libc_nano.a(lib_a-errno.o) (_impure_ptr)
c:/program files (x86)/atollic/truestudio for stm32 9.0.1/armtools/bin/../lib/gcc/arm-atollic-eabi/6.3.1/armv7-m\libgcc.a(_lshrdi3.o)
                              Drivers\STM32F1xx_HAL_Driver\Src\stm32f1xx_hal_flash.o (__aeabi_llsr)
c:/program files (x86)/atollic/truestudio for stm32 9.0.1/armtools/bin/../lib/gcc/arm-atollic-eabi/6.3.1/armv7-m\libgcc.a(_arm_addsubdf3.o)
                              c:/program files (x86)/atollic/truestudio for stm32 9.0.1/armtools/bin/../lib/gcc/arm-atollic-eabi/6.3.1/../../../../arm-atollic-eabi/lib/armv7-m\libm.a(lib_a-e_atan2.o) (__aeabi_dsub)
[...]
Memory Configuration

Name             Origin             Length             Attributes
RAM              0x20000000         0x00005000         xrw
FLASH            0x08000000         0x00010000         xr
*default*        0x00000000         0xffffffff

Linker script and memory map

LOAD c:/program files (x86)/atollic/truestudio for stm32 9.0.1/armtools/bin/../lib/gcc/arm-atollic-eabi/6.3.1/armv7-m/crti.o
LOAD c:/program files (x86)/atollic/truestudio for stm32 9.0.1/armtools/bin/../lib/gcc/arm-atollic-eabi/6.3.1/armv7-m/crtbegin.o
LOAD Drivers\STM32F1xx_HAL_Driver\Src\stm32f1xx_hal.o
LOAD Drivers\STM32F1xx_HAL_Driver\Src\stm32f1xx_hal_cortex.o
LOAD Drivers\STM32F1xx_HAL_Driver\Src\stm32f1xx_hal_dma.o
LOAD Drivers\STM32F1xx_HAL_Driver\Src\stm32f1xx_hal_flash.o
LOAD Drivers\STM32F1xx_HAL_Driver\Src\stm32f1xx_hal_flash_ex.o
LOAD Drivers\STM32F1xx_HAL_Driver\Src\stm32f1xx_hal_gpio.o
LOAD Drivers\STM32F1xx_HAL_Driver\Src\stm32f1xx_hal_gpio_ex.o
LOAD Drivers\STM32F1xx_HAL_Driver\Src\stm32f1xx_hal_i2c.o
LOAD Drivers\STM32F1xx_HAL_Driver\Src\stm32f1xx_hal_pwr.o
LOAD Drivers\STM32F1xx_HAL_Driver\Src\stm32f1xx_hal_rcc.o
LOAD Drivers\STM32F1xx_HAL_Driver\Src\stm32f1xx_hal_rcc_ex.o
LOAD Drivers\STM32F1xx_HAL_Driver\Src\stm32f1xx_hal_tim.o
LOAD Drivers\STM32F1xx_HAL_Driver\Src\stm32f1xx_hal_tim_ex.o
LOAD Src\Accel.o
LOAD Src\fonts.o
LOAD Src\gpio.o
LOAD Src\i2c.o
LOAD Src\main.o
LOAD Src\ssd1306.o
LOAD Src\stm32f1xx_hal_msp.o
LOAD Src\stm32f1xx_it.o
LOAD Src\system_stm32f1xx.o
LOAD Src\tim.o
LOAD startup\startup_stm32f103xb.o
                0x00000080                malloc_getpagesize_P = 0x80
START GROUP
LOAD c:/program files (x86)/atollic/truestudio for stm32 9.0.1/armtools/bin/../lib/gcc/arm-atollic-eabi/6.3.1/../../../../arm-atollic-eabi/lib/armv7-m\libc_nano.a
LOAD c:/program files (x86)/atollic/truestudio for stm32 9.0.1/armtools/bin/../lib/gcc/arm-atollic-eabi/6.3.1/../../../../arm-atollic-eabi/lib/armv7-m\libm.a
END GROUP
START GROUP
LOAD c:/program files (x86)/atollic/truestudio for stm32 9.0.1/armtools/bin/../lib/gcc/arm-atollic-eabi/6.3.1/armv7-m\libgcc.a
LOAD c:/program files (x86)/atollic/truestudio for stm32 9.0.1/armtools/bin/../lib/gcc/arm-atollic-eabi/6.3.1/../../../../arm-atollic-eabi/lib/armv7-m\libc_nano.a
END GROUP
START GROUP
LOAD c:/program files (x86)/atollic/truestudio for stm32 9.0.1/armtools/bin/../lib/gcc/arm-atollic-eabi/6.3.1/armv7-m\libgcc.a
LOAD c:/program files (x86)/atollic/truestudio for stm32 9.0.1/armtools/bin/../lib/gcc/arm-atollic-eabi/6.3.1/../../../../arm-atollic-eabi/lib/armv7-m\libc_nano.a
LOAD c:/program files (x86)/atollic/truestudio for stm32 9.0.1/armtools/bin/../lib/gcc/arm-atollic-eabi/6.3.1/../../../../arm-atollic-eabi/lib/armv7-m\libnosys.a
END GROUP
START GROUP
LOAD c:/program files (x86)/atollic/truestudio for stm32 9.0.1/armtools/bin/../lib/gcc/arm-atollic-eabi/6.3.1/armv7-m\libgcc.a
LOAD c:/program files (x86)/atollic/truestudio for stm32 9.0.1/armtools/bin/../lib/gcc/arm-atollic-eabi/6.3.1/../../../../arm-atollic-eabi/lib/armv7-m\libc_nano.a
LOAD c:/program files (x86)/atollic/truestudio for stm32 9.0.1/armtools/bin/../lib/gcc/arm-atollic-eabi/6.3.1/../../../../arm-atollic-eabi/lib/armv7-m\libnosys.a
END GROUP
LOAD c:/program files (x86)/atollic/truestudio for stm32 9.0.1/armtools/bin/../lib/gcc/arm-atollic-eabi/6.3.1/armv7-m/crtend.o
LOAD c:/program files (x86)/atollic/truestudio for stm32 9.0.1/armtools/bin/../lib/gcc/arm-atollic-eabi/6.3.1/armv7-m/crtn.o
                0x20005000                _estack = 0x20005000
                0x00000200                _Min_Heap_Size = 0x200
                0x00000400                _Min_Stack_Size = 0x400

.isr_vector     0x08000000      0x10c
                0x08000000                . = ALIGN (0x4)
 *(.isr_vector)
 .isr_vector    0x08000000      0x10c startup\startup_stm32f103xb.o
                0x08000000                g_pfnVectors
                0x0800010c                . = ALIGN (0x4)

.text           0x08000110     0x39bc
                0x08000110                . = ALIGN (0x4)
 *(.text)
 .text          0x08000110       0x40 c:/program files (x86)/atollic/truestudio for stm32 9.0.1/armtools/bin/../lib/gcc/arm-atollic-eabi/6.3.1/armv7-m/crtbegin.o
 .text          0x08000150      0x370 c:/program files (x86)/atollic/truestudio for stm32 9.0.1/armtools/bin/../lib/gcc/arm-atollic-eabi/6.3.1/armv7-m\libgcc.a(_arm_addsubdf3.o)
                0x08000150                __aeabi_drsub
                0x08000158                __aeabi_dsub
                0x08000158                __subdf3
                0x0800015c                __aeabi_dadd
                0x0800015c                __adddf3
                0x080003d4                __floatunsidf
                0x080003d4                __aeabi_ui2d
                0x080003f4                __floatsidf
                0x080003f4                __aeabi_i2d
                0x08000418                __aeabi_f2d
                0x08000418                __extendsfdf2
                0x08000454                __floatundidf
                0x08000454                __aeabi_ul2d
                0x08000464                __floatdidf
                0x08000464                __aeabi_l2d
 .text          0x080004c0      0x424 c:/program files (x86)/atollic/truestudio for stm32 9.0.1/armtools/bin/../lib/gcc/arm-atollic-eabi/6.3.1/armv7-m\libgcc.a(_arm_muldivdf3.o)
                0x080004c0                __aeabi_dmul
                0x080004c0                __muldf3
                0x08000714                __divdf3
                0x08000714                __aeabi_ddiv
 .text          0x080008e4      0x110 c:/program files (x86)/atollic/truestudio for stm32 9.0.1/armtools/bin/../lib/gcc/arm-atollic-eabi/6.3.1/armv7-m\libgcc.a(_arm_cmpdf2.o)
                0x080008e4                __gtdf2
                0x080008e4                __gedf2
                0x080008ec                __ltdf2
                0x080008ec                __ledf2
                0x080008f4                __nedf2
                0x080008f4                __eqdf2
                0x080008f4                __cmpdf2
                0x08000970                __aeabi_cdrcmple
                0x08000980                __aeabi_cdcmpeq
                0x08000980                __aeabi_cdcmple
                0x08000990                __aeabi_dcmpeq
                0x080009a4                __aeabi_dcmplt
                0x080009b8                __aeabi_dcmple
                0x080009cc                __aeabi_dcmpge
                0x080009e0                __aeabi_dcmpgt
 .text          0x080009f4       0x2c c:/program files (x86)/atollic/truestudio for stm32 9.0.1/armtools/bin/../lib/gcc/arm-atollic-eabi/6.3.1/armv7-m\libgcc.a(_arm_unorddf2.o)
                0x080009f4                __unorddf2
                0x080009f4                __aeabi_dcmpun
 .text          0x08000a20       0x50 c:/program files (x86)/atollic/truestudio for stm32 9.0.1/armtools/bin/../lib/gcc/arm-atollic-eabi/6.3.1/armv7-m\libgcc.a(_arm_fixdfsi.o)
                0x08000a20                __aeabi_d2iz
                0x08000a20                __fixdfsi
 *(.text*)
 .text.HAL_InitTick
                0x08000a70       0x48 Drivers\STM32F1xx_HAL_Driver\Src\stm32f1xx_hal.o
                0x08000a70                HAL_InitTick
 .text.HAL_Init
                0x08000ab8       0x24 Drivers\STM32F1xx_HAL_Driver\Src\stm32f1xx_hal.o
                0x08000ab8                HAL_Init
 .text.HAL_IncTick
                0x08000adc       0x18 Drivers\STM32F1xx_HAL_Driver\Src\stm32f1xx_hal.o
                0x08000adc                HAL_IncTick
 .text.HAL_GetTick
                0x08000af4        0xc Drivers\STM32F1xx_HAL_Driver\Src\stm32f1xx_hal.o
                0x08000af4                HAL_GetTick
 .text.HAL_Delay
                0x08000b00       0x24 Drivers\STM32F1xx_HAL_Driver\Src\stm32f1xx_hal.o
                0x08000b00                HAL_Delay
 .text.HAL_NVIC_SetPriorityGrouping
                0x08000b24       0x24 Drivers\STM32F1xx_HAL_Driver\Src\stm32f1xx_hal_cortex.o
                0x08000b24                HAL_NVIC_SetPriorityGrouping
 .text.HAL_NVIC_SetPriority
                0x08000b48       0x68 Drivers\STM32F1xx_HAL_Driver\Src\stm32f1xx_hal_cortex.o
                0x08000b48                HAL_NVIC_SetPriority
 .text.HAL_NVIC_EnableIRQ
                0x08000bb0       0x18 Drivers\STM32F1xx_HAL_Driver\Src\stm32f1xx_hal_cortex.o
                0x08000bb0                HAL_NVIC_EnableIRQ
 .text.HAL_SYSTICK_Config
                0x08000bc8       0x2c Drivers\STM32F1xx_HAL_Driver\Src\stm32f1xx_hal_cortex.o
                0x08000bc8                HAL_SYSTICK_Config
 .text.HAL_GPIO_Init
                0x08000bf4      0x1c0 Drivers\STM32F1xx_HAL_Driver\Src\stm32f1xx_hal_gpio.o
                0x08000bf4                HAL_GPIO_Init
 .text.I2C_IsAcknowledgeFailed
                0x08000db4       0x2a Drivers\STM32F1xx_HAL_Driver\Src\stm32f1xx_hal_i2c.o
 .text.I2C_WaitOnMasterAddressFlagUntilTimeout
                0x08000dde       0x80 Drivers\STM32F1xx_HAL_Driver\Src\stm32f1xx_hal_i2c.o
 .text.I2C_WaitOnFlagUntilTimeout
                0x08000e5e       0x5c Drivers\STM32F1xx_HAL_Driver\Src\stm32f1xx_hal_i2c.o
 .text.I2C_WaitOnTXEFlagUntilTimeout
                0x08000eba       0x4c Drivers\STM32F1xx_HAL_Driver\Src\stm32f1xx_hal_i2c.o
 *fill*         0x08000f06        0x2 
 .text.I2C_RequestMemoryWrite
                0x08000f08       0xa4 Drivers\STM32F1xx_HAL_Driver\Src\stm32f1xx_hal_i2c.o
 .text.I2C_RequestMemoryRead
                0x08000fac       0xf4 Drivers\STM32F1xx_HAL_Driver\Src\stm32f1xx_hal_i2c.o
 .text.I2C_WaitOnRXNEFlagUntilTimeout
                0x080010a0       0x5a Drivers\STM32F1xx_HAL_Driver\Src\stm32f1xx_hal_i2c.o
 .text.I2C_WaitOnBTFFlagUntilTimeout
                0x080010fa       0x4c Drivers\STM32F1xx_HAL_Driver\Src\stm32f1xx_hal_i2c.o
 *fill*         0x08001146        0x2 
 .text.HAL_I2C_Init
                0x08001148      0x100 Drivers\STM32F1xx_HAL_Driver\Src\stm32f1xx_hal_i2c.o
                0x08001148                HAL_I2C_Init
 .text.HAL_I2C_Master_Transmit
                0x08001248      0x1ac Drivers\STM32F1xx_HAL_Driver\Src\stm32f1xx_hal_i2c.o
                0x08001248                HAL_I2C_Master_Transmit
 .text.HAL_I2C_Mem_Write
                0x080013f4      0x12c Drivers\STM32F1xx_HAL_Driver\Src\stm32f1xx_hal_i2c.o
                0x080013f4                HAL_I2C_Mem_Write
 .text.HAL_I2C_Mem_Read
                0x08001520      0x240 Drivers\STM32F1xx_HAL_Driver\Src\stm32f1xx_hal_i2c.o
                0x08001520                HAL_I2C_Mem_Read
 .text.HAL_I2C_IsDeviceReady
                0x08001760      0x160 Drivers\STM32F1xx_HAL_Driver\Src\stm32f1xx_hal_i2c.o
                0x08001760                HAL_I2C_IsDeviceReady
 .text.HAL_RCC_OscConfig
                0x080018c0      0x318 Drivers\STM32F1xx_HAL_Driver\Src\stm32f1xx_hal_rcc.o
                0x080018c0                HAL_RCC_OscConfig
 .text.HAL_RCC_GetSysClockFreq
                0x08001bd8       0x78 Drivers\STM32F1xx_HAL_Driver\Src\stm32f1xx_hal_rcc.o
                0x08001bd8                HAL_RCC_GetSysClockFreq
 .text.HAL_RCC_ClockConfig
                0x08001c50      0x164 Drivers\STM32F1xx_HAL_Driver\Src\stm32f1xx_hal_rcc.o
                0x08001c50                HAL_RCC_ClockConfig
 .text.HAL_RCC_GetPCLK1Freq
                0x08001db4       0x20 Drivers\STM32F1xx_HAL_Driver\Src\stm32f1xx_hal_rcc.o
                0x08001db4                HAL_RCC_GetPCLK1Freq
 .text.TIM_OC1_SetConfig
                0x08001dd4       0x50 Drivers\STM32F1xx_HAL_Driver\Src\stm32f1xx_hal_tim.o
 .text.TIM_OC3_SetConfig
                0x08001e24       0x54 Drivers\STM32F1xx_HAL_Driver\Src\stm32f1xx_hal_tim.o
 .text.TIM_OC4_SetConfig
                0x08001e78       0x44 Drivers\STM32F1xx_HAL_Driver\Src\stm32f1xx_hal_tim.o
 .text.HAL_TIM_Base_Start_IT
                0x08001ebc       0x16 Drivers\STM32F1xx_HAL_Driver\Src\stm32f1xx_hal_tim.o
                0x08001ebc                HAL_TIM_Base_Start_IT
 .text.HAL_TIM_PWM_MspInit
                0x08001ed2        0x2 Drivers\STM32F1xx_HAL_Driver\Src\stm32f1xx_hal_tim.o
                0x08001ed2                HAL_TIM_PWM_MspInit
 .text.HAL_TIM_ConfigClockSource
                0x08001ed4      0x172 Drivers\STM32F1xx_HAL_Driver\Src\stm32f1xx_hal_tim.o
                0x08001ed4                HAL_TIM_ConfigClockSource
 .text.HAL_TIM_PeriodElapsedCallback
                0x08002046        0x2 Drivers\STM32F1xx_HAL_Driver\Src\stm32f1xx_hal_tim.o
                0x08002046                HAL_TIM_PeriodElapsedCallback
 .text.HAL_TIM_OC_DelayElapsedCallback
                0x08002048        0x2 Drivers\STM32F1xx_HAL_Driver\Src\stm32f1xx_hal_tim.o
                0x08002048                HAL_TIM_OC_DelayElapsedCallback
 .text.HAL_TIM_IC_CaptureCallback
                0x0800204a        0x2 Drivers\STM32F1xx_HAL_Driver\Src\stm32f1xx_hal_tim.o
                0x0800204a                HAL_TIM_IC_CaptureCallback
 .text.HAL_TIM_PWM_PulseFinishedCallback
                0x0800204c        0x2 Drivers\STM32F1xx_HAL_Driver\Src\stm32f1xx_hal_tim.o
                0x0800204c                HAL_TIM_PWM_PulseFinishedCallback
 .text.HAL_TIM_TriggerCallback
                0x0800204e        0x2 Drivers\STM32F1xx_HAL_Driver\Src\stm32f1xx_hal_tim.o
                0x0800204e                HAL_TIM_TriggerCallback
 .text.HAL_TIM_IRQHandler
                0x08002050      0x144 Drivers\STM32F1xx_HAL_Driver\Src\stm32f1xx_hal_tim.o
                0x08002050                HAL_TIM_IRQHandler
 .text.TIM_Base_SetConfig
                0x08002194       0x70 Drivers\STM32F1xx_HAL_Driver\Src\stm32f1xx_hal_tim.o
                0x08002194                TIM_Base_SetConfig
 .text.HAL_TIM_Base_Init
                0x08002204       0x34 Drivers\STM32F1xx_HAL_Driver\Src\stm32f1xx_hal_tim.o
                0x08002204                HAL_TIM_Base_Init
 .text.HAL_TIM_PWM_Init
                0x08002238       0x34 Drivers\STM32F1xx_HAL_Driver\Src\stm32f1xx_hal_tim.o
                0x08002238                HAL_TIM_PWM_Init
 .text.TIM_OC2_SetConfig
                0x0800226c       0x58 Drivers\STM32F1xx_HAL_Driver\Src\stm32f1xx_hal_tim.o
                0x0800226c                TIM_OC2_SetConfig
 .text.HAL_TIM_PWM_ConfigChannel
                0x080022c4       0xc4 Drivers\STM32F1xx_HAL_Driver\Src\stm32f1xx_hal_tim.o
                0x080022c4                HAL_TIM_PWM_ConfigChannel
 .text.TIM_CCxChannelCmd
                0x08002388       0x18 Drivers\STM32F1xx_HAL_Driver\Src\stm32f1xx_hal_tim.o
                0x08002388                TIM_CCxChannelCmd
 .text.HAL_TIM_PWM_Start
                0x080023a0       0x2c Drivers\STM32F1xx_HAL_Driver\Src\stm32f1xx_hal_tim.o
                0x080023a0                HAL_TIM_PWM_Start
 .text.HAL_TIMEx_MasterConfigSynchronization
                0x080023cc       0x44 Drivers\STM32F1xx_HAL_Driver\Src\stm32f1xx_hal_tim_ex.o
                0x080023cc                HAL_TIMEx_MasterConfigSynchronization
 .text.HAL_TIMEx_CommutationCallback
                0x08002410        0x2 Drivers\STM32F1xx_HAL_Driver\Src\stm32f1xx_hal_tim_ex.o
                0x08002410                HAL_TIMEx_CommutationCallback
 .text.HAL_TIMEx_BreakCallback
                0x08002412        0x2 Drivers\STM32F1xx_HAL_Driver\Src\stm32f1xx_hal_tim_ex.o
                0x08002412                HAL_TIMEx_BreakCallback
 .text.Accel_ini
                0x08002414       0x98 Src\Accel.o
                0x08002414                Accel_ini
 .text.Accel_GetXYZ
                0x080024ac       0x64 Src\Accel.o
                0x080024ac                Accel_GetXYZ
 .text.Gyro_GetXYZ
                0x08002510       0x64 Src\Accel.o
                0x08002510                Gyro_GetXYZ
 *fill*         0x08002574        0x4 
 .text.Accel_ReadAcc
                0x08002578      0x1d8 Src\Accel.o
                0x08002578                Accel_ReadAcc
 .text.ReadGyro
                0x08002750      0x148 Src\Accel.o
                0x08002750                ReadGyro
 .text.GyroCalibrate
                0x08002898       0x54 Src\Accel.o
                0x08002898                GyroCalibrate
 .text.deriveGyro
                0x080028ec       0x30 Src\Accel.o
                0x080028ec                deriveGyro
 .text.MX_GPIO_Init
                0x0800291c       0x44 Src\gpio.o
                0x0800291c                MX_GPIO_Init
 .text.MX_I2C1_Init
                0x08002960       0x40 Src\i2c.o
                0x08002960                MX_I2C1_Init
 .text.MX_I2C2_Init
                0x080029a0       0x40 Src\i2c.o
                0x080029a0                MX_I2C2_Init
 .text.HAL_I2C_MspInit
                0x080029e0       0xac Src\i2c.o
                0x080029e0                HAL_I2C_MspInit
 .text.SystemClock_Config
                0x08002a8c       0x54 Src\main.o
                0x08002a8c                SystemClock_Config
 .text.convertToChar
                0x08002ae0       0x48 Src\main.o
                0x08002ae0                convertToChar
 .text.startup.main
                0x08002b28      0x104 Src\main.o
                0x08002b28                main
 .text.Error_Handler
                0x08002c2c        0x2 Src\main.o
                0x08002c2c                Error_Handler
 *fill*         0x08002c2e        0x2 
 .text.SSD1306_UpdateScreen
                0x08002c30       0x28 Src\ssd1306.o
                0x08002c30                SSD1306_UpdateScreen
 .text.SSD1306_Fill
                0x08002c58       0x18 Src\ssd1306.o
                0x08002c58                SSD1306_Fill
 .text.SSD1306_DrawPixel
                0x08002c70       0x48 Src\ssd1306.o
                0x08002c70                SSD1306_DrawPixel
 .text.SSD1306_GotoXY
                0x08002cb8        0xc Src\ssd1306.o
                0x08002cb8                SSD1306_GotoXY
 .text.SSD1306_Putc
                0x08002cc4       0x74 Src\ssd1306.o
                0x08002cc4                SSD1306_Putc
 .text.SSD1306_Puts
                0x08002d38       0x22 Src\ssd1306.o
                0x08002d38                SSD1306_Puts
 *fill*         0x08002d5a        0x2 
 .text.ssd1306_I2C_Write
                0x08002d5c       0x24 Src\ssd1306.o
                0x08002d5c                ssd1306_I2C_Write
 .text.SSD1306_Init
                0x08002d80      0x154 Src\ssd1306.o
                0x08002d80                SSD1306_Init
 .text.HAL_MspInit
                0x08002ed4       0x44 Src\stm32f1xx_hal_msp.o
                0x08002ed4                HAL_MspInit
 .text.NMI_Handler
                0x08002f18        0x2 Src\stm32f1xx_it.o
                0x08002f18                NMI_Handler
 .text.HardFault_Handler
                0x08002f1a        0x2 Src\stm32f1xx_it.o
                0x08002f1a                HardFault_Handler
 .text.MemManage_Handler
                0x08002f1c        0x2 Src\stm32f1xx_it.o
                0x08002f1c                MemManage_Handler
 .text.BusFault_Handler
                0x08002f1e        0x2 Src\stm32f1xx_it.o
                0x08002f1e                BusFault_Handler
 .text.UsageFault_Handler
                0x08002f20        0x2 Src\stm32f1xx_it.o
                0x08002f20                UsageFault_Handler
 .text.SVC_Handler
                0x08002f22        0x2 Src\stm32f1xx_it.o
                0x08002f22                SVC_Handler
 .text.DebugMon_Handler
                0x08002f24        0x2 Src\stm32f1xx_it.o
                0x08002f24                DebugMon_Handler
 .text.PendSV_Handler
                0x08002f26        0x2 Src\stm32f1xx_it.o
                0x08002f26                PendSV_Handler
 .text.SysTick_Handler
                0x08002f28        0x4 Src\stm32f1xx_it.o
                0x08002f28                SysTick_Handler
 .text.TIM3_IRQHandler
                0x08002f2c      0x120 Src\stm32f1xx_it.o
                0x08002f2c                TIM3_IRQHandler
 .text.TIM4_IRQHandler
                0x0800304c       0x14 Src\stm32f1xx_it.o
                0x0800304c                TIM4_IRQHandler
 .text.SystemInit
                0x08003060       0x4c Src\system_stm32f1xx.o
                0x08003060                SystemInit
 .text.MX_TIM3_Init
                0x080030ac       0x6c Src\tim.o
                0x080030ac                MX_TIM3_Init
 .text.MX_TIM4_Init
                0x08003118       0x6c Src\tim.o
                0x08003118                MX_TIM4_Init
 .text.HAL_TIM_Base_MspInit
                0x08003184       0x88 Src\tim.o
                0x08003184                HAL_TIM_Base_MspInit
 .text.HAL_TIM_MspPostInit
                0x0800320c       0x48 Src\tim.o
                0x0800320c                HAL_TIM_MspPostInit
 .text.MX_TIM2_Init
                0x08003254       0xc4 Src\tim.o
                0x08003254                MX_TIM2_Init
 .text.Reset_Handler
                0x08003318       0x48 startup\startup_stm32f103xb.o
                0x08003318                Reset_Handler
 .text.Default_Handler
                0x08003360        0x2 startup\startup_stm32f103xb.o
                0x08003360                RTC_Alarm_IRQHandler
                0x08003360                EXTI2_IRQHandler
                0x08003360                TIM1_CC_IRQHandler
                0x08003360                PVD_IRQHandler
                0x08003360                EXTI3_IRQHandler
                0x08003360                EXTI0_IRQHandler
                0x08003360                I2C2_EV_IRQHandler
                0x08003360                ADC1_2_IRQHandler
                0x08003360                SPI1_IRQHandler
                0x08003360                TAMPER_IRQHandler
                0x08003360                DMA1_Channel4_IRQHandler
                0x08003360                USART3_IRQHandler
                0x08003360                RTC_IRQHandler
                0x08003360                DMA1_Channel7_IRQHandler
                0x08003360                CAN1_RX1_IRQHandler
                0x08003360                I2C1_EV_IRQHandler
                0x08003360                DMA1_Channel6_IRQHandler
                0x08003360                RCC_IRQHandler
                0x08003360                TIM1_TRG_COM_IRQHandler
                0x08003360                DMA1_Channel1_IRQHandler
                0x08003360                Default_Handler
                0x08003360                EXTI15_10_IRQHandler
                0x08003360                EXTI9_5_IRQHandler
                0x08003360                SPI2_IRQHandler
                0x08003360                DMA1_Channel5_IRQHandler
                0x08003360                EXTI4_IRQHandler
                0x08003360                USB_LP_CAN1_RX0_IRQHandler
                0x08003360                USB_HP_CAN1_TX_IRQHandler
                0x08003360                DMA1_Channel3_IRQHandler
                0x08003360                TIM1_UP_IRQHandler
                0x08003360                WWDG_IRQHandler
                0x08003360                TIM2_IRQHandler
                0x08003360                TIM1_BRK_IRQHandler
                0x08003360                EXTI1_IRQHandler
                0x08003360                USART2_IRQHandler
                0x08003360                I2C2_ER_IRQHandler
                0x08003360                DMA1_Channel2_IRQHandler
                0x08003360                CAN1_SCE_IRQHandler
                0x08003360                FLASH_IRQHandler
                0x08003360                USART1_IRQHandler
                0x08003360                I2C1_ER_IRQHandler
                0x08003360                USBWakeUp_IRQHandler
 *fill*         0x08003362        0x2 
 .text.__libc_init_array
                0x08003364       0x48 c:/program files (x86)/atollic/truestudio for stm32 9.0.1/armtools/bin/../lib/gcc/arm-atollic-eabi/6.3.1/../../../../arm-atollic-eabi/lib/armv7-m\libc_nano.a(lib_a-init.o)
                0x08003364                __libc_init_array
 .text.memset   0x080033ac       0x10 c:/program files (x86)/atollic/truestudio for stm32 9.0.1/armtools/bin/../lib/gcc/arm-atollic-eabi/6.3.1/../../../../arm-atollic-eabi/lib/armv7-m\libc_nano.a(lib_a-memset.o)
                0x080033ac                memset
 .text.atan2    0x080033bc        0x4 c:/program files (x86)/atollic/truestudio for stm32 9.0.1/armtools/bin/../lib/gcc/arm-atollic-eabi/6.3.1/../../../../arm-atollic-eabi/lib/armv7-m\libm.a(lib_a-w_atan2.o)
                0x080033bc                atan2
 .text.sqrt     0x080033c0       0xa8 c:/program files (x86)/atollic/truestudio for stm32 9.0.1/armtools/bin/../lib/gcc/arm-atollic-eabi/6.3.1/../../../../arm-atollic-eabi/lib/armv7-m\libm.a(lib_a-w_sqrt.o)
                0x080033c0                sqrt
 .text.__ieee754_atan2
                0x08003468      0x1b4 c:/program files (x86)/atollic/truestudio for stm32 9.0.1/armtools/bin/../lib/gcc/arm-atollic-eabi/6.3.1/../../../../arm-atollic-eabi/lib/armv7-m\libm.a(lib_a-e_atan2.o)
                0x08003468                __ieee754_atan2
 .text.__ieee754_sqrt
                0x0800361c      0x158 c:/program files (x86)/atollic/truestudio for stm32 9.0.1/armtools/bin/../lib/gcc/arm-atollic-eabi/6.3.1/../../../../arm-atollic-eabi/lib/armv7-m\libm.a(lib_a-e_sqrt.o)
                0x0800361c                __ieee754_sqrt
 *fill*         0x08003774        0x4 
 .text.atan     0x08003778      0x324 c:/program files (x86)/atollic/truestudio for stm32 9.0.1/armtools/bin/../lib/gcc/arm-atollic-eabi/6.3.1/../../../../arm-atollic-eabi/lib/armv7-m\libm.a(lib_a-s_atan.o)
                0x08003778                atan
 .text.fabs     0x08003a9c        0x6 c:/program files (x86)/atollic/truestudio for stm32 9.0.1/armtools/bin/../lib/gcc/arm-atollic-eabi/6.3.1/../../../../arm-atollic-eabi/lib/armv7-m\libm.a(lib_a-s_fabs.o)
                0x08003a9c                fabs
 .text.matherr  0x08003aa2        0x4 c:/program files (x86)/atollic/truestudio for stm32 9.0.1/armtools/bin/../lib/gcc/arm-atollic-eabi/6.3.1/../../../../arm-atollic-eabi/lib/armv7-m\libm.a(lib_a-s_matherr.o)
                0x08003aa2                matherr
 *fill*         0x08003aa6        0x2 
 .text.__errno  0x08003aa8        0xc c:/program files (x86)/atollic/truestudio for stm32 9.0.1/armtools/bin/../lib/gcc/arm-atollic-eabi/6.3.1/../../../../arm-atollic-eabi/lib/armv7-m\libc_nano.a(lib_a-errno.o)
                0x08003aa8                __errno
 *(.glue_7)
 .glue_7        0x08003ab4        0x0 linker stubs
 *(.glue_7t)
 .glue_7t       0x08003ab4        0x0 linker stubs
 *(.eh_frame)
 .eh_frame      0x08003ab4        0x0 c:/program files (x86)/atollic/truestudio for stm32 9.0.1/armtools/bin/../lib/gcc/arm-atollic-eabi/6.3.1/armv7-m/crtbegin.o
 *(.init)
 .init          0x08003ab4        0x4 c:/program files (x86)/atollic/truestudio for stm32 9.0.1/armtools/bin/../lib/gcc/arm-atollic-eabi/6.3.1/armv7-m/crti.o
                0x08003ab4                _init
 .init          0x08003ab8        0x8 c:/program files (x86)/atollic/truestudio for stm32 9.0.1/armtools/bin/../lib/gcc/arm-atollic-eabi/6.3.1/armv7-m/crtn.o
 *(.fini)
 .fini          0x08003ac0        0x4 c:/program files (x86)/atollic/truestudio for stm32 9.0.1/armtools/bin/../lib/gcc/arm-atollic-eabi/6.3.1/armv7-m/crti.o
                0x08003ac0                _fini
 .fini          0x08003ac4        0x8 c:/program files (x86)/atollic/truestudio for stm32 9.0.1/armtools/bin/../lib/gcc/arm-atollic-eabi/6.3.1/armv7-m/crtn.o
                0x08003acc                . = ALIGN (0x4)
                0x08003acc                _etext = .

.vfp11_veneer   0x08003acc        0x0
 .vfp11_veneer  0x08003acc        0x0 linker stubs

.v4_bx          0x08003acc        0x0
 .v4_bx         0x08003acc        0x0 linker stubs

.iplt           0x08003acc        0x0
 .iplt          0x08003acc        0x0 c:/program files (x86)/atollic/truestudio for stm32 9.0.1/armtools/bin/../lib/gcc/arm-atollic-eabi/6.3.1/armv7-m/crtbegin.o

.rodata         0x08003ad0      0xa70
                0x08003ad0                . = ALIGN (0x4)
 *(.rodata)
 .rodata        0x08003ad0       0x10 Drivers\STM32F1xx_HAL_Driver\Src\stm32f1xx_hal_rcc.o
 *(.rodata*)
 .rodata.Font7x10
                0x08003ae0      0xa00 Src\fonts.o
                0x08003ae0                Font7x10
 .rodata.AHBPrescTable
                0x080044e0       0x10 Src\system_stm32f1xx.o
                0x080044e0                AHBPrescTable
 .rodata.APBPrescTable
                0x080044f0        0x8 Src\system_stm32f1xx.o
                0x080044f0                APBPrescTable
 .rodata.sqrt.str1.1
                0x080044f8        0x5 c:/program files (x86)/atollic/truestudio for stm32 9.0.1/armtools/bin/../lib/gcc/arm-atollic-eabi/6.3.1/../../../../arm-atollic-eabi/lib/armv7-m\libm.a(lib_a-w_sqrt.o)
 *fill*         0x080044fd        0x3 
 .rodata.atanhi
                0x08004500       0x20 c:/program files (x86)/atollic/truestudio for stm32 9.0.1/armtools/bin/../lib/gcc/arm-atollic-eabi/6.3.1/../../../../arm-atollic-eabi/lib/armv7-m\libm.a(lib_a-s_atan.o)
 .rodata.atanlo
                0x08004520       0x20 c:/program files (x86)/atollic/truestudio for stm32 9.0.1/armtools/bin/../lib/gcc/arm-atollic-eabi/6.3.1/../../../../arm-atollic-eabi/lib/armv7-m\libm.a(lib_a-s_atan.o)
                0x08004540                . = ALIGN (0x4)

.rel.dyn        0x08004540        0x0
 .rel.iplt      0x08004540        0x0 c:/program files (x86)/atollic/truestudio for stm32 9.0.1/armtools/bin/../lib/gcc/arm-atollic-eabi/6.3.1/armv7-m/crtbegin.o

.ARM.extab
 *(.ARM.extab* .gnu.linkonce.armextab.*)

.ARM            0x08004540        0x0
                0x08004540                __exidx_start = .
 *(.ARM.exidx*)
                0x08004540                __exidx_end = .

.preinit_array  0x08004540        0x0
                0x08004540                PROVIDE (__preinit_array_start, .)
 *(.preinit_array*)
                0x08004540                PROVIDE (__preinit_array_end, .)

.init_array     0x08004540        0x4
                0x08004540                PROVIDE (__init_array_start, .)
 *(SORT(.init_array.*))
 *(.init_array*)
 .init_array    0x08004540        0x4 c:/program files (x86)/atollic/truestudio for stm32 9.0.1/armtools/bin/../lib/gcc/arm-atollic-eabi/6.3.1/armv7-m/crtbegin.o
                0x08004544                PROVIDE (__init_array_end, .)

.fini_array     0x08004544        0x4
                [!provide]                PROVIDE (__fini_array_start, .)
 *(SORT(.fini_array.*))
 *(.fini_array*)
 .fini_array    0x08004544        0x4 c:/program files (x86)/atollic/truestudio for stm32 9.0.1/armtools/bin/../lib/gcc/arm-atollic-eabi/6.3.1/armv7-m/crtbegin.o
                [!provide]                PROVIDE (__fini_array_end, .)
                0x08004548                _sidata = LOADADDR (.data)

.data           0x20000000       0x7c load address 0x08004548
                0x20000000                . = ALIGN (0x4)
                0x20000000                _sdata = .
 *(.data)
 *(.data*)
 .data.uwTickFreq
                0x20000000        0x1 Drivers\STM32F1xx_HAL_Driver\Src\stm32f1xx_hal.o
                0x20000000                uwTickFreq
 *fill*         0x20000001        0x3 
 .data.uwTickPrio
                0x20000004        0x4 Drivers\STM32F1xx_HAL_Driver\Src\stm32f1xx_hal.o
                0x20000004                uwTickPrio
 .data.Font_7x10
                0x20000008        0x8 Src\fonts.o
                0x20000008                Font_7x10
 .data.SystemCoreClock
                0x20000010        0x4 Src\system_stm32f1xx.o
                0x20000010                SystemCoreClock
 .data.__fdlib_version
                0x20000014        0x1 c:/program files (x86)/atollic/truestudio for stm32 9.0.1/armtools/bin/../lib/gcc/arm-atollic-eabi/6.3.1/../../../../arm-atollic-eabi/lib/armv7-m\libm.a(lib_a-s_lib_ver.o)
                0x20000014                __fdlib_version
 *fill*         0x20000015        0x3 
 .data._impure_ptr
                0x20000018        0x4 c:/program files (x86)/atollic/truestudio for stm32 9.0.1/armtools/bin/../lib/gcc/arm-atollic-eabi/6.3.1/../../../../arm-atollic-eabi/lib/armv7-m\libc_nano.a(lib_a-impure.o)
                0x20000018                _impure_ptr
 .data.impure_data
                0x2000001c       0x60 c:/program files (x86)/atollic/truestudio for stm32 9.0.1/armtools/bin/../lib/gcc/arm-atollic-eabi/6.3.1/../../../../arm-atollic-eabi/lib/armv7-m\libc_nano.a(lib_a-impure.o)
                0x2000007c                . = ALIGN (0x4)
                0x2000007c                _edata = .

.igot.plt       0x2000007c        0x0 load address 0x080045c4
 .igot.plt      0x2000007c        0x0 c:/program files (x86)/atollic/truestudio for stm32 9.0.1/armtools/bin/../lib/gcc/arm-atollic-eabi/6.3.1/armv7-m/crtbegin.o
                0x2000007c                . = ALIGN (0x4)

.bss            0x2000007c      0x5d8 load address 0x080045c4
                0x2000007c                _sbss = .
                0x2000007c                __bss_start__ = _sbss
 *(.bss)
 .bss           0x2000007c       0x1c c:/program files (x86)/atollic/truestudio for stm32 9.0.1/armtools/bin/../lib/gcc/arm-atollic-eabi/6.3.1/armv7-m/crtbegin.o
 *(.bss*)
 .bss.SSD1306   0x20000098        0x6 Src\ssd1306.o
 .bss.SSD1306_Buffer_all
                0x2000009e      0x401 Src\ssd1306.o
 *(COMMON)
 *fill*         0x2000049f        0x1 
 COMMON         0x200004a0        0x4 Drivers\STM32F1xx_HAL_Driver\Src\stm32f1xx_hal.o
                0x200004a0                uwTick
 COMMON         0x200004a4       0xa8 Src\i2c.o
                0x200004a4                hi2c1
                0x200004f8                hi2c2
 COMMON         0x2000054c       0x47 Src\main.o
                0x2000054c                ytemp
                0x2000054e                xGyro
                0x20000550                flag
                0x20000552                ztemp
                0x20000554                yval
                0x20000556                zdata
                0x20000558                YGf
                0x2000055c                fGZ_Cal
                0x20000560                fGX_Cal
                0x20000564                fGY_Cal
                0x20000568                val
                0x2000056a                XG
                0x2000056c                val2
                0x2000056e                ZGf
                0x20000570                yGyro
                0x20000572                val3
                0x20000574                counter
                0x20000576                xval
                0x20000578                xtemp
                0x2000057a                xdata
                0x2000057c                ydata
                0x2000057e                zval
                0x20000580                XGf
                0x20000582                ZG
                0x20000584                YG
                0x20000586                str
                0x2000058e                val1
                0x20000590                zGyro
                0x20000592                status
 *fill*         0x20000593        0x1 
 COMMON         0x20000594       0xc0 Src\tim.o
                0x20000594                htim4
                0x200005d4                htim3
                0x20000614                htim2
                0x20000654                . = ALIGN (0x4)
                0x20000654                _ebss = .
                0x20000654                __bss_end__ = _ebss

._user_heap_stack
                0x20000654      0x600 load address 0x080045c4
                0x20000654                . = ALIGN (0x4)
                [!provide]                PROVIDE (end, .)
                [!provide]                PROVIDE (_end, .)
                0x20000854                . = (. + _Min_Heap_Size)
 *fill*         0x20000654      0x200 
                0x20000c54                . = (. + _Min_Stack_Size)
 *fill*         0x20000854      0x400 
                0x20000c54                . = ALIGN (0x4)

/DISCARD/
 libc.a(*)
 libm.a(*)
 libgcc.a(*)

.ARM.attributes
                0x00000000       0x29
 *(.ARM.attributes)
 .ARM.attributes
                0x00000000       0x1d c:/program files (x86)/atollic/truestudio for stm32 9.0.1/armtools/bin/../lib/gcc/arm-atollic-eabi/6.3.1/armv7-m/crti.o
 .ARM.attributes
                0x0000001d       0x2d c:/program files (x86)/atollic/truestudio for stm32 9.0.1/armtools/bin/../lib/gcc/arm-atollic-eabi/6.3.1/armv7-m/crtbegin.o
 .ARM.attributes
                0x0000004a       0x33 Drivers\STM32F1xx_HAL_Driver\Src\stm32f1xx_hal.o
 .ARM.attributes
                0x0000007d       0x33 Drivers\STM32F1xx_HAL_Driver\Src\stm32f1xx_hal_cortex.o
 .ARM.attributes
                0x000000b0       0x33 Drivers\STM32F1xx_HAL_Driver\Src\stm32f1xx_hal_gpio.o
 .ARM.attributes
                0x000000e3       0x33 Drivers\STM32F1xx_HAL_Driver\Src\stm32f1xx_hal_i2c.o
 .ARM.attributes
                0x00000116       0x33 Drivers\STM32F1xx_HAL_Driver\Src\stm32f1xx_hal_rcc.o
 .ARM.attributes
                0x00000149       0x33 Drivers\STM32F1xx_HAL_Driver\Src\stm32f1xx_hal_tim.o
 .ARM.attributes
                0x0000017c       0x33 Drivers\STM32F1xx_HAL_Driver\Src\stm32f1xx_hal_tim_ex.o
 .ARM.attributes
                0x000001af       0x33 Src\Accel.o
 .ARM.attributes
                0x000001e2       0x33 Src\fonts.o
 .ARM.attributes
                0x00000215       0x33 Src\gpio.o
 .ARM.attributes
                0x00000248       0x33 Src\i2c.o
 .ARM.attributes
                0x0000027b       0x33 Src\main.o
 .ARM.attributes
                0x000002ae       0x33 Src\ssd1306.o
 .ARM.attributes
                0x000002e1       0x33 Src\stm32f1xx_hal_msp.o
 .ARM.attributes
                0x00000314       0x33 Src\stm32f1xx_it.o
 .ARM.attributes
                0x00000347       0x33 Src\system_stm32f1xx.o
 .ARM.attributes
                0x0000037a       0x33 Src\tim.o
 .ARM.attributes
                0x000003ad       0x21 startup\startup_stm32f103xb.o
 .ARM.attributes
                0x000003ce       0x2d c:/program files (x86)/atollic/truestudio for stm32 9.0.1/armtools/bin/../lib/gcc/arm-atollic-eabi/6.3.1/../../../../arm-atollic-eabi/lib/armv7-m\libc_nano.a(lib_a-init.o)
 .ARM.attributes
                0x000003fb       0x2d c:/program files (x86)/atollic/truestudio for stm32 9.0.1/armtools/bin/../lib/gcc/arm-atollic-eabi/6.3.1/../../../../arm-atollic-eabi/lib/armv7-m\libc_nano.a(lib_a-memset.o)
 .ARM.attributes
                0x00000428       0x2d c:/program files (x86)/atollic/truestudio for stm32 9.0.1/armtools/bin/../lib/gcc/arm-atollic-eabi/6.3.1/../../../../arm-atollic-eabi/lib/armv7-m\libm.a(lib_a-w_atan2.o)
 .ARM.attributes
                0x00000455       0x2d c:/program files (x86)/atollic/truestudio for stm32 9.0.1/armtools/bin/../lib/gcc/arm-atollic-eabi/6.3.1/../../../../arm-atollic-eabi/lib/armv7-m\libm.a(lib_a-w_sqrt.o)
 .ARM.attributes
                0x00000482       0x2d c:/program files (x86)/atollic/truestudio for stm32 9.0.1/armtools/bin/../lib/gcc/arm-atollic-eabi/6.3.1/../../../../arm-atollic-eabi/lib/armv7-m\libm.a(lib_a-e_atan2.o)
 .ARM.attributes
                0x000004af       0x2d c:/program files (x86)/atollic/truestudio for stm32 9.0.1/armtools/bin/../lib/gcc/arm-atollic-eabi/6.3.1/../../../../arm-atollic-eabi/lib/armv7-m\libm.a(lib_a-e_sqrt.o)
 .ARM.attributes
                0x000004dc       0x2d c:/program files (x86)/atollic/truestudio for stm32 9.0.1/armtools/bin/../lib/gcc/arm-atollic-eabi/6.3.1/../../../../arm-atollic-eabi/lib/armv7-m\libm.a(lib_a-s_atan.o)
 .ARM.attributes
                0x00000509       0x2d c:/program files (x86)/atollic/truestudio for stm32 9.0.1/armtools/bin/../lib/gcc/arm-atollic-eabi/6.3.1/../../../../arm-atollic-eabi/lib/armv7-m\libm.a(lib_a-s_fabs.o)
 .ARM.attributes
                0x00000536       0x2d c:/program files (x86)/atollic/truestudio for stm32 9.0.1/armtools/bin/../lib/gcc/arm-atollic-eabi/6.3.1/../../../../arm-atollic-eabi/lib/armv7-m\libm.a(lib_a-s_lib_ver.o)
 .ARM.attributes
                0x00000563       0x2d c:/program files (x86)/atollic/truestudio for stm32 9.0.1/armtools/bin/../lib/gcc/arm-atollic-eabi/6.3.1/../../../../arm-atollic-eabi/lib/armv7-m\libm.a(lib_a-s_matherr.o)
 .ARM.attributes
                0x00000590       0x2d c:/program files (x86)/atollic/truestudio for stm32 9.0.1/armtools/bin/../lib/gcc/arm-atollic-eabi/6.3.1/../../../../arm-atollic-eabi/lib/armv7-m\libc_nano.a(lib_a-errno.o)
 .ARM.attributes
                0x000005bd       0x2d c:/program files (x86)/atollic/truestudio for stm32 9.0.1/armtools/bin/../lib/gcc/arm-atollic-eabi/6.3.1/../../../../arm-atollic-eabi/lib/armv7-m\libc_nano.a(lib_a-impure.o)
 .ARM.attributes
                0x000005ea       0x1d c:/program files (x86)/atollic/truestudio for stm32 9.0.1/armtools/bin/../lib/gcc/arm-atollic-eabi/6.3.1/armv7-m\libgcc.a(_arm_addsubdf3.o)
 .ARM.attributes
                0x00000607       0x1d c:/program files (x86)/atollic/truestudio for stm32 9.0.1/armtools/bin/../lib/gcc/arm-atollic-eabi/6.3.1/armv7-m\libgcc.a(_arm_muldivdf3.o)
 .ARM.attributes
                0x00000624       0x1d c:/program files (x86)/atollic/truestudio for stm32 9.0.1/armtools/bin/../lib/gcc/arm-atollic-eabi/6.3.1/armv7-m\libgcc.a(_arm_cmpdf2.o)
 .ARM.attributes
                0x00000641       0x1d c:/program files (x86)/atollic/truestudio for stm32 9.0.1/armtools/bin/../lib/gcc/arm-atollic-eabi/6.3.1/armv7-m\libgcc.a(_arm_unorddf2.o)
 .ARM.attributes
                0x0000065e       0x1d c:/program files (x86)/atollic/truestudio for stm32 9.0.1/armtools/bin/../lib/gcc/arm-atollic-eabi/6.3.1/armv7-m\libgcc.a(_arm_fixdfsi.o)
 .ARM.attributes
                0x0000067b       0x1d c:/program files (x86)/atollic/truestudio for stm32 9.0.1/armtools/bin/../lib/gcc/arm-atollic-eabi/6.3.1/armv7-m/crtn.o
OUTPUT(Wingy_smth.elf elf32-littlearm)

.debug_info     0x00000000    0x1879b
 .debug_info    0x00000000      0xfc8 Drivers\STM32F1xx_HAL_Driver\Src\stm32f1xx_hal.o
 .debug_info    0x00000fc8     0x14a9 Drivers\STM32F1xx_HAL_Driver\Src\stm32f1xx_hal_cortex.o
 .debug_info    0x00002471      0xec2 Drivers\STM32F1xx_HAL_Driver\Src\stm32f1xx_hal_gpio.o
 .debug_info    0x00003333     0x38ea Drivers\STM32F1xx_HAL_Driver\Src\stm32f1xx_hal_i2c.o
 .debug_info    0x00006c1d     0x123d Drivers\STM32F1xx_HAL_Driver\Src\stm32f1xx_hal_rcc.o
 .debug_info    0x00007e5a     0x3bb9 Drivers\STM32F1xx_HAL_Driver\Src\stm32f1xx_hal_tim.o
 .debug_info    0x0000ba13     0x1989 Drivers\STM32F1xx_HAL_Driver\Src\stm32f1xx_hal_tim_ex.o
 .debug_info    0x0000d39c     0x1321 Src\Accel.o
 .debug_info    0x0000e6bd      0xab3 Src\fonts.o
 .debug_info    0x0000f170      0xa6f Src\gpio.o
 .debug_info    0x0000fbdf     0x118a Src\i2c.o
 .debug_info    0x00010d69     0x1879 Src\main.o
 .debug_info    0x000125e2     0x2398 Src\ssd1306.o
 .debug_info    0x0001497a      0xad2 Src\stm32f1xx_hal_msp.o
 .debug_info    0x0001544c      0xfbf Src\stm32f1xx_it.o
 .debug_info    0x0001640b      0xc4d Src\system_stm32f1xx.o
 .debug_info    0x00017058     0x16d8 Src\tim.o
 .debug_info    0x00018730       0x6b startup\startup_stm32f103xb.o

.debug_abbrev   0x00000000     0x2ec5
 .debug_abbrev  0x00000000      0x315 Drivers\STM32F1xx_HAL_Driver\Src\stm32f1xx_hal.o
 .debug_abbrev  0x00000315      0x399 Drivers\STM32F1xx_HAL_Driver\Src\stm32f1xx_hal_cortex.o
 .debug_abbrev  0x000006ae      0x268 Drivers\STM32F1xx_HAL_Driver\Src\stm32f1xx_hal_gpio.o
 .debug_abbrev  0x00000916      0x3c1 Drivers\STM32F1xx_HAL_Driver\Src\stm32f1xx_hal_i2c.o
 .debug_abbrev  0x00000cd7      0x367 Drivers\STM32F1xx_HAL_Driver\Src\stm32f1xx_hal_rcc.o
 .debug_abbrev  0x0000103e      0x3bb Drivers\STM32F1xx_HAL_Driver\Src\stm32f1xx_hal_tim.o
 .debug_abbrev  0x000013f9      0x30d Drivers\STM32F1xx_HAL_Driver\Src\stm32f1xx_hal_tim_ex.o
 .debug_abbrev  0x00001706      0x29b Src\Accel.o
 .debug_abbrev  0x000019a1      0x201 Src\fonts.o
 .debug_abbrev  0x00001ba2      0x1c9 Src\gpio.o
 .debug_abbrev  0x00001d6b      0x24d Src\i2c.o
 .debug_abbrev  0x00001fb8      0x304 Src\main.o
 .debug_abbrev  0x000022bc      0x39d Src\ssd1306.o
 .debug_abbrev  0x00002659      0x1bc Src\stm32f1xx_hal_msp.o
 .debug_abbrev  0x00002815      0x251 Src\stm32f1xx_it.o
 .debug_abbrev  0x00002a66      0x1eb Src\system_stm32f1xx.o
 .debug_abbrev  0x00002c51      0x262 Src\tim.o
 .debug_abbrev  0x00002eb3       0x12 startup\startup_stm32f103xb.o

.debug_loc      0x00000000     0x8942
 .debug_loc     0x00000000      0x11b Drivers\STM32F1xx_HAL_Driver\Src\stm32f1xx_hal.o
 .debug_loc     0x0000011b      0x46b Drivers\STM32F1xx_HAL_Driver\Src\stm32f1xx_hal_cortex.o
 .debug_loc     0x00000586      0x36a Drivers\STM32F1xx_HAL_Driver\Src\stm32f1xx_hal_gpio.o
 .debug_loc     0x000008f0     0x2bdf Drivers\STM32F1xx_HAL_Driver\Src\stm32f1xx_hal_i2c.o
 .debug_loc     0x000034cf      0x4c3 Drivers\STM32F1xx_HAL_Driver\Src\stm32f1xx_hal_rcc.o
 .debug_loc     0x00003992     0x300c Drivers\STM32F1xx_HAL_Driver\Src\stm32f1xx_hal_tim.o
 .debug_loc     0x0000699e      0x822 Drivers\STM32F1xx_HAL_Driver\Src\stm32f1xx_hal_tim_ex.o
 .debug_loc     0x000071c0       0xfe Src\Accel.o
 .debug_loc     0x000072be       0x5a Src\fonts.o
 .debug_loc     0x00007318       0x71 Src\i2c.o
 .debug_loc     0x00007389       0xb1 Src\main.o
 .debug_loc     0x0000743a     0x1377 Src\ssd1306.o
 .debug_loc     0x000087b1       0xcd Src\system_stm32f1xx.o
 .debug_loc     0x0000887e       0xc4 Src\tim.o

.debug_aranges  0x00000000      0x9e0
 .debug_aranges
                0x00000000       0xc8 Drivers\STM32F1xx_HAL_Driver\Src\stm32f1xx_hal.o
 .debug_aranges
                0x000000c8       0x90 Drivers\STM32F1xx_HAL_Driver\Src\stm32f1xx_hal_cortex.o
 .debug_aranges
                0x00000158       0x58 Drivers\STM32F1xx_HAL_Driver\Src\stm32f1xx_hal_gpio.o
 .debug_aranges
                0x000001b0      0x190 Drivers\STM32F1xx_HAL_Driver\Src\stm32f1xx_hal_i2c.o
 .debug_aranges
                0x00000340       0x88 Drivers\STM32F1xx_HAL_Driver\Src\stm32f1xx_hal_rcc.o
 .debug_aranges
                0x000003c8      0x250 Drivers\STM32F1xx_HAL_Driver\Src\stm32f1xx_hal_tim.o
 .debug_aranges
                0x00000618       0xe8 Drivers\STM32F1xx_HAL_Driver\Src\stm32f1xx_hal_tim_ex.o
 .debug_aranges
                0x00000700       0x50 Src\Accel.o
 .debug_aranges
                0x00000750       0x20 Src\fonts.o
 .debug_aranges
                0x00000770       0x20 Src\gpio.o
 .debug_aranges
                0x00000790       0x38 Src\i2c.o
 .debug_aranges
                0x000007c8       0x38 Src\main.o
 .debug_aranges
                0x00000800       0xd0 Src\ssd1306.o
 .debug_aranges
                0x000008d0       0x20 Src\stm32f1xx_hal_msp.o
 .debug_aranges
                0x000008f0       0x58 Src\stm32f1xx_it.o
 .debug_aranges
                0x00000948       0x28 Src\system_stm32f1xx.o
 .debug_aranges
                0x00000970       0x48 Src\tim.o
 .debug_aranges
                0x000009b8       0x28 startup\startup_stm32f103xb.o

.debug_ranges   0x00000000      0xee8
 .debug_ranges  0x00000000       0xb8 Drivers\STM32F1xx_HAL_Driver\Src\stm32f1xx_hal.o
 .debug_ranges  0x000000b8      0x128 Drivers\STM32F1xx_HAL_Driver\Src\stm32f1xx_hal_cortex.o
 .debug_ranges  0x000001e0       0x60 Drivers\STM32F1xx_HAL_Driver\Src\stm32f1xx_hal_gpio.o
 .debug_ranges  0x00000240      0x438 Drivers\STM32F1xx_HAL_Driver\Src\stm32f1xx_hal_i2c.o
 .debug_ranges  0x00000678       0xa0 Drivers\STM32F1xx_HAL_Driver\Src\stm32f1xx_hal_rcc.o
 .debug_ranges  0x00000718      0x340 Drivers\STM32F1xx_HAL_Driver\Src\stm32f1xx_hal_tim.o
 .debug_ranges  0x00000a58       0xd8 Drivers\STM32F1xx_HAL_Driver\Src\stm32f1xx_hal_tim_ex.o
 .debug_ranges  0x00000b30       0x70 Src\Accel.o
 .debug_ranges  0x00000ba0       0x10 Src\fonts.o
 .debug_ranges  0x00000bb0       0x28 Src\gpio.o
 .debug_ranges  0x00000bd8       0x68 Src\i2c.o
 .debug_ranges  0x00000c40       0x50 Src\main.o
 .debug_ranges  0x00000c90       0xd8 Src\ssd1306.o
 .debug_ranges  0x00000d68       0x58 Src\stm32f1xx_hal_msp.o
 .debug_ranges  0x00000dc0       0x48 Src\stm32f1xx_it.o
 .debug_ranges  0x00000e08       0x18 Src\system_stm32f1xx.o
 .debug_ranges  0x00000e20       0xa8 Src\tim.o
 .debug_ranges  0x00000ec8       0x20 startup\startup_stm32f103xb.o

.debug_line     0x00000000     0x6b95
 .debug_line    0x00000000      0x45f Drivers\STM32F1xx_HAL_Driver\Src\stm32f1xx_hal.o
 .debug_line    0x0000045f      0x469 Drivers\STM32F1xx_HAL_Driver\Src\stm32f1xx_hal_cortex.o
 .debug_line    0x000008c8      0x45e Drivers\STM32F1xx_HAL_Driver\Src\stm32f1xx_hal_gpio.o
 .debug_line    0x00000d26     0x1a8b Drivers\STM32F1xx_HAL_Driver\Src\stm32f1xx_hal_i2c.o
 .debug_line    0x000027b1      0x639 Drivers\STM32F1xx_HAL_Driver\Src\stm32f1xx_hal_rcc.o
 .debug_line    0x00002dea     0x115f Drivers\STM32F1xx_HAL_Driver\Src\stm32f1xx_hal_tim.o
 .debug_line    0x00003f49      0x701 Drivers\STM32F1xx_HAL_Driver\Src\stm32f1xx_hal_tim_ex.o
 .debug_line    0x0000464a      0x417 Src\Accel.o
 .debug_line    0x00004a61      0x2dd Src\fonts.o
 .debug_line    0x00004d3e      0x271 Src\gpio.o
 .debug_line    0x00004faf      0x368 Src\i2c.o
 .debug_line    0x00005317      0x430 Src\main.o
 .debug_line    0x00005747      0x722 Src\ssd1306.o
 .debug_line    0x00005e69      0x283 Src\stm32f1xx_hal_msp.o
 .debug_line    0x000060ec      0x363 Src\stm32f1xx_it.o
 .debug_line    0x0000644f      0x2bf Src\system_stm32f1xx.o
 .debug_line    0x0000670e      0x40a Src\tim.o
 .debug_line    0x00006b18       0x7d startup\startup_stm32f103xb.o

.debug_str      0x00000000     0x3ab3
 .debug_str     0x00000000      0xbc0 Drivers\STM32F1xx_HAL_Driver\Src\stm32f1xx_hal.o
                                0xc61 (size before relaxing)
 .debug_str     0x00000bc0      0x2e1 Drivers\STM32F1xx_HAL_Driver\Src\stm32f1xx_hal_cortex.o
                                0xd89 (size before relaxing)
 .debug_str     0x00000ea1      0x1cb Drivers\STM32F1xx_HAL_Driver\Src\stm32f1xx_hal_gpio.o
                                0x8f6 (size before relaxing)
 .debug_str     0x0000106c      0xc4c Drivers\STM32F1xx_HAL_Driver\Src\stm32f1xx_hal_i2c.o
                               0x138c (size before relaxing)
 .debug_str     0x00001cb8      0x306 Drivers\STM32F1xx_HAL_Driver\Src\stm32f1xx_hal_rcc.o
                                0xad4 (size before relaxing)
 .debug_str     0x00001fbe      0xf1b Drivers\STM32F1xx_HAL_Driver\Src\stm32f1xx_hal_tim.o
                               0x1825 (size before relaxing)
 .debug_str     0x00002ed9      0x4f1 Drivers\STM32F1xx_HAL_Driver\Src\stm32f1xx_hal_tim_ex.o
                               0x10c7 (size before relaxing)
 .debug_str     0x000033ca      0x15f Src\Accel.o
                                0xcc6 (size before relaxing)
 .debug_str     0x00003529       0x83 Src\fonts.o
                                0x719 (size before relaxing)
 .debug_str     0x000035ac       0x1b Src\gpio.o
                                0x6d0 (size before relaxing)
 .debug_str     0x000035c7       0x4f Src\i2c.o
                                0xc27 (size before relaxing)
 .debug_str     0x00003616       0xd8 Src\main.o
                               0x105b (size before relaxing)
 .debug_str     0x000036ee      0x244 Src\ssd1306.o
                                0xe4b (size before relaxing)
 .debug_str     0x00003932       0x1b Src\stm32f1xx_hal_msp.o
                                0x70a (size before relaxing)
 .debug_str     0x0000394d       0xd5 Src\stm32f1xx_it.o
                                0xb72 (size before relaxing)
 .debug_str     0x00003a22       0x4d Src\system_stm32f1xx.o
                                0x75f (size before relaxing)
 .debug_str     0x00003a6f       0x44 Src\tim.o
                               0x1042 (size before relaxing)

.comment        0x00000000       0x7c
 .comment       0x00000000       0x7c Drivers\STM32F1xx_HAL_Driver\Src\stm32f1xx_hal.o
                                 0x7d (size before relaxing)
 .comment       0x0000007c       0x7d Drivers\STM32F1xx_HAL_Driver\Src\stm32f1xx_hal_cortex.o
 .comment       0x0000007c       0x7d Drivers\STM32F1xx_HAL_Driver\Src\stm32f1xx_hal_gpio.o
 .comment       0x0000007c       0x7d Drivers\STM32F1xx_HAL_Driver\Src\stm32f1xx_hal_i2c.o
 .comment       0x0000007c       0x7d Drivers\STM32F1xx_HAL_Driver\Src\stm32f1xx_hal_rcc.o
 .comment       0x0000007c       0x7d Drivers\STM32F1xx_HAL_Driver\Src\stm32f1xx_hal_tim.o
 .comment       0x0000007c       0x7d Drivers\STM32F1xx_HAL_Driver\Src\stm32f1xx_hal_tim_ex.o
 .comment       0x0000007c       0x7d Src\Accel.o
 .comment       0x0000007c       0x7d Src\fonts.o
 .comment       0x0000007c       0x7d Src\gpio.o
 .comment       0x0000007c       0x7d Src\i2c.o
 .comment       0x0000007c       0x7d Src\main.o
 .comment       0x0000007c       0x7d Src\ssd1306.o
 .comment       0x0000007c       0x7d Src\stm32f1xx_hal_msp.o
 .comment       0x0000007c       0x7d Src\stm32f1xx_it.o
 .comment       0x0000007c       0x7d Src\system_stm32f1xx.o
 .comment       0x0000007c       0x7d Src\tim.o

.debug_frame    0x00000000     0x21e0
 .debug_frame   0x00000000      0x1b0 Drivers\STM32F1xx_HAL_Driver\Src\stm32f1xx_hal.o
 .debug_frame   0x000001b0      0x120 Drivers\STM32F1xx_HAL_Driver\Src\stm32f1xx_hal_cortex.o
 .debug_frame   0x000002d0       0xd4 Drivers\STM32F1xx_HAL_Driver\Src\stm32f1xx_hal_gpio.o
 .debug_frame   0x000003a4      0x684 Drivers\STM32F1xx_HAL_Driver\Src\stm32f1xx_hal_i2c.o
 .debug_frame   0x00000a28      0x150 Drivers\STM32F1xx_HAL_Driver\Src\stm32f1xx_hal_rcc.o
 .debug_frame   0x00000b78      0x854 Drivers\STM32F1xx_HAL_Driver\Src\stm32f1xx_hal_tim.o
 .debug_frame   0x000013cc      0x320 Drivers\STM32F1xx_HAL_Driver\Src\stm32f1xx_hal_tim_ex.o
 .debug_frame   0x000016ec       0xfc Src\Accel.o
 .debug_frame   0x000017e8       0x2c Src\fonts.o
 .debug_frame   0x00001814       0x28 Src\gpio.o
 .debug_frame   0x0000183c       0x80 Src\i2c.o
 .debug_frame   0x000018bc       0x74 Src\main.o
 .debug_frame   0x00001930      0x318 Src\ssd1306.o
 .debug_frame   0x00001c48       0x28 Src\stm32f1xx_hal_msp.o
 .debug_frame   0x00001c70       0xd4 Src\stm32f1xx_it.o
 .debug_frame   0x00001d44       0x30 Src\system_stm32f1xx.o
 .debug_frame   0x00001d74       0xac Src\tim.o
 .debug_frame   0x00001e20       0x2c c:/program files (x86)/atollic/truestudio for stm32 9.0.1/armtools/bin/../lib/gcc/arm-atollic-eabi/6.3.1/../../../../arm-atollic-eabi/lib/armv7-m\libc_nano.a(lib_a-init.o)
 .debug_frame   0x00001e4c       0x20 c:/program files (x86)/atollic/truestudio for stm32 9.0.1/armtools/bin/../lib/gcc/arm-atollic-eabi/6.3.1/../../../../arm-atollic-eabi/lib/armv7-m\libc_nano.a(lib_a-memset.o)
 .debug_frame   0x00001e6c       0x20 c:/program files (x86)/atollic/truestudio for stm32 9.0.1/armtools/bin/../lib/gcc/arm-atollic-eabi/6.3.1/../../../../arm-atollic-eabi/lib/armv7-m\libm.a(lib_a-w_atan2.o)
 .debug_frame   0x00001e8c       0x40 c:/program files (x86)/atollic/truestudio for stm32 9.0.1/armtools/bin/../lib/gcc/arm-atollic-eabi/6.3.1/../../../../arm-atollic-eabi/lib/armv7-m\libm.a(lib_a-w_sqrt.o)
 .debug_frame   0x00001ecc       0x48 c:/program files (x86)/atollic/truestudio for stm32 9.0.1/armtools/bin/../lib/gcc/arm-atollic-eabi/6.3.1/../../../../arm-atollic-eabi/lib/armv7-m\libm.a(lib_a-e_atan2.o)
 .debug_frame   0x00001f14       0x30 c:/program files (x86)/atollic/truestudio for stm32 9.0.1/armtools/bin/../lib/gcc/arm-atollic-eabi/6.3.1/../../../../arm-atollic-eabi/lib/armv7-m\libm.a(lib_a-e_sqrt.o)
 .debug_frame   0x00001f44       0x38 c:/program files (x86)/atollic/truestudio for stm32 9.0.1/armtools/bin/../lib/gcc/arm-atollic-eabi/6.3.1/../../../../arm-atollic-eabi/lib/armv7-m\libm.a(lib_a-s_atan.o)
 .debug_frame   0x00001f7c       0x20 c:/program files (x86)/atollic/truestudio for stm32 9.0.1/armtools/bin/../lib/gcc/arm-atollic-eabi/6.3.1/../../../../arm-atollic-eabi/lib/armv7-m\libm.a(lib_a-s_fabs.o)
 .debug_frame   0x00001f9c       0x20 c:/program files (x86)/atollic/truestudio for stm32 9.0.1/armtools/bin/../lib/gcc/arm-atollic-eabi/6.3.1/../../../../arm-atollic-eabi/lib/armv7-m\libm.a(lib_a-s_matherr.o)
 .debug_frame   0x00001fbc       0x20 c:/program files (x86)/atollic/truestudio for stm32 9.0.1/armtools/bin/../lib/gcc/arm-atollic-eabi/6.3.1/../../../../arm-atollic-eabi/lib/armv7-m\libc_nano.a(lib_a-errno.o)
 .debug_frame   0x00001fdc       0xac c:/program files (x86)/atollic/truestudio for stm32 9.0.1/armtools/bin/../lib/gcc/arm-atollic-eabi/6.3.1/armv7-m\libgcc.a(_arm_addsubdf3.o)
 .debug_frame   0x00002088       0x50 c:/program files (x86)/atollic/truestudio for stm32 9.0.1/armtools/bin/../lib/gcc/arm-atollic-eabi/6.3.1/armv7-m\libgcc.a(_arm_muldivdf3.o)
 .debug_frame   0x000020d8       0xc4 c:/program files (x86)/atollic/truestudio for stm32 9.0.1/armtools/bin/../lib/gcc/arm-atollic-eabi/6.3.1/armv7-m\libgcc.a(_arm_cmpdf2.o)
 .debug_frame   0x0000219c       0x20 c:/program files (x86)/atollic/truestudio for stm32 9.0.1/armtools/bin/../lib/gcc/arm-atollic-eabi/6.3.1/armv7-m\libgcc.a(_arm_unorddf2.o)
 .debug_frame   0x000021bc       0x24 c:/program files (x86)/atollic/truestudio for stm32 9.0.1/armtools/bin/../lib/gcc/arm-atollic-eabi/6.3.1/armv7-m\libgcc.a(_arm_fixdfsi.o)
