Archive member included to satisfy reference by file (symbol)

c:/program files (x86)/atollic/truestudio for stm32 9.0.1/armtools/bin/../lib/gcc/arm-atollic-eabi/6.3.1/../../../../arm-atollic-eabi/lib/armv7-m\libc_nano.a(lib_a-init.o)
                              startup\startup_stm32f103xb.o (__libc_init_array)
c:/program files (x86)/atollic/truestudio for stm32 9.0.1/armtools/bin/../lib/gcc/arm-atollic-eabi/6.3.1/../../../../arm-atollic-eabi/lib/armv7-m\libc_nano.a(lib_a-memset.o)
                              Src\main.o (memset)
c:/program files (x86)/atollic/truestudio for stm32 9.0.1/armtools/bin/../lib/gcc/arm-atollic-eabi/6.3.1/../../../../arm-atollic-eabi/lib/armv7-m\libc_nano.a(lib_a-strlen.o)
                              Src\fonts.o (strlen)
c:/program files (x86)/atollic/truestudio for stm32 9.0.1/armtools/bin/../lib/gcc/arm-atollic-eabi/6.3.1/../../../../arm-atollic-eabi/lib/armv7-m\libm.a(lib_a-w_atan2.o)
                              Src\Accel.o (atan2)
c:/program files (x86)/atollic/truestudio for stm32 9.0.1/armtools/bin/../lib/gcc/arm-atollic-eabi/6.3.1/../../../../arm-atollic-eabi/lib/armv7-m\libm.a(lib_a-w_exp.o)
                              Src\fuzzy.o (exp)
c:/program files (x86)/atollic/truestudio for stm32 9.0.1/armtools/bin/../lib/gcc/arm-atollic-eabi/6.3.1/../../../../arm-atollic-eabi/lib/armv7-m\libm.a(lib_a-w_pow.o)
                              Src\Accel.o (pow)
c:/program files (x86)/atollic/truestudio for stm32 9.0.1/armtools/bin/../lib/gcc/arm-atollic-eabi/6.3.1/../../../../arm-atollic-eabi/lib/armv7-m\libm.a(lib_a-w_sqrt.o)
                              Src\Accel.o (sqrt)
c:/program files (x86)/atollic/truestudio for stm32 9.0.1/armtools/bin/../lib/gcc/arm-atollic-eabi/6.3.1/../../../../arm-atollic-eabi/lib/armv7-m\libm.a(lib_a-e_atan2.o)
                              c:/program files (x86)/atollic/truestudio for stm32 9.0.1/armtools/bin/../lib/gcc/arm-atollic-eabi/6.3.1/../../../../arm-atollic-eabi/lib/armv7-m\libm.a(lib_a-w_atan2.o) (__ieee754_atan2)
c:/program files (x86)/atollic/truestudio for stm32 9.0.1/armtools/bin/../lib/gcc/arm-atollic-eabi/6.3.1/../../../../arm-atollic-eabi/lib/armv7-m\libm.a(lib_a-e_exp.o)
                              c:/program files (x86)/atollic/truestudio for stm32 9.0.1/armtools/bin/../lib/gcc/arm-atollic-eabi/6.3.1/../../../../arm-atollic-eabi/lib/armv7-m\libm.a(lib_a-w_exp.o) (__ieee754_exp)
c:/program files (x86)/atollic/truestudio for stm32 9.0.1/armtools/bin/../lib/gcc/arm-atollic-eabi/6.3.1/../../../../arm-atollic-eabi/lib/armv7-m\libm.a(lib_a-e_pow.o)
                              c:/program files (x86)/atollic/truestudio for stm32 9.0.1/armtools/bin/../lib/gcc/arm-atollic-eabi/6.3.1/../../../../arm-atollic-eabi/lib/armv7-m\libm.a(lib_a-w_pow.o) (__ieee754_pow)
c:/program files (x86)/atollic/truestudio for stm32 9.0.1/armtools/bin/../lib/gcc/arm-atollic-eabi/6.3.1/../../../../arm-atollic-eabi/lib/armv7-m\libm.a(lib_a-e_sqrt.o)
                              c:/program files (x86)/atollic/truestudio for stm32 9.0.1/armtools/bin/../lib/gcc/arm-atollic-eabi/6.3.1/../../../../arm-atollic-eabi/lib/armv7-m\libm.a(lib_a-w_sqrt.o) (__ieee754_sqrt)
c:/program files (x86)/atollic/truestudio for stm32 9.0.1/armtools/bin/../lib/gcc/arm-atollic-eabi/6.3.1/../../../../arm-atollic-eabi/lib/armv7-m\libm.a(lib_a-s_atan.o)
                              c:/program files (x86)/atollic/truestudio for stm32 9.0.1/armtools/bin/../lib/gcc/arm-atollic-eabi/6.3.1/../../../../arm-atollic-eabi/lib/armv7-m\libm.a(lib_a-e_atan2.o) (atan)
c:/program files (x86)/atollic/truestudio for stm32 9.0.1/armtools/bin/../lib/gcc/arm-atollic-eabi/6.3.1/../../../../arm-atollic-eabi/lib/armv7-m\libm.a(lib_a-s_fabs.o)
                              c:/program files (x86)/atollic/truestudio for stm32 9.0.1/armtools/bin/../lib/gcc/arm-atollic-eabi/6.3.1/../../../../arm-atollic-eabi/lib/armv7-m\libm.a(lib_a-e_atan2.o) (fabs)
c:/program files (x86)/atollic/truestudio for stm32 9.0.1/armtools/bin/../lib/gcc/arm-atollic-eabi/6.3.1/../../../../arm-atollic-eabi/lib/armv7-m\libm.a(lib_a-s_finite.o)
                              c:/program files (x86)/atollic/truestudio for stm32 9.0.1/armtools/bin/../lib/gcc/arm-atollic-eabi/6.3.1/../../../../arm-atollic-eabi/lib/armv7-m\libm.a(lib_a-w_exp.o) (finite)
c:/program files (x86)/atollic/truestudio for stm32 9.0.1/armtools/bin/../lib/gcc/arm-atollic-eabi/6.3.1/../../../../arm-atollic-eabi/lib/armv7-m\libm.a(lib_a-s_lib_ver.o)
                              c:/program files (x86)/atollic/truestudio for stm32 9.0.1/armtools/bin/../lib/gcc/arm-atollic-eabi/6.3.1/../../../../arm-atollic-eabi/lib/armv7-m\libm.a(lib_a-w_exp.o) (__fdlib_version)
c:/program files (x86)/atollic/truestudio for stm32 9.0.1/armtools/bin/../lib/gcc/arm-atollic-eabi/6.3.1/../../../../arm-atollic-eabi/lib/armv7-m\libm.a(lib_a-s_matherr.o)
[...]
Memory Configuration

Name             Origin             Length             Attributes
RAM              0x20000000         0x00005000         xrw
FLASH            0x08000000         0x00010000         xr
*default*        0x00000000         0xffffffff

Linker script and memory map

LOAD c:/program files (x86)/atollic/truestudio for stm32 9.0.1/armtools/bin/../lib/gcc/arm-atollic-eabi/6.3.1/armv7-m/crti.o
LOAD c:/program files (x86)/atollic/truestudio for stm32 9.0.1/armtools/bin/../lib/gcc/arm-atollic-eabi/6.3.1/armv7-m/crtbegin.o
LOAD Drivers\STM32F1xx_HAL_Driver\Src\stm32f1xx_hal.o
LOAD Drivers\STM32F1xx_HAL_Driver\Src\stm32f1xx_hal_cortex.o
LOAD Drivers\STM32F1xx_HAL_Driver\Src\stm32f1xx_hal_dma.o
LOAD Drivers\STM32F1xx_HAL_Driver\Src\stm32f1xx_hal_flash.o
LOAD Drivers\STM32F1xx_HAL_Driver\Src\stm32f1xx_hal_flash_ex.o
LOAD Drivers\STM32F1xx_HAL_Driver\Src\stm32f1xx_hal_gpio.o
LOAD Drivers\STM32F1xx_HAL_Driver\Src\stm32f1xx_hal_gpio_ex.o
LOAD Drivers\STM32F1xx_HAL_Driver\Src\stm32f1xx_hal_i2c.o
LOAD Drivers\STM32F1xx_HAL_Driver\Src\stm32f1xx_hal_pwr.o
LOAD Drivers\STM32F1xx_HAL_Driver\Src\stm32f1xx_hal_rcc.o
LOAD Drivers\STM32F1xx_HAL_Driver\Src\stm32f1xx_hal_rcc_ex.o
LOAD Drivers\STM32F1xx_HAL_Driver\Src\stm32f1xx_hal_tim.o
LOAD Drivers\STM32F1xx_HAL_Driver\Src\stm32f1xx_hal_tim_ex.o
LOAD Src\Accel.o
LOAD Src\PID.o
LOAD Src\Usart.o
LOAD Src\flightcontrol.o
LOAD Src\fonts.o
LOAD Src\fuzzy.o
LOAD Src\gpio.o
LOAD Src\i2c.o
LOAD Src\main.o
LOAD Src\ssd1306.o
LOAD Src\stm32f1xx_hal_msp.o
LOAD Src\stm32f1xx_it.o
LOAD Src\system_stm32f1xx.o
LOAD Src\tim.o
LOAD startup\startup_stm32f103xb.o
                0x00000080                malloc_getpagesize_P = 0x80
START GROUP
LOAD c:/program files (x86)/atollic/truestudio for stm32 9.0.1/armtools/bin/../lib/gcc/arm-atollic-eabi/6.3.1/../../../../arm-atollic-eabi/lib/armv7-m\libc_nano.a
LOAD c:/program files (x86)/atollic/truestudio for stm32 9.0.1/armtools/bin/../lib/gcc/arm-atollic-eabi/6.3.1/../../../../arm-atollic-eabi/lib/armv7-m\libm.a
END GROUP
START GROUP
LOAD c:/program files (x86)/atollic/truestudio for stm32 9.0.1/armtools/bin/../lib/gcc/arm-atollic-eabi/6.3.1/armv7-m\libgcc.a
LOAD c:/program files (x86)/atollic/truestudio for stm32 9.0.1/armtools/bin/../lib/gcc/arm-atollic-eabi/6.3.1/../../../../arm-atollic-eabi/lib/armv7-m\libc_nano.a
END GROUP
START GROUP
LOAD c:/program files (x86)/atollic/truestudio for stm32 9.0.1/armtools/bin/../lib/gcc/arm-atollic-eabi/6.3.1/armv7-m\libgcc.a
LOAD c:/program files (x86)/atollic/truestudio for stm32 9.0.1/armtools/bin/../lib/gcc/arm-atollic-eabi/6.3.1/../../../../arm-atollic-eabi/lib/armv7-m\libc_nano.a
LOAD c:/program files (x86)/atollic/truestudio for stm32 9.0.1/armtools/bin/../lib/gcc/arm-atollic-eabi/6.3.1/../../../../arm-atollic-eabi/lib/armv7-m\libnosys.a
END GROUP
START GROUP
LOAD c:/program files (x86)/atollic/truestudio for stm32 9.0.1/armtools/bin/../lib/gcc/arm-atollic-eabi/6.3.1/armv7-m\libgcc.a
LOAD c:/program files (x86)/atollic/truestudio for stm32 9.0.1/armtools/bin/../lib/gcc/arm-atollic-eabi/6.3.1/../../../../arm-atollic-eabi/lib/armv7-m\libc_nano.a
LOAD c:/program files (x86)/atollic/truestudio for stm32 9.0.1/armtools/bin/../lib/gcc/arm-atollic-eabi/6.3.1/../../../../arm-atollic-eabi/lib/armv7-m\libnosys.a
END GROUP
LOAD c:/program files (x86)/atollic/truestudio for stm32 9.0.1/armtools/bin/../lib/gcc/arm-atollic-eabi/6.3.1/armv7-m/crtend.o
LOAD c:/program files (x86)/atollic/truestudio for stm32 9.0.1/armtools/bin/../lib/gcc/arm-atollic-eabi/6.3.1/armv7-m/crtn.o
                0x20005000                _estack = 0x20005000
                0x00000200                _Min_Heap_Size = 0x200
                0x00000400                _Min_Stack_Size = 0x400

.isr_vector     0x08000000      0x10c
                0x08000000                . = ALIGN (0x4)
 *(.isr_vector)
 .isr_vector    0x08000000      0x10c startup\startup_stm32f103xb.o
                0x08000000                g_pfnVectors
                0x0800010c                . = ALIGN (0x4)

.text           0x08000110     0x74e8
                0x08000110                . = ALIGN (0x4)
 *(.text)
 .text          0x08000110       0x40 c:/program files (x86)/atollic/truestudio for stm32 9.0.1/armtools/bin/../lib/gcc/arm-atollic-eabi/6.3.1/armv7-m/crtbegin.o
 .text          0x08000150      0x370 c:/program files (x86)/atollic/truestudio for stm32 9.0.1/armtools/bin/../lib/gcc/arm-atollic-eabi/6.3.1/armv7-m\libgcc.a(_arm_addsubdf3.o)
                0x08000150                __aeabi_drsub
                0x08000158                __aeabi_dsub
                0x08000158                __subdf3
                0x0800015c                __aeabi_dadd
                0x0800015c                __adddf3
                0x080003d4                __floatunsidf
                0x080003d4                __aeabi_ui2d
                0x080003f4                __floatsidf
                0x080003f4                __aeabi_i2d
                0x08000418                __aeabi_f2d
                0x08000418                __extendsfdf2
                0x08000454                __floatundidf
                0x08000454                __aeabi_ul2d
                0x08000464                __floatdidf
                0x08000464                __aeabi_l2d
 .text          0x080004c0      0x424 c:/program files (x86)/atollic/truestudio for stm32 9.0.1/armtools/bin/../lib/gcc/arm-atollic-eabi/6.3.1/armv7-m\libgcc.a(_arm_muldivdf3.o)
                0x080004c0                __aeabi_dmul
                0x080004c0                __muldf3
                0x08000714                __divdf3
                0x08000714                __aeabi_ddiv
 .text          0x080008e4      0x110 c:/program files (x86)/atollic/truestudio for stm32 9.0.1/armtools/bin/../lib/gcc/arm-atollic-eabi/6.3.1/armv7-m\libgcc.a(_arm_cmpdf2.o)
                0x080008e4                __gtdf2
                0x080008e4                __gedf2
                0x080008ec                __ltdf2
                0x080008ec                __ledf2
                0x080008f4                __nedf2
                0x080008f4                __eqdf2
                0x080008f4                __cmpdf2
                0x08000970                __aeabi_cdrcmple
                0x08000980                __aeabi_cdcmpeq
                0x08000980                __aeabi_cdcmple
                0x08000990                __aeabi_dcmpeq
                0x080009a4                __aeabi_dcmplt
                0x080009b8                __aeabi_dcmple
                0x080009cc                __aeabi_dcmpge
                0x080009e0                __aeabi_dcmpgt
 .text          0x080009f4       0x2c c:/program files (x86)/atollic/truestudio for stm32 9.0.1/armtools/bin/../lib/gcc/arm-atollic-eabi/6.3.1/armv7-m\libgcc.a(_arm_unorddf2.o)
                0x080009f4                __unorddf2
                0x080009f4                __aeabi_dcmpun
 .text          0x08000a20       0x50 c:/program files (x86)/atollic/truestudio for stm32 9.0.1/armtools/bin/../lib/gcc/arm-atollic-eabi/6.3.1/armv7-m\libgcc.a(_arm_fixdfsi.o)
                0x08000a20                __aeabi_d2iz
                0x08000a20                __fixdfsi
 .text          0x08000a70       0x40 c:/program files (x86)/atollic/truestudio for stm32 9.0.1/armtools/bin/../lib/gcc/arm-atollic-eabi/6.3.1/armv7-m\libgcc.a(_arm_fixunsdfsi.o)
                0x08000a70                __aeabi_d2uiz
                0x08000a70                __fixunsdfsi
 .text          0x08000ab0      0x21c c:/program files (x86)/atollic/truestudio for stm32 9.0.1/armtools/bin/../lib/gcc/arm-atollic-eabi/6.3.1/armv7-m\libgcc.a(_arm_addsubsf3.o)
                0x08000ab0                __aeabi_frsub
                0x08000ab8                __subsf3
                0x08000ab8                __aeabi_fsub
                0x08000abc                __aeabi_fadd
                0x08000abc                __addsf3
                0x08000c1c                __aeabi_ui2f
                0x08000c1c                __floatunsisf
                0x08000c24                __aeabi_i2f
                0x08000c24                __floatsisf
                0x08000c40                __aeabi_ul2f
                0x08000c40                __floatundisf
                0x08000c50                __aeabi_l2f
                0x08000c50                __floatdisf
 .text          0x08000ccc      0x2a0 c:/program files (x86)/atollic/truestudio for stm32 9.0.1/armtools/bin/../lib/gcc/arm-atollic-eabi/6.3.1/armv7-m\libgcc.a(_arm_muldivsf3.o)
                0x08000ccc                __mulsf3
                0x08000ccc                __aeabi_fmul
                0x08000e34                __aeabi_fdiv
                0x08000e34                __divsf3
 .text          0x08000f6c       0x4c c:/program files (x86)/atollic/truestudio for stm32 9.0.1/armtools/bin/../lib/gcc/arm-atollic-eabi/6.3.1/armv7-m\libgcc.a(_arm_fixsfsi.o)
                0x08000f6c                __aeabi_f2iz
                0x08000f6c                __fixsfsi
 *(.text*)
 .text.HAL_Init
                0x08000fb8       0x2c Drivers\STM32F1xx_HAL_Driver\Src\stm32f1xx_hal.o
                0x08000fb8                HAL_Init
 .text.HAL_InitTick
                0x08000fe4       0x60 Drivers\STM32F1xx_HAL_Driver\Src\stm32f1xx_hal.o
                0x08000fe4                HAL_InitTick
 .text.HAL_IncTick
                0x08001044       0x24 Drivers\STM32F1xx_HAL_Driver\Src\stm32f1xx_hal.o
                0x08001044                HAL_IncTick
 .text.HAL_GetTick
                0x08001068       0x14 Drivers\STM32F1xx_HAL_Driver\Src\stm32f1xx_hal.o
                0x08001068                HAL_GetTick
 .text.HAL_Delay
                0x0800107c       0x44 Drivers\STM32F1xx_HAL_Driver\Src\stm32f1xx_hal.o
                0x0800107c                HAL_Delay
 .text.NVIC_SetPriorityGrouping
                0x080010c0       0x48 Drivers\STM32F1xx_HAL_Driver\Src\stm32f1xx_hal_cortex.o
 .text.NVIC_GetPriorityGrouping
                0x08001108       0x1c Drivers\STM32F1xx_HAL_Driver\Src\stm32f1xx_hal_cortex.o
 .text.NVIC_EnableIRQ
                0x08001124       0x30 Drivers\STM32F1xx_HAL_Driver\Src\stm32f1xx_hal_cortex.o
 .text.NVIC_SetPriority
                0x08001154       0x54 Drivers\STM32F1xx_HAL_Driver\Src\stm32f1xx_hal_cortex.o
 .text.NVIC_EncodePriority
                0x080011a8       0x60 Drivers\STM32F1xx_HAL_Driver\Src\stm32f1xx_hal_cortex.o
 .text.SysTick_Config
                0x08001208       0x44 Drivers\STM32F1xx_HAL_Driver\Src\stm32f1xx_hal_cortex.o
 .text.HAL_NVIC_SetPriorityGrouping
                0x0800124c       0x16 Drivers\STM32F1xx_HAL_Driver\Src\stm32f1xx_hal_cortex.o
                0x0800124c                HAL_NVIC_SetPriorityGrouping
 .text.HAL_NVIC_SetPriority
                0x08001262       0x38 Drivers\STM32F1xx_HAL_Driver\Src\stm32f1xx_hal_cortex.o
                0x08001262                HAL_NVIC_SetPriority
 .text.HAL_NVIC_EnableIRQ
                0x0800129a       0x1c Drivers\STM32F1xx_HAL_Driver\Src\stm32f1xx_hal_cortex.o
                0x0800129a                HAL_NVIC_EnableIRQ
 .text.HAL_SYSTICK_Config
                0x080012b6       0x18 Drivers\STM32F1xx_HAL_Driver\Src\stm32f1xx_hal_cortex.o
                0x080012b6                HAL_SYSTICK_Config
 *fill*         0x080012ce        0x2 
 .text.HAL_GPIO_Init
                0x080012d0      0x2bc Drivers\STM32F1xx_HAL_Driver\Src\stm32f1xx_hal_gpio.o
                0x080012d0                HAL_GPIO_Init
 .text.HAL_I2C_Init
                0x0800158c      0x208 Drivers\STM32F1xx_HAL_Driver\Src\stm32f1xx_hal_i2c.o
                0x0800158c                HAL_I2C_Init
 .text.HAL_I2C_Master_Transmit
                0x08001794      0x21c Drivers\STM32F1xx_HAL_Driver\Src\stm32f1xx_hal_i2c.o
                0x08001794                HAL_I2C_Master_Transmit
 .text.HAL_I2C_Mem_Write
                0x080019b0      0x214 Drivers\STM32F1xx_HAL_Driver\Src\stm32f1xx_hal_i2c.o
                0x080019b0                HAL_I2C_Mem_Write
 .text.HAL_I2C_Mem_Read
                0x08001bc4      0x484 Drivers\STM32F1xx_HAL_Driver\Src\stm32f1xx_hal_i2c.o
                0x08001bc4                HAL_I2C_Mem_Read
 .text.HAL_I2C_IsDeviceReady
                0x08002048      0x260 Drivers\STM32F1xx_HAL_Driver\Src\stm32f1xx_hal_i2c.o
                0x08002048                HAL_I2C_IsDeviceReady
 .text.I2C_MasterRequestWrite
                0x080022a8      0x104 Drivers\STM32F1xx_HAL_Driver\Src\stm32f1xx_hal_i2c.o
 .text.I2C_RequestMemoryWrite
                0x080023ac      0x124 Drivers\STM32F1xx_HAL_Driver\Src\stm32f1xx_hal_i2c.o
 .text.I2C_RequestMemoryRead
                0x080024d0      0x1c4 Drivers\STM32F1xx_HAL_Driver\Src\stm32f1xx_hal_i2c.o
 .text.I2C_WaitOnFlagUntilTimeout
                0x08002694       0xa2 Drivers\STM32F1xx_HAL_Driver\Src\stm32f1xx_hal_i2c.o
 .text.I2C_WaitOnMasterAddressFlagUntilTimeout
                0x08002736       0xdc Drivers\STM32F1xx_HAL_Driver\Src\stm32f1xx_hal_i2c.o
 .text.I2C_WaitOnTXEFlagUntilTimeout
                0x08002812       0x7a Drivers\STM32F1xx_HAL_Driver\Src\stm32f1xx_hal_i2c.o
 .text.I2C_WaitOnBTFFlagUntilTimeout
                0x0800288c       0x7a Drivers\STM32F1xx_HAL_Driver\Src\stm32f1xx_hal_i2c.o
 .text.I2C_WaitOnRXNEFlagUntilTimeout
                0x08002906       0x94 Drivers\STM32F1xx_HAL_Driver\Src\stm32f1xx_hal_i2c.o
 .text.I2C_IsAcknowledgeFailed
                0x0800299a       0x4e Drivers\STM32F1xx_HAL_Driver\Src\stm32f1xx_hal_i2c.o
 .text.HAL_RCC_OscConfig
                0x080029e8      0x4c8 Drivers\STM32F1xx_HAL_Driver\Src\stm32f1xx_hal_rcc.o
                0x080029e8                HAL_RCC_OscConfig
 .text.HAL_RCC_ClockConfig
                0x08002eb0      0x218 Drivers\STM32F1xx_HAL_Driver\Src\stm32f1xx_hal_rcc.o
                0x08002eb0                HAL_RCC_ClockConfig
 .text.HAL_RCC_GetSysClockFreq
                0x080030c8       0xc4 Drivers\STM32F1xx_HAL_Driver\Src\stm32f1xx_hal_rcc.o
                0x080030c8                HAL_RCC_GetSysClockFreq
 .text.HAL_RCC_GetHCLKFreq
                0x0800318c       0x14 Drivers\STM32F1xx_HAL_Driver\Src\stm32f1xx_hal_rcc.o
                0x0800318c                HAL_RCC_GetHCLKFreq
 .text.HAL_RCC_GetPCLK1Freq
                0x080031a0       0x28 Drivers\STM32F1xx_HAL_Driver\Src\stm32f1xx_hal_rcc.o
                0x080031a0                HAL_RCC_GetPCLK1Freq
 .text.RCC_Delay
                0x080031c8       0x3c Drivers\STM32F1xx_HAL_Driver\Src\stm32f1xx_hal_rcc.o
 .text.HAL_TIM_Base_Init
                0x08003204       0x56 Drivers\STM32F1xx_HAL_Driver\Src\stm32f1xx_hal_tim.o
                0x08003204                HAL_TIM_Base_Init
 .text.HAL_TIM_Base_Start_IT
                0x0800325a       0x34 Drivers\STM32F1xx_HAL_Driver\Src\stm32f1xx_hal_tim.o
                0x0800325a                HAL_TIM_Base_Start_IT
 .text.HAL_TIM_PWM_Init
                0x0800328e       0x56 Drivers\STM32F1xx_HAL_Driver\Src\stm32f1xx_hal_tim.o
                0x0800328e                HAL_TIM_PWM_Init
 .text.HAL_TIM_PWM_MspInit
                0x080032e4       0x12 Drivers\STM32F1xx_HAL_Driver\Src\stm32f1xx_hal_tim.o
                0x080032e4                HAL_TIM_PWM_MspInit
 *fill*         0x080032f6        0x2 
 .text.HAL_TIM_PWM_Start
                0x080032f8       0x50 Drivers\STM32F1xx_HAL_Driver\Src\stm32f1xx_hal_tim.o
                0x080032f8                HAL_TIM_PWM_Start
 .text.HAL_TIM_IRQHandler
                0x08003348      0x210 Drivers\STM32F1xx_HAL_Driver\Src\stm32f1xx_hal_tim.o
                0x08003348                HAL_TIM_IRQHandler
 .text.HAL_TIM_PWM_ConfigChannel
                0x08003558      0x18c Drivers\STM32F1xx_HAL_Driver\Src\stm32f1xx_hal_tim.o
                0x08003558                HAL_TIM_PWM_ConfigChannel
 .text.HAL_TIM_ConfigClockSource
                0x080036e4      0x1b6 Drivers\STM32F1xx_HAL_Driver\Src\stm32f1xx_hal_tim.o
                0x080036e4                HAL_TIM_ConfigClockSource
 .text.HAL_TIM_PeriodElapsedCallback
                0x0800389a       0x12 Drivers\STM32F1xx_HAL_Driver\Src\stm32f1xx_hal_tim.o
                0x0800389a                HAL_TIM_PeriodElapsedCallback
 .text.HAL_TIM_OC_DelayElapsedCallback
                0x080038ac       0x12 Drivers\STM32F1xx_HAL_Driver\Src\stm32f1xx_hal_tim.o
                0x080038ac                HAL_TIM_OC_DelayElapsedCallback
 .text.HAL_TIM_IC_CaptureCallback
                0x080038be       0x12 Drivers\STM32F1xx_HAL_Driver\Src\stm32f1xx_hal_tim.o
                0x080038be                HAL_TIM_IC_CaptureCallback
 .text.HAL_TIM_PWM_PulseFinishedCallback
                0x080038d0       0x12 Drivers\STM32F1xx_HAL_Driver\Src\stm32f1xx_hal_tim.o
                0x080038d0                HAL_TIM_PWM_PulseFinishedCallback
 .text.HAL_TIM_TriggerCallback
                0x080038e2       0x12 Drivers\STM32F1xx_HAL_Driver\Src\stm32f1xx_hal_tim.o
                0x080038e2                HAL_TIM_TriggerCallback
 .text.TIM_Base_SetConfig
                0x080038f4       0xcc Drivers\STM32F1xx_HAL_Driver\Src\stm32f1xx_hal_tim.o
                0x080038f4                TIM_Base_SetConfig
 .text.TIM_OC1_SetConfig
                0x080039c0       0xd8 Drivers\STM32F1xx_HAL_Driver\Src\stm32f1xx_hal_tim.o
 .text.TIM_OC2_SetConfig
                0x08003a98       0xe0 Drivers\STM32F1xx_HAL_Driver\Src\stm32f1xx_hal_tim.o
                0x08003a98                TIM_OC2_SetConfig
 .text.TIM_OC3_SetConfig
                0x08003b78       0xe0 Drivers\STM32F1xx_HAL_Driver\Src\stm32f1xx_hal_tim.o
 .text.TIM_OC4_SetConfig
                0x08003c58       0xa8 Drivers\STM32F1xx_HAL_Driver\Src\stm32f1xx_hal_tim.o
 .text.TIM_TI1_ConfigInputStage
                0x08003d00       0x64 Drivers\STM32F1xx_HAL_Driver\Src\stm32f1xx_hal_tim.o
 .text.TIM_TI2_ConfigInputStage
                0x08003d64       0x66 Drivers\STM32F1xx_HAL_Driver\Src\stm32f1xx_hal_tim.o
 .text.TIM_ITRx_SetConfig
                0x08003dca       0x3e Drivers\STM32F1xx_HAL_Driver\Src\stm32f1xx_hal_tim.o
 .text.TIM_ETR_SetConfig
                0x08003e08       0x42 Drivers\STM32F1xx_HAL_Driver\Src\stm32f1xx_hal_tim.o
 .text.TIM_CCxChannelCmd
                0x08003e4a       0x44 Drivers\STM32F1xx_HAL_Driver\Src\stm32f1xx_hal_tim.o
                0x08003e4a                TIM_CCxChannelCmd
 .text.HAL_TIMEx_MasterConfigSynchronization
                0x08003e8e       0x88 Drivers\STM32F1xx_HAL_Driver\Src\stm32f1xx_hal_tim_ex.o
                0x08003e8e                HAL_TIMEx_MasterConfigSynchronization
 .text.HAL_TIMEx_CommutationCallback
                0x08003f16       0x12 Drivers\STM32F1xx_HAL_Driver\Src\stm32f1xx_hal_tim_ex.o
                0x08003f16                HAL_TIMEx_CommutationCallback
 .text.HAL_TIMEx_BreakCallback
                0x08003f28       0x12 Drivers\STM32F1xx_HAL_Driver\Src\stm32f1xx_hal_tim_ex.o
                0x08003f28                HAL_TIMEx_BreakCallback
 *fill*         0x08003f3a        0x2 
 .text.Accel_ini
                0x08003f3c       0xb8 Src\Accel.o
                0x08003f3c                Accel_ini
 .text.Accel_GetXYZ
                0x08003ff4       0x90 Src\Accel.o
                0x08003ff4                Accel_GetXYZ
 .text.Gyro_GetXYZ
                0x08004084       0x90 Src\Accel.o
                0x08004084                Gyro_GetXYZ
 *fill*         0x08004114        0x4 
 .text.Accel_ReadAcc
                0x08004118      0x288 Src\Accel.o
                0x08004118                Accel_ReadAcc
 .text.ReadGyro
                0x080043a0      0x1dc Src\Accel.o
                0x080043a0                ReadGyro
 .text.GyroCalibrate
                0x0800457c       0x7c Src\Accel.o
                0x0800457c                GyroCalibrate
 .text.deriveGyro
                0x080045f8       0x4c Src\Accel.o
                0x080045f8                deriveGyro
 .text.getPID   0x08004644      0x10c Src\PID.o
                0x08004644                getPID
 .text.NVIC_EnableIRQ
                0x08004750       0x30 Src\Usart.o
 .text.NVIC_SetPriority
                0x08004780       0x54 Src\Usart.o
 .text.uart_init
                0x080047d4       0x88 Src\Usart.o
                0x080047d4                uart_init
 .text.send_to_uart
                0x0800485c       0x20 Src\Usart.o
                0x0800485c                send_to_uart
 .text.USART1_IRQHandler
                0x0800487c       0x84 Src\Usart.o
                0x0800487c                USART1_IRQHandler
 .text.write_CRC
                0x08004900       0x64 Src\Usart.o
                0x08004900                write_CRC
 .text.selfStabilizing
                0x08004964      0x484 Src\flightcontrol.o
                0x08004964                selfStabilizing
 .text.addrule  0x08004de8       0x74 Src\fuzzy.o
                0x08004de8                addrule
 .text.Fuzzy_Init
                0x08004e5c       0xb4 Src\fuzzy.o
                0x08004e5c                Fuzzy_Init
 .text.MX_GPIO_Init
                0x08004f10       0x5c Src\gpio.o
                0x08004f10                MX_GPIO_Init
 .text.MX_I2C1_Init
                0x08004f6c       0x5c Src\i2c.o
                0x08004f6c                MX_I2C1_Init
 .text.MX_I2C2_Init
                0x08004fc8       0x5c Src\i2c.o
                0x08004fc8                MX_I2C2_Init
 .text.HAL_I2C_MspInit
                0x08005024       0xd8 Src\i2c.o
                0x08005024                HAL_I2C_MspInit
 .text.main     0x080050fc      0x150 Src\main.o
                0x080050fc                main
 .text.SystemClock_Config
                0x0800524c       0x8a Src\main.o
                0x0800524c                SystemClock_Config
 *fill*         0x080052d6        0x2 
 .text.convertToChar
                0x080052d8       0xac Src\main.o
                0x080052d8                convertToChar
 .text.Error_Handler
                0x08005384        0xc Src\main.o
                0x08005384                Error_Handler
 .text.SSD1306_Init
                0x08005390      0x17c Src\ssd1306.o
                0x08005390                SSD1306_Init
 .text.SSD1306_UpdateScreen
                0x0800550c       0x30 Src\ssd1306.o
                0x0800550c                SSD1306_UpdateScreen
 .text.SSD1306_Fill
                0x0800553c       0x30 Src\ssd1306.o
                0x0800553c                SSD1306_Fill
 .text.SSD1306_DrawPixel
                0x0800556c       0xcc Src\ssd1306.o
                0x0800556c                SSD1306_DrawPixel
 .text.SSD1306_GotoXY
                0x08005638       0x2c Src\ssd1306.o
                0x08005638                SSD1306_GotoXY
 .text.SSD1306_Putc
                0x08005664       0xe4 Src\ssd1306.o
                0x08005664                SSD1306_Putc
 .text.SSD1306_Puts
                0x08005748       0x4a Src\ssd1306.o
                0x08005748                SSD1306_Puts
 *fill*         0x08005792        0x2 
 .text.ssd1306_I2C_Init
                0x08005794       0x28 Src\ssd1306.o
                0x08005794                ssd1306_I2C_Init
 .text.ssd1306_I2C_Write
                0x080057bc       0x3c Src\ssd1306.o
                0x080057bc                ssd1306_I2C_Write
 .text.HAL_MspInit
                0x080057f8       0x64 Src\stm32f1xx_hal_msp.o
                0x080057f8                HAL_MspInit
 .text.NMI_Handler
                0x0800585c        0xc Src\stm32f1xx_it.o
                0x0800585c                NMI_Handler
 .text.HardFault_Handler
                0x08005868        0x6 Src\stm32f1xx_it.o
                0x08005868                HardFault_Handler
 .text.MemManage_Handler
                0x0800586e        0x6 Src\stm32f1xx_it.o
                0x0800586e                MemManage_Handler
 .text.BusFault_Handler
                0x08005874        0x6 Src\stm32f1xx_it.o
                0x08005874                BusFault_Handler
 .text.UsageFault_Handler
                0x0800587a        0x6 Src\stm32f1xx_it.o
                0x0800587a                UsageFault_Handler
 .text.SVC_Handler
                0x08005880        0xc Src\stm32f1xx_it.o
                0x08005880                SVC_Handler
 .text.DebugMon_Handler
                0x0800588c        0xc Src\stm32f1xx_it.o
                0x0800588c                DebugMon_Handler
 .text.PendSV_Handler
                0x08005898        0xc Src\stm32f1xx_it.o
                0x08005898                PendSV_Handler
 .text.SysTick_Handler
                0x080058a4        0xc Src\stm32f1xx_it.o
                0x080058a4                SysTick_Handler
 .text.TIM3_IRQHandler
                0x080058b0      0x2f0 Src\stm32f1xx_it.o
                0x080058b0                TIM3_IRQHandler
 .text.TIM4_IRQHandler
                0x08005ba0       0x1c Src\stm32f1xx_it.o
                0x08005ba0                TIM4_IRQHandler
 .text.SystemInit
                0x08005bbc       0x68 Src\system_stm32f1xx.o
                0x08005bbc                SystemInit
 .text.MX_TIM2_Init
                0x08005c24      0x118 Src\tim.o
                0x08005c24                MX_TIM2_Init
 .text.MX_TIM3_Init
                0x08005d3c       0x9c Src\tim.o
                0x08005d3c                MX_TIM3_Init
 .text.MX_TIM4_Init
                0x08005dd8       0x9c Src\tim.o
                0x08005dd8                MX_TIM4_Init
 .text.HAL_TIM_Base_MspInit
                0x08005e74       0xa8 Src\tim.o
                0x08005e74                HAL_TIM_Base_MspInit
 .text.HAL_TIM_MspPostInit
                0x08005f1c       0x60 Src\tim.o
                0x08005f1c                HAL_TIM_MspPostInit
 .text.Reset_Handler
                0x08005f7c       0x48 startup\startup_stm32f103xb.o
                0x08005f7c                Reset_Handler
 .text.Default_Handler
                0x08005fc4        0x2 startup\startup_stm32f103xb.o
                0x08005fc4                RTC_Alarm_IRQHandler
                0x08005fc4                EXTI2_IRQHandler
                0x08005fc4                TIM1_CC_IRQHandler
                0x08005fc4                PVD_IRQHandler
                0x08005fc4                EXTI3_IRQHandler
                0x08005fc4                EXTI0_IRQHandler
                0x08005fc4                I2C2_EV_IRQHandler
                0x08005fc4                ADC1_2_IRQHandler
                0x08005fc4                SPI1_IRQHandler
                0x08005fc4                TAMPER_IRQHandler
                0x08005fc4                DMA1_Channel4_IRQHandler
                0x08005fc4                USART3_IRQHandler
                0x08005fc4                RTC_IRQHandler
                0x08005fc4                DMA1_Channel7_IRQHandler
                0x08005fc4                CAN1_RX1_IRQHandler
                0x08005fc4                I2C1_EV_IRQHandler
                0x08005fc4                DMA1_Channel6_IRQHandler
                0x08005fc4                RCC_IRQHandler
                0x08005fc4                TIM1_TRG_COM_IRQHandler
                0x08005fc4                DMA1_Channel1_IRQHandler
                0x08005fc4                Default_Handler
                0x08005fc4                EXTI15_10_IRQHandler
                0x08005fc4                EXTI9_5_IRQHandler
                0x08005fc4                SPI2_IRQHandler
                0x08005fc4                DMA1_Channel5_IRQHandler
                0x08005fc4                EXTI4_IRQHandler
                0x08005fc4                USB_LP_CAN1_RX0_IRQHandler
                0x08005fc4                USB_HP_CAN1_TX_IRQHandler
                0x08005fc4                DMA1_Channel3_IRQHandler
                0x08005fc4                TIM1_UP_IRQHandler
                0x08005fc4                WWDG_IRQHandler
                0x08005fc4                TIM2_IRQHandler
                0x08005fc4                TIM1_BRK_IRQHandler
                0x08005fc4                EXTI1_IRQHandler
                0x08005fc4                USART2_IRQHandler
                0x08005fc4                I2C2_ER_IRQHandler
                0x08005fc4                DMA1_Channel2_IRQHandler
                0x08005fc4                CAN1_SCE_IRQHandler
                0x08005fc4                FLASH_IRQHandler
                0x08005fc4                I2C1_ER_IRQHandler
                0x08005fc4                USBWakeUp_IRQHandler
 *fill*         0x08005fc6        0x2 
 .text.__libc_init_array
                0x08005fc8       0x48 c:/program files (x86)/atollic/truestudio for stm32 9.0.1/armtools/bin/../lib/gcc/arm-atollic-eabi/6.3.1/../../../../arm-atollic-eabi/lib/armv7-m\libc_nano.a(lib_a-init.o)
                0x08005fc8                __libc_init_array
 .text.memset   0x08006010       0x10 c:/program files (x86)/atollic/truestudio for stm32 9.0.1/armtools/bin/../lib/gcc/arm-atollic-eabi/6.3.1/../../../../arm-atollic-eabi/lib/armv7-m\libc_nano.a(lib_a-memset.o)
                0x08006010                memset
 .text.atan2    0x08006020        0x4 c:/program files (x86)/atollic/truestudio for stm32 9.0.1/armtools/bin/../lib/gcc/arm-atollic-eabi/6.3.1/../../../../arm-atollic-eabi/lib/armv7-m\libm.a(lib_a-w_atan2.o)
                0x08006020                atan2
 .text.pow      0x08006024      0x2c8 c:/program files (x86)/atollic/truestudio for stm32 9.0.1/armtools/bin/../lib/gcc/arm-atollic-eabi/6.3.1/../../../../arm-atollic-eabi/lib/armv7-m\libm.a(lib_a-w_pow.o)
                0x08006024                pow
 .text.sqrt     0x080062ec       0xa8 c:/program files (x86)/atollic/truestudio for stm32 9.0.1/armtools/bin/../lib/gcc/arm-atollic-eabi/6.3.1/../../../../arm-atollic-eabi/lib/armv7-m\libm.a(lib_a-w_sqrt.o)
                0x080062ec                sqrt
 *fill*         0x08006394        0x4 
 .text.__ieee754_atan2
                0x08006398      0x1b4 c:/program files (x86)/atollic/truestudio for stm32 9.0.1/armtools/bin/../lib/gcc/arm-atollic-eabi/6.3.1/../../../../arm-atollic-eabi/lib/armv7-m\libm.a(lib_a-e_atan2.o)
                0x08006398                __ieee754_atan2
 *fill*         0x0800654c        0x4 
 .text.__ieee754_pow
                0x08006550      0x9e4 c:/program files (x86)/atollic/truestudio for stm32 9.0.1/armtools/bin/../lib/gcc/arm-atollic-eabi/6.3.1/../../../../arm-atollic-eabi/lib/armv7-m\libm.a(lib_a-e_pow.o)
                0x08006550                __ieee754_pow
 .text.__ieee754_sqrt
                0x08006f34      0x158 c:/program files (x86)/atollic/truestudio for stm32 9.0.1/armtools/bin/../lib/gcc/arm-atollic-eabi/6.3.1/../../../../arm-atollic-eabi/lib/armv7-m\libm.a(lib_a-e_sqrt.o)
                0x08006f34                __ieee754_sqrt
 *fill*         0x0800708c        0x4 
 .text.atan     0x08007090      0x324 c:/program files (x86)/atollic/truestudio for stm32 9.0.1/armtools/bin/../lib/gcc/arm-atollic-eabi/6.3.1/../../../../arm-atollic-eabi/lib/armv7-m\libm.a(lib_a-s_atan.o)
                0x08007090                atan
 .text.fabs     0x080073b4        0x6 c:/program files (x86)/atollic/truestudio for stm32 9.0.1/armtools/bin/../lib/gcc/arm-atollic-eabi/6.3.1/../../../../arm-atollic-eabi/lib/armv7-m\libm.a(lib_a-s_fabs.o)
                0x080073b4                fabs
 .text.finite   0x080073ba        0xc c:/program files (x86)/atollic/truestudio for stm32 9.0.1/armtools/bin/../lib/gcc/arm-atollic-eabi/6.3.1/../../../../arm-atollic-eabi/lib/armv7-m\libm.a(lib_a-s_finite.o)
                0x080073ba                finite
 .text.matherr  0x080073c6        0x4 c:/program files (x86)/atollic/truestudio for stm32 9.0.1/armtools/bin/../lib/gcc/arm-atollic-eabi/6.3.1/../../../../arm-atollic-eabi/lib/armv7-m\libm.a(lib_a-s_matherr.o)
                0x080073c6                matherr
 *fill*         0x080073ca        0x2 
 .text.nan      0x080073cc        0xc c:/program files (x86)/atollic/truestudio for stm32 9.0.1/armtools/bin/../lib/gcc/arm-atollic-eabi/6.3.1/../../../../arm-atollic-eabi/lib/armv7-m\libm.a(lib_a-s_nan.o)
                0x080073cc                nan
 .text.rint     0x080073d8      0x110 c:/program files (x86)/atollic/truestudio for stm32 9.0.1/armtools/bin/../lib/gcc/arm-atollic-eabi/6.3.1/../../../../arm-atollic-eabi/lib/armv7-m\libm.a(lib_a-s_rint.o)
                0x080073d8                rint
 .text.scalbn   0x080074e8       0xdc c:/program files (x86)/atollic/truestudio for stm32 9.0.1/armtools/bin/../lib/gcc/arm-atollic-eabi/6.3.1/../../../../arm-atollic-eabi/lib/armv7-m\libm.a(lib_a-s_scalbn.o)
                0x080074e8                scalbn
 .text.copysign
                0x080075c4        0xe c:/program files (x86)/atollic/truestudio for stm32 9.0.1/armtools/bin/../lib/gcc/arm-atollic-eabi/6.3.1/../../../../arm-atollic-eabi/lib/armv7-m\libm.a(lib_a-s_copysign.o)
                0x080075c4                copysign
 *fill*         0x080075d2        0x2 
 .text.__errno  0x080075d4        0xc c:/program files (x86)/atollic/truestudio for stm32 9.0.1/armtools/bin/../lib/gcc/arm-atollic-eabi/6.3.1/../../../../arm-atollic-eabi/lib/armv7-m\libc_nano.a(lib_a-errno.o)
                0x080075d4                __errno
 *(.glue_7)
 .glue_7        0x080075e0        0x0 linker stubs
 *(.glue_7t)
 .glue_7t       0x080075e0        0x0 linker stubs
 *(.eh_frame)
 .eh_frame      0x080075e0        0x0 c:/program files (x86)/atollic/truestudio for stm32 9.0.1/armtools/bin/../lib/gcc/arm-atollic-eabi/6.3.1/armv7-m/crtbegin.o
 *(.init)
 .init          0x080075e0        0x4 c:/program files (x86)/atollic/truestudio for stm32 9.0.1/armtools/bin/../lib/gcc/arm-atollic-eabi/6.3.1/armv7-m/crti.o
                0x080075e0                _init
 .init          0x080075e4        0x8 c:/program files (x86)/atollic/truestudio for stm32 9.0.1/armtools/bin/../lib/gcc/arm-atollic-eabi/6.3.1/armv7-m/crtn.o
 *(.fini)
 .fini          0x080075ec        0x4 c:/program files (x86)/atollic/truestudio for stm32 9.0.1/armtools/bin/../lib/gcc/arm-atollic-eabi/6.3.1/armv7-m/crti.o
                0x080075ec                _fini
 .fini          0x080075f0        0x8 c:/program files (x86)/atollic/truestudio for stm32 9.0.1/armtools/bin/../lib/gcc/arm-atollic-eabi/6.3.1/armv7-m/crtn.o
                0x080075f8                . = ALIGN (0x4)
                0x080075f8                _etext = .

.vfp11_veneer   0x080075f8        0x0
 .vfp11_veneer  0x080075f8        0x0 linker stubs

.v4_bx          0x080075f8        0x0
 .v4_bx         0x080075f8        0x0 linker stubs

.iplt           0x080075f8        0x0
 .iplt          0x080075f8        0x0 c:/program files (x86)/atollic/truestudio for stm32 9.0.1/armtools/bin/../lib/gcc/arm-atollic-eabi/6.3.1/armv7-m/crtbegin.o

.rodata         0x080075f8      0xab8
                0x080075f8                . = ALIGN (0x4)
 *(.rodata)
 .rodata        0x080075f8       0x12 Drivers\STM32F1xx_HAL_Driver\Src\stm32f1xx_hal_rcc.o
 *(.rodata*)
 *fill*         0x0800760a        0x2 
 .rodata.Font7x10
                0x0800760c      0xa00 Src\fonts.o
                0x0800760c                Font7x10
 .rodata.AHBPrescTable
                0x0800800c       0x10 Src\system_stm32f1xx.o
                0x0800800c                AHBPrescTable
 .rodata.APBPrescTable
                0x0800801c        0x8 Src\system_stm32f1xx.o
                0x0800801c                APBPrescTable
 .rodata.pow.str1.1
                0x08008024        0x4 c:/program files (x86)/atollic/truestudio for stm32 9.0.1/armtools/bin/../lib/gcc/arm-atollic-eabi/6.3.1/../../../../arm-atollic-eabi/lib/armv7-m\libm.a(lib_a-w_pow.o)
 .rodata.sqrt.str1.1
                0x08008028        0x5 c:/program files (x86)/atollic/truestudio for stm32 9.0.1/armtools/bin/../lib/gcc/arm-atollic-eabi/6.3.1/../../../../arm-atollic-eabi/lib/armv7-m\libm.a(lib_a-w_sqrt.o)
 .rodata.__ieee754_pow.str1.1
                0x0800802d        0x5 c:/program files (x86)/atollic/truestudio for stm32 9.0.1/armtools/bin/../lib/gcc/arm-atollic-eabi/6.3.1/../../../../arm-atollic-eabi/lib/armv7-m\libm.a(lib_a-e_pow.o)
                                  0x1 (size before relaxing)
 *fill*         0x0800802d        0x3 
 .rodata.bp     0x08008030       0x10 c:/program files (x86)/atollic/truestudio for stm32 9.0.1/armtools/bin/../lib/gcc/arm-atollic-eabi/6.3.1/../../../../arm-atollic-eabi/lib/armv7-m\libm.a(lib_a-e_pow.o)
 .rodata.dp_h   0x08008040       0x10 c:/program files (x86)/atollic/truestudio for stm32 9.0.1/armtools/bin/../lib/gcc/arm-atollic-eabi/6.3.1/../../../../arm-atollic-eabi/lib/armv7-m\libm.a(lib_a-e_pow.o)
 .rodata.dp_l   0x08008050       0x10 c:/program files (x86)/atollic/truestudio for stm32 9.0.1/armtools/bin/../lib/gcc/arm-atollic-eabi/6.3.1/../../../../arm-atollic-eabi/lib/armv7-m\libm.a(lib_a-e_pow.o)
 .rodata.atanhi
                0x08008060       0x20 c:/program files (x86)/atollic/truestudio for stm32 9.0.1/armtools/bin/../lib/gcc/arm-atollic-eabi/6.3.1/../../../../arm-atollic-eabi/lib/armv7-m\libm.a(lib_a-s_atan.o)
 .rodata.atanlo
                0x08008080       0x20 c:/program files (x86)/atollic/truestudio for stm32 9.0.1/armtools/bin/../lib/gcc/arm-atollic-eabi/6.3.1/../../../../arm-atollic-eabi/lib/armv7-m\libm.a(lib_a-s_atan.o)
 .rodata.TWO52  0x080080a0       0x10 c:/program files (x86)/atollic/truestudio for stm32 9.0.1/armtools/bin/../lib/gcc/arm-atollic-eabi/6.3.1/../../../../arm-atollic-eabi/lib/armv7-m\libm.a(lib_a-s_rint.o)
                0x080080b0                . = ALIGN (0x4)

.rel.dyn        0x080080b0        0x0
 .rel.iplt      0x080080b0        0x0 c:/program files (x86)/atollic/truestudio for stm32 9.0.1/armtools/bin/../lib/gcc/arm-atollic-eabi/6.3.1/armv7-m/crtbegin.o

.ARM.extab
 *(.ARM.extab* .gnu.linkonce.armextab.*)

.ARM            0x080080b0        0x0
                0x080080b0                __exidx_start = .
 *(.ARM.exidx*)
                0x080080b0                __exidx_end = .

.preinit_array  0x080080b0        0x0
                0x080080b0                PROVIDE (__preinit_array_start, .)
 *(.preinit_array*)
                0x080080b0                PROVIDE (__preinit_array_end, .)

.init_array     0x080080b0        0x4
                0x080080b0                PROVIDE (__init_array_start, .)
 *(SORT(.init_array.*))
 *(.init_array*)
 .init_array    0x080080b0        0x4 c:/program files (x86)/atollic/truestudio for stm32 9.0.1/armtools/bin/../lib/gcc/arm-atollic-eabi/6.3.1/armv7-m/crtbegin.o
                0x080080b4                PROVIDE (__init_array_end, .)

.fini_array     0x080080b4        0x4
                [!provide]                PROVIDE (__fini_array_start, .)
 *(SORT(.fini_array.*))
 *(.fini_array*)
 .fini_array    0x080080b4        0x4 c:/program files (x86)/atollic/truestudio for stm32 9.0.1/armtools/bin/../lib/gcc/arm-atollic-eabi/6.3.1/armv7-m/crtbegin.o
                [!provide]                PROVIDE (__fini_array_end, .)
                0x080080b8                _sidata = LOADADDR (.data)

.data           0x20000000       0x80 load address 0x080080b8
                0x20000000                . = ALIGN (0x4)
                0x20000000                _sdata = .
 *(.data)
 *(.data*)
 .data.uwTickPrio
                0x20000000        0x4 Drivers\STM32F1xx_HAL_Driver\Src\stm32f1xx_hal.o
                0x20000000                uwTickPrio
 .data.uwTickFreq
                0x20000004        0x1 Drivers\STM32F1xx_HAL_Driver\Src\stm32f1xx_hal.o
                0x20000004                uwTickFreq
 *fill*         0x20000005        0x3 
 .data.Font_7x10
                0x20000008        0x8 Src\fonts.o
                0x20000008                Font_7x10
 .data.SSD1306_Buffer
                0x20000010        0x4 Src\ssd1306.o
 .data.SystemCoreClock
                0x20000014        0x4 Src\system_stm32f1xx.o
                0x20000014                SystemCoreClock
 .data.__fdlib_version
                0x20000018        0x1 c:/program files (x86)/atollic/truestudio for stm32 9.0.1/armtools/bin/../lib/gcc/arm-atollic-eabi/6.3.1/../../../../arm-atollic-eabi/lib/armv7-m\libm.a(lib_a-s_lib_ver.o)
                0x20000018                __fdlib_version
 *fill*         0x20000019        0x3 
 .data._impure_ptr
                0x2000001c        0x4 c:/program files (x86)/atollic/truestudio for stm32 9.0.1/armtools/bin/../lib/gcc/arm-atollic-eabi/6.3.1/../../../../arm-atollic-eabi/lib/armv7-m\libc_nano.a(lib_a-impure.o)
                0x2000001c                _impure_ptr
 .data.impure_data
                0x20000020       0x60 c:/program files (x86)/atollic/truestudio for stm32 9.0.1/armtools/bin/../lib/gcc/arm-atollic-eabi/6.3.1/../../../../arm-atollic-eabi/lib/armv7-m\libc_nano.a(lib_a-impure.o)
                0x20000080                . = ALIGN (0x4)
                0x20000080                _edata = .

.igot.plt       0x20000080        0x0 load address 0x08008138
 .igot.plt      0x20000080        0x0 c:/program files (x86)/atollic/truestudio for stm32 9.0.1/armtools/bin/../lib/gcc/arm-atollic-eabi/6.3.1/armv7-m/crtbegin.o
                0x20000080                . = ALIGN (0x4)

.bss            0x20000080      0x65c load address 0x08008138
                0x20000080                _sbss = .
                0x20000080                __bss_start__ = _sbss
 *(.bss)
 .bss           0x20000080       0x1c c:/program files (x86)/atollic/truestudio for stm32 9.0.1/armtools/bin/../lib/gcc/arm-atollic-eabi/6.3.1/armv7-m/crtbegin.o
 *(.bss*)
 .bss.SSD1306_Buffer_all
                0x2000009c      0x401 Src\ssd1306.o
 *fill*         0x2000049d        0x3 
 .bss.SSD1306   0x200004a0        0x6 Src\ssd1306.o
 *(COMMON)
 *fill*         0x200004a6        0x2 
 COMMON         0x200004a8        0x4 Drivers\STM32F1xx_HAL_Driver\Src\stm32f1xx_hal.o
                0x200004a8                uwTick
 COMMON         0x200004ac        0xc Src\PID.o
                0x200004ac                I_koef
                0x200004b0                P_koef
                0x200004b4                D_koef
 COMMON         0x200004b8        0x1 Src\Usart.o
                0x200004b8                current
 *fill*         0x200004b9        0x3 
 COMMON         0x200004bc       0x4d Src\flightcontrol.o
                0x200004bc                iprevYawError
                0x200004c0                acYaw
                0x200004c4                rules
                0x200004f4                integrYError
                0x200004f6                integrRError
                0x200004f8                acRoll
                0x200004fc                integrPError
                0x200004fe                iprevRollError
                0x20000500                iprevPitchError
                0x20000504                acPitch
                0x20000508                numofrules
 *fill*         0x20000509        0x3 
 COMMON         0x2000050c       0xa8 Src\i2c.o
                0x2000050c                hi2c1
                0x20000560                hi2c2
 COMMON         0x200005b4       0x67 Src\main.o
                0x200005b4                ytemp
                0x200005b6                xGyro
                0x200005b8                flag
                0x200005ba                ztemp
                0x200005bc                yval
                0x200005be                zdata
                0x200005c0                YGf
                0x200005c4                fGZ_Cal
                0x200005c8                fGX_Cal
                0x200005cc                fGY_Cal
                0x200005d0                dMThX
                0x200005d2                val
                0x200005d4                XG
                0x200005d6                val2
                0x200005d8                ZGf
                0x200005da                yGyro
                0x200005dc                val3
                0x200005de                dMThY
                0x200005e0                counter
                0x200005e2                data
                0x200005e3                xval
                0x200005e4                xtemp
                0x200005e6                xdata
                0x200005e8                ydata
                0x200005ea                zval
                0x200005ec                XGf
                0x200005ee                ZG
                0x200005f0                YG
                0x200005f4                str
                0x200005fc                val1
                0x20000600                buffer_str
                0x20000616                dMThZ
                0x20000618                zGyro
                0x2000061a                status
 *fill*         0x2000061b        0x1 
 COMMON         0x2000061c       0xc0 Src\tim.o
                0x2000061c                htim4
                0x2000065c                htim3
                0x2000069c                htim2
                0x200006dc                . = ALIGN (0x4)
                0x200006dc                _ebss = .
                0x200006dc                __bss_end__ = _ebss

._user_heap_stack
                0x200006dc      0x600 load address 0x08008138
                0x200006dc                . = ALIGN (0x4)
                [!provide]                PROVIDE (end, .)
                [!provide]                PROVIDE (_end, .)
                0x200008dc                . = (. + _Min_Heap_Size)
 *fill*         0x200006dc      0x200 
                0x20000cdc                . = (. + _Min_Stack_Size)
 *fill*         0x200008dc      0x400 
                0x20000cdc                . = ALIGN (0x4)

/DISCARD/
 libc.a(*)
 libm.a(*)
 libgcc.a(*)

.ARM.attributes
                0x00000000       0x29
 *(.ARM.attributes)
 .ARM.attributes
                0x00000000       0x1d c:/program files (x86)/atollic/truestudio for stm32 9.0.1/armtools/bin/../lib/gcc/arm-atollic-eabi/6.3.1/armv7-m/crti.o
 .ARM.attributes
                0x0000001d       0x2d c:/program files (x86)/atollic/truestudio for stm32 9.0.1/armtools/bin/../lib/gcc/arm-atollic-eabi/6.3.1/armv7-m/crtbegin.o
 .ARM.attributes
                0x0000004a       0x33 Drivers\STM32F1xx_HAL_Driver\Src\stm32f1xx_hal.o
 .ARM.attributes
                0x0000007d       0x33 Drivers\STM32F1xx_HAL_Driver\Src\stm32f1xx_hal_cortex.o
 .ARM.attributes
                0x000000b0       0x33 Drivers\STM32F1xx_HAL_Driver\Src\stm32f1xx_hal_gpio.o
 .ARM.attributes
                0x000000e3       0x33 Drivers\STM32F1xx_HAL_Driver\Src\stm32f1xx_hal_i2c.o
 .ARM.attributes
                0x00000116       0x33 Drivers\STM32F1xx_HAL_Driver\Src\stm32f1xx_hal_rcc.o
 .ARM.attributes
                0x00000149       0x33 Drivers\STM32F1xx_HAL_Driver\Src\stm32f1xx_hal_tim.o
 .ARM.attributes
                0x0000017c       0x33 Drivers\STM32F1xx_HAL_Driver\Src\stm32f1xx_hal_tim_ex.o
 .ARM.attributes
                0x000001af       0x33 Src\Accel.o
 .ARM.attributes
                0x000001e2       0x33 Src\PID.o
 .ARM.attributes
                0x00000215       0x33 Src\Usart.o
 .ARM.attributes
                0x00000248       0x33 Src\flightcontrol.o
 .ARM.attributes
                0x0000027b       0x33 Src\fonts.o
 .ARM.attributes
                0x000002ae       0x33 Src\fuzzy.o
 .ARM.attributes
                0x000002e1       0x33 Src\gpio.o
 .ARM.attributes
                0x00000314       0x33 Src\i2c.o
 .ARM.attributes
                0x00000347       0x33 Src\main.o
 .ARM.attributes
                0x0000037a       0x33 Src\ssd1306.o
 .ARM.attributes
                0x000003ad       0x33 Src\stm32f1xx_hal_msp.o
 .ARM.attributes
                0x000003e0       0x33 Src\stm32f1xx_it.o
 .ARM.attributes
                0x00000413       0x33 Src\system_stm32f1xx.o
 .ARM.attributes
                0x00000446       0x33 Src\tim.o
 .ARM.attributes
                0x00000479       0x21 startup\startup_stm32f103xb.o
 .ARM.attributes
                0x0000049a       0x2d c:/program files (x86)/atollic/truestudio for stm32 9.0.1/armtools/bin/../lib/gcc/arm-atollic-eabi/6.3.1/../../../../arm-atollic-eabi/lib/armv7-m\libc_nano.a(lib_a-init.o)
 .ARM.attributes
                0x000004c7       0x2d c:/program files (x86)/atollic/truestudio for stm32 9.0.1/armtools/bin/../lib/gcc/arm-atollic-eabi/6.3.1/../../../../arm-atollic-eabi/lib/armv7-m\libc_nano.a(lib_a-memset.o)
 .ARM.attributes
                0x000004f4       0x2d c:/program files (x86)/atollic/truestudio for stm32 9.0.1/armtools/bin/../lib/gcc/arm-atollic-eabi/6.3.1/../../../../arm-atollic-eabi/lib/armv7-m\libm.a(lib_a-w_atan2.o)
 .ARM.attributes
                0x00000521       0x2d c:/program files (x86)/atollic/truestudio for stm32 9.0.1/armtools/bin/../lib/gcc/arm-atollic-eabi/6.3.1/../../../../arm-atollic-eabi/lib/armv7-m\libm.a(lib_a-w_pow.o)
 .ARM.attributes
                0x0000054e       0x2d c:/program files (x86)/atollic/truestudio for stm32 9.0.1/armtools/bin/../lib/gcc/arm-atollic-eabi/6.3.1/../../../../arm-atollic-eabi/lib/armv7-m\libm.a(lib_a-w_sqrt.o)
 .ARM.attributes
                0x0000057b       0x2d c:/program files (x86)/atollic/truestudio for stm32 9.0.1/armtools/bin/../lib/gcc/arm-atollic-eabi/6.3.1/../../../../arm-atollic-eabi/lib/armv7-m\libm.a(lib_a-e_atan2.o)
 .ARM.attributes
                0x000005a8       0x2d c:/program files (x86)/atollic/truestudio for stm32 9.0.1/armtools/bin/../lib/gcc/arm-atollic-eabi/6.3.1/../../../../arm-atollic-eabi/lib/armv7-m\libm.a(lib_a-e_pow.o)
 .ARM.attributes
                0x000005d5       0x2d c:/program files (x86)/atollic/truestudio for stm32 9.0.1/armtools/bin/../lib/gcc/arm-atollic-eabi/6.3.1/../../../../arm-atollic-eabi/lib/armv7-m\libm.a(lib_a-e_sqrt.o)
 .ARM.attributes
                0x00000602       0x2d c:/program files (x86)/atollic/truestudio for stm32 9.0.1/armtools/bin/../lib/gcc/arm-atollic-eabi/6.3.1/../../../../arm-atollic-eabi/lib/armv7-m\libm.a(lib_a-s_atan.o)
 .ARM.attributes
                0x0000062f       0x2d c:/program files (x86)/atollic/truestudio for stm32 9.0.1/armtools/bin/../lib/gcc/arm-atollic-eabi/6.3.1/../../../../arm-atollic-eabi/lib/armv7-m\libm.a(lib_a-s_fabs.o)
 .ARM.attributes
                0x0000065c       0x2d c:/program files (x86)/atollic/truestudio for stm32 9.0.1/armtools/bin/../lib/gcc/arm-atollic-eabi/6.3.1/../../../../arm-atollic-eabi/lib/armv7-m\libm.a(lib_a-s_finite.o)
 .ARM.attributes
                0x00000689       0x2d c:/program files (x86)/atollic/truestudio for stm32 9.0.1/armtools/bin/../lib/gcc/arm-atollic-eabi/6.3.1/../../../../arm-atollic-eabi/lib/armv7-m\libm.a(lib_a-s_lib_ver.o)
 .ARM.attributes
                0x000006b6       0x2d c:/program files (x86)/atollic/truestudio for stm32 9.0.1/armtools/bin/../lib/gcc/arm-atollic-eabi/6.3.1/../../../../arm-atollic-eabi/lib/armv7-m\libm.a(lib_a-s_matherr.o)
 .ARM.attributes
                0x000006e3       0x2d c:/program files (x86)/atollic/truestudio for stm32 9.0.1/armtools/bin/../lib/gcc/arm-atollic-eabi/6.3.1/../../../../arm-atollic-eabi/lib/armv7-m\libm.a(lib_a-s_nan.o)
 .ARM.attributes
                0x00000710       0x2d c:/program files (x86)/atollic/truestudio for stm32 9.0.1/armtools/bin/../lib/gcc/arm-atollic-eabi/6.3.1/../../../../arm-atollic-eabi/lib/armv7-m\libm.a(lib_a-s_rint.o)
 .ARM.attributes
                0x0000073d       0x2d c:/program files (x86)/atollic/truestudio for stm32 9.0.1/armtools/bin/../lib/gcc/arm-atollic-eabi/6.3.1/../../../../arm-atollic-eabi/lib/armv7-m\libm.a(lib_a-s_scalbn.o)
 .ARM.attributes
                0x0000076a       0x2d c:/program files (x86)/atollic/truestudio for stm32 9.0.1/armtools/bin/../lib/gcc/arm-atollic-eabi/6.3.1/../../../../arm-atollic-eabi/lib/armv7-m\libm.a(lib_a-s_copysign.o)
 .ARM.attributes
                0x00000797       0x2d c:/program files (x86)/atollic/truestudio for stm32 9.0.1/armtools/bin/../lib/gcc/arm-atollic-eabi/6.3.1/../../../../arm-atollic-eabi/lib/armv7-m\libc_nano.a(lib_a-errno.o)
 .ARM.attributes
                0x000007c4       0x2d c:/program files (x86)/atollic/truestudio for stm32 9.0.1/armtools/bin/../lib/gcc/arm-atollic-eabi/6.3.1/../../../../arm-atollic-eabi/lib/armv7-m\libc_nano.a(lib_a-impure.o)
 .ARM.attributes
                0x000007f1       0x1d c:/program files (x86)/atollic/truestudio for stm32 9.0.1/armtools/bin/../lib/gcc/arm-atollic-eabi/6.3.1/armv7-m\libgcc.a(_arm_addsubdf3.o)
 .ARM.attributes
                0x0000080e       0x1d c:/program files (x86)/atollic/truestudio for stm32 9.0.1/armtools/bin/../lib/gcc/arm-atollic-eabi/6.3.1/armv7-m\libgcc.a(_arm_muldivdf3.o)
 .ARM.attributes
                0x0000082b       0x1d c:/program files (x86)/atollic/truestudio for stm32 9.0.1/armtools/bin/../lib/gcc/arm-atollic-eabi/6.3.1/armv7-m\libgcc.a(_arm_cmpdf2.o)
 .ARM.attributes
                0x00000848       0x1d c:/program files (x86)/atollic/truestudio for stm32 9.0.1/armtools/bin/../lib/gcc/arm-atollic-eabi/6.3.1/armv7-m\libgcc.a(_arm_unorddf2.o)
 .ARM.attributes
                0x00000865       0x1d c:/program files (x86)/atollic/truestudio for stm32 9.0.1/armtools/bin/../lib/gcc/arm-atollic-eabi/6.3.1/armv7-m\libgcc.a(_arm_fixdfsi.o)
 .ARM.attributes
                0x00000882       0x1d c:/program files (x86)/atollic/truestudio for stm32 9.0.1/armtools/bin/../lib/gcc/arm-atollic-eabi/6.3.1/armv7-m\libgcc.a(_arm_fixunsdfsi.o)
 .ARM.attributes
                0x0000089f       0x1d c:/program files (x86)/atollic/truestudio for stm32 9.0.1/armtools/bin/../lib/gcc/arm-atollic-eabi/6.3.1/armv7-m\libgcc.a(_arm_addsubsf3.o)
 .ARM.attributes
                0x000008bc       0x1d c:/program files (x86)/atollic/truestudio for stm32 9.0.1/armtools/bin/../lib/gcc/arm-atollic-eabi/6.3.1/armv7-m\libgcc.a(_arm_muldivsf3.o)
 .ARM.attributes
                0x000008d9       0x1d c:/program files (x86)/atollic/truestudio for stm32 9.0.1/armtools/bin/../lib/gcc/arm-atollic-eabi/6.3.1/armv7-m\libgcc.a(_arm_fixsfsi.o)
 .ARM.attributes
                0x000008f6       0x1d c:/program files (x86)/atollic/truestudio for stm32 9.0.1/armtools/bin/../lib/gcc/arm-atollic-eabi/6.3.1/armv7-m/crtn.o
OUTPUT(Wingy_smth.elf elf32-littlearm)

.debug_info     0x00000000    0x17b34
 .debug_info    0x00000000      0xefa Drivers\STM32F1xx_HAL_Driver\Src\stm32f1xx_hal.o
 .debug_info    0x00000efa     0x1349 Drivers\STM32F1xx_HAL_Driver\Src\stm32f1xx_hal_cortex.o
 .debug_info    0x00002243      0xeac Drivers\STM32F1xx_HAL_Driver\Src\stm32f1xx_hal_gpio.o
 .debug_info    0x000030ef     0x29bb Drivers\STM32F1xx_HAL_Driver\Src\stm32f1xx_hal_i2c.o
 .debug_info    0x00005aaa     0x1028 Drivers\STM32F1xx_HAL_Driver\Src\stm32f1xx_hal_rcc.o
 .debug_info    0x00006ad2     0x2a11 Drivers\STM32F1xx_HAL_Driver\Src\stm32f1xx_hal_tim.o
 .debug_info    0x000094e3     0x17c1 Drivers\STM32F1xx_HAL_Driver\Src\stm32f1xx_hal_tim_ex.o
 .debug_info    0x0000aca4     0x1194 Src\Accel.o
 .debug_info    0x0000be38      0x14a Src\PID.o
 .debug_info    0x0000bf82     0x1016 Src\Usart.o
 .debug_info    0x0000cf98     0x1130 Src\flightcontrol.o
 .debug_info    0x0000e0c8      0xa95 Src\fonts.o
 .debug_info    0x0000eb5d      0xaad Src\fuzzy.o
 .debug_info    0x0000f60a      0xa73 Src\gpio.o
 .debug_info    0x0001007d     0x10a5 Src\i2c.o
 .debug_info    0x00011122     0x176d Src\main.o
 .debug_info    0x0001288f     0x17b2 Src\ssd1306.o
 .debug_info    0x00014041      0xadf Src\stm32f1xx_hal_msp.o
 .debug_info    0x00014b20      0xffa Src\stm32f1xx_it.o
 .debug_info    0x00015b1a      0xc4a Src\system_stm32f1xx.o
 .debug_info    0x00016764     0x1365 Src\tim.o
 .debug_info    0x00017ac9       0x6b startup\startup_stm32f103xb.o

.debug_abbrev   0x00000000     0x2f7a
 .debug_abbrev  0x00000000      0x2b8 Drivers\STM32F1xx_HAL_Driver\Src\stm32f1xx_hal.o
 .debug_abbrev  0x000002b8      0x368 Drivers\STM32F1xx_HAL_Driver\Src\stm32f1xx_hal_cortex.o
 .debug_abbrev  0x00000620      0x24c Drivers\STM32F1xx_HAL_Driver\Src\stm32f1xx_hal_gpio.o
 .debug_abbrev  0x0000086c      0x2a5 Drivers\STM32F1xx_HAL_Driver\Src\stm32f1xx_hal_i2c.o
 .debug_abbrev  0x00000b11      0x2e6 Drivers\STM32F1xx_HAL_Driver\Src\stm32f1xx_hal_rcc.o
 .debug_abbrev  0x00000df7      0x2ab Drivers\STM32F1xx_HAL_Driver\Src\stm32f1xx_hal_tim.o
 .debug_abbrev  0x000010a2      0x288 Drivers\STM32F1xx_HAL_Driver\Src\stm32f1xx_hal_tim_ex.o
 .debug_abbrev  0x0000132a      0x248 Src\Accel.o
 .debug_abbrev  0x00001572       0x94 Src\PID.o
 .debug_abbrev  0x00001606      0x297 Src\Usart.o
 .debug_abbrev  0x0000189d      0x1de Src\flightcontrol.o
 .debug_abbrev  0x00001a7b      0x1d9 Src\fonts.o
 .debug_abbrev  0x00001c54      0x230 Src\fuzzy.o
 .debug_abbrev  0x00001e84      0x1c0 Src\gpio.o
 .debug_abbrev  0x00002044      0x1f6 Src\i2c.o
 .debug_abbrev  0x0000223a      0x280 Src\main.o
 .debug_abbrev  0x000024ba      0x2dd Src\ssd1306.o
 .debug_abbrev  0x00002797      0x1c0 Src\stm32f1xx_hal_msp.o
 .debug_abbrev  0x00002957      0x218 Src\stm32f1xx_it.o
 .debug_abbrev  0x00002b6f      0x1eb Src\system_stm32f1xx.o
 .debug_abbrev  0x00002d5a      0x20e Src\tim.o
 .debug_abbrev  0x00002f68       0x12 startup\startup_stm32f103xb.o

.debug_aranges  0x00000000      0xd78
 .debug_aranges
                0x00000000       0xd0 Drivers\STM32F1xx_HAL_Driver\Src\stm32f1xx_hal.o
 .debug_aranges
                0x000000d0      0x100 Drivers\STM32F1xx_HAL_Driver\Src\stm32f1xx_hal_cortex.o
 .debug_aranges
                0x000001d0       0x58 Drivers\STM32F1xx_HAL_Driver\Src\stm32f1xx_hal_gpio.o
 .debug_aranges
                0x00000228      0x268 Drivers\STM32F1xx_HAL_Driver\Src\stm32f1xx_hal_i2c.o
 .debug_aranges
                0x00000490       0x90 Drivers\STM32F1xx_HAL_Driver\Src\stm32f1xx_hal_rcc.o
 .debug_aranges
                0x00000520      0x368 Drivers\STM32F1xx_HAL_Driver\Src\stm32f1xx_hal_tim.o
 .debug_aranges
                0x00000888      0x138 Drivers\STM32F1xx_HAL_Driver\Src\stm32f1xx_hal_tim_ex.o
 .debug_aranges
                0x000009c0       0x50 Src\Accel.o
 .debug_aranges
                0x00000a10       0x20 Src\PID.o
 .debug_aranges
                0x00000a30       0x48 Src\Usart.o
 .debug_aranges
                0x00000a78       0x20 Src\flightcontrol.o
 .debug_aranges
                0x00000a98       0x20 Src\fonts.o
 .debug_aranges
                0x00000ab8       0x38 Src\fuzzy.o
 .debug_aranges
                0x00000af0       0x20 Src\gpio.o
 .debug_aranges
                0x00000b10       0x38 Src\i2c.o
 .debug_aranges
                0x00000b48       0x38 Src\main.o
 .debug_aranges
                0x00000b80       0xd0 Src\ssd1306.o
 .debug_aranges
                0x00000c50       0x20 Src\stm32f1xx_hal_msp.o
 .debug_aranges
                0x00000c70       0x70 Src\stm32f1xx_it.o
 .debug_aranges
                0x00000ce0       0x28 Src\system_stm32f1xx.o
 .debug_aranges
                0x00000d08       0x48 Src\tim.o
 .debug_aranges
                0x00000d50       0x28 startup\startup_stm32f103xb.o

.debug_ranges   0x00000000      0xc20
 .debug_ranges  0x00000000       0xc0 Drivers\STM32F1xx_HAL_Driver\Src\stm32f1xx_hal.o
 .debug_ranges  0x000000c0       0xf0 Drivers\STM32F1xx_HAL_Driver\Src\stm32f1xx_hal_cortex.o
 .debug_ranges  0x000001b0       0x48 Drivers\STM32F1xx_HAL_Driver\Src\stm32f1xx_hal_gpio.o
 .debug_ranges  0x000001f8      0x258 Drivers\STM32F1xx_HAL_Driver\Src\stm32f1xx_hal_i2c.o
 .debug_ranges  0x00000450       0x80 Drivers\STM32F1xx_HAL_Driver\Src\stm32f1xx_hal_rcc.o
 .debug_ranges  0x000004d0      0x358 Drivers\STM32F1xx_HAL_Driver\Src\stm32f1xx_hal_tim.o
 .debug_ranges  0x00000828      0x128 Drivers\STM32F1xx_HAL_Driver\Src\stm32f1xx_hal_tim_ex.o
 .debug_ranges  0x00000950       0x40 Src\Accel.o
 .debug_ranges  0x00000990       0x10 Src\PID.o
 .debug_ranges  0x000009a0       0x38 Src\Usart.o
 .debug_ranges  0x000009d8       0x10 Src\flightcontrol.o
 .debug_ranges  0x000009e8       0x10 Src\fonts.o
 .debug_ranges  0x000009f8       0x28 Src\fuzzy.o
 .debug_ranges  0x00000a20       0x10 Src\gpio.o
 .debug_ranges  0x00000a30       0x28 Src\i2c.o
 .debug_ranges  0x00000a58       0x28 Src\main.o
 .debug_ranges  0x00000a80       0xc0 Src\ssd1306.o
 .debug_ranges  0x00000b40       0x10 Src\stm32f1xx_hal_msp.o
 .debug_ranges  0x00000b50       0x60 Src\stm32f1xx_it.o
 .debug_ranges  0x00000bb0       0x18 Src\system_stm32f1xx.o
 .debug_ranges  0x00000bc8       0x38 Src\tim.o
 .debug_ranges  0x00000c00       0x20 startup\startup_stm32f103xb.o

.debug_line     0x00000000     0x732c
 .debug_line    0x00000000      0x458 Drivers\STM32F1xx_HAL_Driver\Src\stm32f1xx_hal.o
 .debug_line    0x00000458      0x53f Drivers\STM32F1xx_HAL_Driver\Src\stm32f1xx_hal_cortex.o
 .debug_line    0x00000997      0x4b7 Drivers\STM32F1xx_HAL_Driver\Src\stm32f1xx_hal_gpio.o
 .debug_line    0x00000e4e     0x139e Drivers\STM32F1xx_HAL_Driver\Src\stm32f1xx_hal_i2c.o
 .debug_line    0x000021ec      0x5a9 Drivers\STM32F1xx_HAL_Driver\Src\stm32f1xx_hal_rcc.o
 .debug_line    0x00002795     0x125f Drivers\STM32F1xx_HAL_Driver\Src\stm32f1xx_hal_tim.o
 .debug_line    0x000039f4      0x86c Drivers\STM32F1xx_HAL_Driver\Src\stm32f1xx_hal_tim_ex.o
 .debug_line    0x00004260      0x41b Src\Accel.o
 .debug_line    0x0000467b      0x13b Src\PID.o
 .debug_line    0x000047b6      0x2e2 Src\Usart.o
 .debug_line    0x00004a98      0x4c1 Src\flightcontrol.o
 .debug_line    0x00004f59      0x272 Src\fonts.o
 .debug_line    0x000051cb      0x2be Src\fuzzy.o
 .debug_line    0x00005489      0x26f Src\gpio.o
 .debug_line    0x000056f8      0x340 Src\i2c.o
 .debug_line    0x00005a38      0x448 Src\main.o
 .debug_line    0x00005e80      0x730 Src\ssd1306.o
 .debug_line    0x000065b0      0x27d Src\stm32f1xx_hal_msp.o
 .debug_line    0x0000682d      0x407 Src\stm32f1xx_it.o
 .debug_line    0x00006c34      0x2c6 Src\system_stm32f1xx.o
 .debug_line    0x00006efa      0x3b5 Src\tim.o
 .debug_line    0x000072af       0x7d startup\startup_stm32f103xb.o

.debug_str      0x00000000     0x3c80
 .debug_str     0x00000000      0xb7b Drivers\STM32F1xx_HAL_Driver\Src\stm32f1xx_hal.o
                                0xc1c (size before relaxing)
 .debug_str     0x00000b7b      0x326 Drivers\STM32F1xx_HAL_Driver\Src\stm32f1xx_hal_cortex.o
                                0xd89 (size before relaxing)
 .debug_str     0x00000ea1      0x1cb Drivers\STM32F1xx_HAL_Driver\Src\stm32f1xx_hal_gpio.o
                                0x8f6 (size before relaxing)
 .debug_str     0x0000106c      0xc15 Drivers\STM32F1xx_HAL_Driver\Src\stm32f1xx_hal_i2c.o
                               0x1349 (size before relaxing)
 .debug_str     0x00001c81      0x314 Drivers\STM32F1xx_HAL_Driver\Src\stm32f1xx_hal_rcc.o
                                0xaa6 (size before relaxing)
 .debug_str     0x00001f95      0xed7 Drivers\STM32F1xx_HAL_Driver\Src\stm32f1xx_hal_tim.o
                               0x17d0 (size before relaxing)
 .debug_str     0x00002e6c      0x527 Drivers\STM32F1xx_HAL_Driver\Src\stm32f1xx_hal_tim_ex.o
                               0x106d (size before relaxing)
 .debug_str     0x00003393      0x179 Src\Accel.o
                                0xcc2 (size before relaxing)
 .debug_str     0x0000350c       0x4a Src\PID.o
                                0x1db (size before relaxing)
 .debug_str     0x00003556       0x55 Src\Usart.o
                                0xa9e (size before relaxing)
 .debug_str     0x000035ab      0x100 Src\flightcontrol.o
                                0xcee (size before relaxing)
 .debug_str     0x000036ab       0x7c Src\fonts.o
                                0x712 (size before relaxing)
 .debug_str     0x00003727       0x52 Src\fuzzy.o
                                0x684 (size before relaxing)
 .debug_str     0x00003779       0x1b Src\gpio.o
                                0x6d0 (size before relaxing)
 .debug_str     0x00003794       0x41 Src\i2c.o
                                0xbe7 (size before relaxing)
 .debug_str     0x000037d5       0x81 Src\main.o
                               0x107f (size before relaxing)
 .debug_str     0x00003856      0x282 Src\ssd1306.o
                                0xdfa (size before relaxing)
 .debug_str     0x00003ad8       0x1b Src\stm32f1xx_hal_msp.o
                                0x70a (size before relaxing)
 .debug_str     0x00003af3       0xd5 Src\stm32f1xx_it.o
                                0xbcd (size before relaxing)
 .debug_str     0x00003bc8       0x4d Src\system_stm32f1xx.o
                                0x75f (size before relaxing)
 .debug_str     0x00003c15       0x6b Src\tim.o
                                0xf66 (size before relaxing)

.comment        0x00000000       0x7c
 .comment       0x00000000       0x7c Drivers\STM32F1xx_HAL_Driver\Src\stm32f1xx_hal.o
                                 0x7d (size before relaxing)
 .comment       0x0000007c       0x7d Drivers\STM32F1xx_HAL_Driver\Src\stm32f1xx_hal_cortex.o
 .comment       0x0000007c       0x7d Drivers\STM32F1xx_HAL_Driver\Src\stm32f1xx_hal_gpio.o
 .comment       0x0000007c       0x7d Drivers\STM32F1xx_HAL_Driver\Src\stm32f1xx_hal_i2c.o
 .comment       0x0000007c       0x7d Drivers\STM32F1xx_HAL_Driver\Src\stm32f1xx_hal_rcc.o
 .comment       0x0000007c       0x7d Drivers\STM32F1xx_HAL_Driver\Src\stm32f1xx_hal_tim.o
 .comment       0x0000007c       0x7d Drivers\STM32F1xx_HAL_Driver\Src\stm32f1xx_hal_tim_ex.o
 .comment       0x0000007c       0x7d Src\Accel.o
 .comment       0x0000007c       0x7d Src\PID.o
 .comment       0x0000007c       0x7d Src\Usart.o
 .comment       0x0000007c       0x7d Src\flightcontrol.o
 .comment       0x0000007c       0x7d Src\fonts.o
 .comment       0x0000007c       0x7d Src\fuzzy.o
 .comment       0x0000007c       0x7d Src\gpio.o
 .comment       0x0000007c       0x7d Src\i2c.o
 .comment       0x0000007c       0x7d Src\main.o
 .comment       0x0000007c       0x7d Src\ssd1306.o
 .comment       0x0000007c       0x7d Src\stm32f1xx_hal_msp.o
 .comment       0x0000007c       0x7d Src\stm32f1xx_it.o
 .comment       0x0000007c       0x7d Src\system_stm32f1xx.o
 .comment       0x0000007c       0x7d Src\tim.o

.debug_frame    0x00000000     0x3ba4
 .debug_frame   0x00000000      0x2fc Drivers\STM32F1xx_HAL_Driver\Src\stm32f1xx_hal.o
 .debug_frame   0x000002fc      0x428 Drivers\STM32F1xx_HAL_Driver\Src\stm32f1xx_hal_cortex.o
 .debug_frame   0x00000724      0x14c Drivers\STM32F1xx_HAL_Driver\Src\stm32f1xx_hal_gpio.o
 .debug_frame   0x00000870      0xb30 Drivers\STM32F1xx_HAL_Driver\Src\stm32f1xx_hal_i2c.o
 .debug_frame   0x000013a0      0x21c Drivers\STM32F1xx_HAL_Driver\Src\stm32f1xx_hal_rcc.o
 .debug_frame   0x000015bc      0xfb4 Drivers\STM32F1xx_HAL_Driver\Src\stm32f1xx_hal_tim.o
 .debug_frame   0x00002570      0x54c Drivers\STM32F1xx_HAL_Driver\Src\stm32f1xx_hal_tim_ex.o
 .debug_frame   0x00002abc      0x124 Src\Accel.o
 .debug_frame   0x00002be0       0x38 Src\PID.o
 .debug_frame   0x00002c18       0xe8 Src\Usart.o
 .debug_frame   0x00002d00       0x38 Src\flightcontrol.o
 .debug_frame   0x00002d38       0x38 Src\fonts.o
 .debug_frame   0x00002d70       0xa4 Src\fuzzy.o
 .debug_frame   0x00002e14       0x38 Src\gpio.o
 .debug_frame   0x00002e4c       0x90 Src\i2c.o
 .debug_frame   0x00002edc       0x98 Src\main.o
 .debug_frame   0x00002f74      0x37c Src\ssd1306.o
 .debug_frame   0x000032f0       0x38 Src\stm32f1xx_hal_msp.o
 .debug_frame   0x00003328      0x148 Src\stm32f1xx_it.o
 .debug_frame   0x00003470       0x58 Src\system_stm32f1xx.o
 .debug_frame   0x000034c8       0xe8 Src\tim.o
 .debug_frame   0x000035b0       0x2c c:/program files (x86)/atollic/truestudio for stm32 9.0.1/armtools/bin/../lib/gcc/arm-atollic-eabi/6.3.1/../../../../arm-atollic-eabi/lib/armv7-m\libc_nano.a(lib_a-init.o)
 .debug_frame   0x000035dc       0x20 c:/program files (x86)/atollic/truestudio for stm32 9.0.1/armtools/bin/../lib/gcc/arm-atollic-eabi/6.3.1/../../../../arm-atollic-eabi/lib/armv7-m\libc_nano.a(lib_a-memset.o)
 .debug_frame   0x000035fc       0x20 c:/program files (x86)/atollic/truestudio for stm32 9.0.1/armtools/bin/../lib/gcc/arm-atollic-eabi/6.3.1/../../../../arm-atollic-eabi/lib/armv7-m\libm.a(lib_a-w_atan2.o)
 .debug_frame   0x0000361c       0x40 c:/program files (x86)/atollic/truestudio for stm32 9.0.1/armtools/bin/../lib/gcc/arm-atollic-eabi/6.3.1/../../../../arm-atollic-eabi/lib/armv7-m\libm.a(lib_a-w_pow.o)
 .debug_frame   0x0000365c       0x40 c:/program files (x86)/atollic/truestudio for stm32 9.0.1/armtools/bin/../lib/gcc/arm-atollic-eabi/6.3.1/../../../../arm-atollic-eabi/lib/armv7-m\libm.a(lib_a-w_sqrt.o)
 .debug_frame   0x0000369c       0x48 c:/program files (x86)/atollic/truestudio for stm32 9.0.1/armtools/bin/../lib/gcc/arm-atollic-eabi/6.3.1/../../../../arm-atollic-eabi/lib/armv7-m\libm.a(lib_a-e_atan2.o)
 .debug_frame   0x000036e4       0x64 c:/program files (x86)/atollic/truestudio for stm32 9.0.1/armtools/bin/../lib/gcc/arm-atollic-eabi/6.3.1/../../../../arm-atollic-eabi/lib/armv7-m\libm.a(lib_a-e_pow.o)
 .debug_frame   0x00003748       0x30 c:/program files (x86)/atollic/truestudio for stm32 9.0.1/armtools/bin/../lib/gcc/arm-atollic-eabi/6.3.1/../../../../arm-atollic-eabi/lib/armv7-m\libm.a(lib_a-e_sqrt.o)
 .debug_frame   0x00003778       0x38 c:/program files (x86)/atollic/truestudio for stm32 9.0.1/armtools/bin/../lib/gcc/arm-atollic-eabi/6.3.1/../../../../arm-atollic-eabi/lib/armv7-m\libm.a(lib_a-s_atan.o)
 .debug_frame   0x000037b0       0x20 c:/program files (x86)/atollic/truestudio for stm32 9.0.1/armtools/bin/../lib/gcc/arm-atollic-eabi/6.3.1/../../../../arm-atollic-eabi/lib/armv7-m\libm.a(lib_a-s_fabs.o)
 .debug_frame   0x000037d0       0x20 c:/program files (x86)/atollic/truestudio for stm32 9.0.1/armtools/bin/../lib/gcc/arm-atollic-eabi/6.3.1/../../../../arm-atollic-eabi/lib/armv7-m\libm.a(lib_a-s_finite.o)
 .debug_frame   0x000037f0       0x20 c:/program files (x86)/atollic/truestudio for stm32 9.0.1/armtools/bin/../lib/gcc/arm-atollic-eabi/6.3.1/../../../../arm-atollic-eabi/lib/armv7-m\libm.a(lib_a-s_matherr.o)
 .debug_frame   0x00003810       0x20 c:/program files (x86)/atollic/truestudio for stm32 9.0.1/armtools/bin/../lib/gcc/arm-atollic-eabi/6.3.1/../../../../arm-atollic-eabi/lib/armv7-m\libm.a(lib_a-s_nan.o)
 .debug_frame   0x00003830       0x34 c:/program files (x86)/atollic/truestudio for stm32 9.0.1/armtools/bin/../lib/gcc/arm-atollic-eabi/6.3.1/../../../../arm-atollic-eabi/lib/armv7-m\libm.a(lib_a-s_rint.o)
 .debug_frame   0x00003864       0x30 c:/program files (x86)/atollic/truestudio for stm32 9.0.1/armtools/bin/../lib/gcc/arm-atollic-eabi/6.3.1/../../../../arm-atollic-eabi/lib/armv7-m\libm.a(lib_a-s_scalbn.o)
 .debug_frame   0x00003894       0x20 c:/program files (x86)/atollic/truestudio for stm32 9.0.1/armtools/bin/../lib/gcc/arm-atollic-eabi/6.3.1/../../../../arm-atollic-eabi/lib/armv7-m\libm.a(lib_a-s_copysign.o)
 .debug_frame   0x000038b4       0x20 c:/program files (x86)/atollic/truestudio for stm32 9.0.1/armtools/bin/../lib/gcc/arm-atollic-eabi/6.3.1/../../../../arm-atollic-eabi/lib/armv7-m\libc_nano.a(lib_a-errno.o)
 .debug_frame   0x000038d4       0xac c:/program files (x86)/atollic/truestudio for stm32 9.0.1/armtools/bin/../lib/gcc/arm-atollic-eabi/6.3.1/armv7-m\libgcc.a(_arm_addsubdf3.o)
 .debug_frame   0x00003980       0x50 c:/program files (x86)/atollic/truestudio for stm32 9.0.1/armtools/bin/../lib/gcc/arm-atollic-eabi/6.3.1/armv7-m\libgcc.a(_arm_muldivdf3.o)
 .debug_frame   0x000039d0       0xc4 c:/program files (x86)/atollic/truestudio for stm32 9.0.1/armtools/bin/../lib/gcc/arm-atollic-eabi/6.3.1/armv7-m\libgcc.a(_arm_cmpdf2.o)
 .debug_frame   0x00003a94       0x20 c:/program files (x86)/atollic/truestudio for stm32 9.0.1/armtools/bin/../lib/gcc/arm-atollic-eabi/6.3.1/armv7-m\libgcc.a(_arm_unorddf2.o)
 .debug_frame   0x00003ab4       0x24 c:/program files (x86)/atollic/truestudio for stm32 9.0.1/armtools/bin/../lib/gcc/arm-atollic-eabi/6.3.1/armv7-m\libgcc.a(_arm_fixdfsi.o)
 .debug_frame   0x00003ad8       0x24 c:/program files (x86)/atollic/truestudio for stm32 9.0.1/armtools/bin/../lib/gcc/arm-atollic-eabi/6.3.1/armv7-m\libgcc.a(_arm_fixunsdfsi.o)
 .debug_frame   0x00003afc       0x4c c:/program files (x86)/atollic/truestudio for stm32 9.0.1/armtools/bin/../lib/gcc/arm-atollic-eabi/6.3.1/armv7-m\libgcc.a(_arm_addsubsf3.o)
 .debug_frame   0x00003b48       0x38 c:/program files (x86)/atollic/truestudio for stm32 9.0.1/armtools/bin/../lib/gcc/arm-atollic-eabi/6.3.1/armv7-m\libgcc.a(_arm_muldivsf3.o)
 .debug_frame   0x00003b80       0x24 c:/program files (x86)/atollic/truestudio for stm32 9.0.1/armtools/bin/../lib/gcc/arm-atollic-eabi/6.3.1/armv7-m\libgcc.a(_arm_fixsfsi.o)
