ssd1306.c:105:6:SSD1306_UpdateScreen	16	static
ssd1306.c:110:6:SSD1306_ToggleInvert	0	static
ssd1306.c:122:6:SSD1306_Fill	0	static
ssd1306.c:127:6:SSD1306_DrawPixel	8	static
ssd1306.c:149:6:SSD1306_GotoXY	0	static
ssd1306.c:155:6:SSD1306_Putc	32	static
ssd1306.c:178:6:SSD1306_Puts	16	static
ssd1306.c:196:6:SSD1306_DrawLine	56	static
ssd1306.c:280:6:SSD1306_DrawRectangle	32	static
ssd1306.c:305:6:SSD1306_DrawFilledRectangle	40	static
ssd1306.c:332:6:SSD1306_DrawFilledRectangle_Part	48	static
ssd1306.c:369:6:SSD1306_DrawTriangle	40	static
ssd1306.c:377:6:SSD1306_DrawFilledTriangle	80	static
ssd1306.c:433:6:SSD1306_DrawCircle	72	static
ssd1306.c:467:6:SSD1306_DrawFilledCircle	72	static
ssd1306.c:498:6:ssd1306_image	40	static
ssd1306.c:538:6:ssd1306_I2C_Init	0	static
ssd1306.c:550:6:ssd1306_I2C_WriteMulti	24	dynamic
ssd1306.c:560:6:ssd1306_I2C_WriteMulti_DMA	40	static
ssd1306.c:566:6:ssd1306_I2C_Write	24	static
ssd1306.c:42:9:SSD1306_Init	8	static
ssd1306.c:517:6:SSD1306_ON	8	static
ssd1306.c:522:6:SSD1306_OFF	8	static
